Archive member included to satisfy reference by file (symbol)

C:/ST/STM32CubeIDE_1.16.0/STM32CubeIDE/plugins/com.st.stm32cube.ide.mcu.externaltools.gnu-tools-for-stm32.12.3.rel1.win32_1.0.200.202406191623/tools/bin/../lib/gcc/arm-none-eabi/12.3.1/../../../../arm-none-eabi/lib/thumb/v7e-m+fp/hard\libc_nano.a(libc_a-exit.o)
                              C:/ST/STM32CubeIDE_1.16.0/STM32CubeIDE/plugins/com.st.stm32cube.ide.mcu.externaltools.gnu-tools-for-stm32.12.3.rel1.win32_1.0.200.202406191623/tools/bin/../lib/gcc/arm-none-eabi/12.3.1/../../../../arm-none-eabi/lib/thumb/v7e-m+fp/hard/crt0.o (exit)
C:/ST/STM32CubeIDE_1.16.0/STM32CubeIDE/plugins/com.st.stm32cube.ide.mcu.externaltools.gnu-tools-for-stm32.12.3.rel1.win32_1.0.200.202406191623/tools/bin/../lib/gcc/arm-none-eabi/12.3.1/../../../../arm-none-eabi/lib/thumb/v7e-m+fp/hard\libc_nano.a(libc_a-malloc.o)
                              ./Middlewares/ST/STM32_USB_Host_Library/Class/HID/Src/usbh_hid.o (malloc)
C:/ST/STM32CubeIDE_1.16.0/STM32CubeIDE/plugins/com.st.stm32cube.ide.mcu.externaltools.gnu-tools-for-stm32.12.3.rel1.win32_1.0.200.202406191623/tools/bin/../lib/gcc/arm-none-eabi/12.3.1/../../../../arm-none-eabi/lib/thumb/v7e-m+fp/hard\libc_nano.a(libc_a-mallocr.o)
                              C:/ST/STM32CubeIDE_1.16.0/STM32CubeIDE/plugins/com.st.stm32cube.ide.mcu.externaltools.gnu-tools-for-stm32.12.3.rel1.win32_1.0.200.202406191623/tools/bin/../lib/gcc/arm-none-eabi/12.3.1/../../../../arm-none-eabi/lib/thumb/v7e-m+fp/hard\libc_nano.a(libc_a-malloc.o) (_malloc_r)
C:/ST/STM32CubeIDE_1.16.0/STM32CubeIDE/plugins/com.st.stm32cube.ide.mcu.externaltools.gnu-tools-for-stm32.12.3.rel1.win32_1.0.200.202406191623/tools/bin/../lib/gcc/arm-none-eabi/12.3.1/../../../../arm-none-eabi/lib/thumb/v7e-m+fp/hard\libc_nano.a(libc_a-mlock.o)
                              C:/ST/STM32CubeIDE_1.16.0/STM32CubeIDE/plugins/com.st.stm32cube.ide.mcu.externaltools.gnu-tools-for-stm32.12.3.rel1.win32_1.0.200.202406191623/tools/bin/../lib/gcc/arm-none-eabi/12.3.1/../../../../arm-none-eabi/lib/thumb/v7e-m+fp/hard\libc_nano.a(libc_a-mallocr.o) (__malloc_lock)
C:/ST/STM32CubeIDE_1.16.0/STM32CubeIDE/plugins/com.st.stm32cube.ide.mcu.externaltools.gnu-tools-for-stm32.12.3.rel1.win32_1.0.200.202406191623/tools/bin/../lib/gcc/arm-none-eabi/12.3.1/../../../../arm-none-eabi/lib/thumb/v7e-m+fp/hard\libc_nano.a(libc_a-findfp.o)
                              ./Middlewares/Third_Party/FreeRTOS/Source/tasks.o (__sf)
C:/ST/STM32CubeIDE_1.16.0/STM32CubeIDE/plugins/com.st.stm32cube.ide.mcu.externaltools.gnu-tools-for-stm32.12.3.rel1.win32_1.0.200.202406191623/tools/bin/../lib/gcc/arm-none-eabi/12.3.1/../../../../arm-none-eabi/lib/thumb/v7e-m+fp/hard\libc_nano.a(libc_a-fwalk.o)
                              C:/ST/STM32CubeIDE_1.16.0/STM32CubeIDE/plugins/com.st.stm32cube.ide.mcu.externaltools.gnu-tools-for-stm32.12.3.rel1.win32_1.0.200.202406191623/tools/bin/../lib/gcc/arm-none-eabi/12.3.1/../../../../arm-none-eabi/lib/thumb/v7e-m+fp/hard\libc_nano.a(libc_a-findfp.o) (_fwalk_sglue)
C:/ST/STM32CubeIDE_1.16.0/STM32CubeIDE/plugins/com.st.stm32cube.ide.mcu.externaltools.gnu-tools-for-stm32.12.3.rel1.win32_1.0.200.202406191623/tools/bin/../lib/gcc/arm-none-eabi/12.3.1/../../../../arm-none-eabi/lib/thumb/v7e-m+fp/hard\libc_nano.a(libc_a-printf.o)
                              ./Middlewares/ST/STM32_USB_Host_Library/Class/HID/Src/usbh_hid.o (printf)
C:/ST/STM32CubeIDE_1.16.0/STM32CubeIDE/plugins/com.st.stm32cube.ide.mcu.externaltools.gnu-tools-for-stm32.12.3.rel1.win32_1.0.200.202406191623/tools/bin/../lib/gcc/arm-none-eabi/12.3.1/../../../../arm-none-eabi/lib/thumb/v7e-m+fp/hard\libc_nano.a(libc_a-putchar.o)
                              ./Middlewares/ST/STM32_USB_Host_Library/Class/HID/Src/usbh_hid.o (putchar)
C:/ST/STM32CubeIDE_1.16.0/STM32CubeIDE/plugins/com.st.stm32cube.ide.mcu.externaltools.gnu-tools-for-stm32.12.3.rel1.win32_1.0.200.202406191623/tools/bin/../lib/gcc/arm-none-eabi/12.3.1/../../../../arm-none-eabi/lib/thumb/v7e-m+fp/hard\libc_nano.a(libc_a-stdio.o)
                              C:/ST/STM32CubeIDE_1.16.0/STM32CubeIDE/plugins/com.st.stm32cube.ide.mcu.externaltools.gnu-tools-for-stm32.12.3.rel1.win32_1.0.200.202406191623/tools/bin/../lib/gcc/arm-none-eabi/12.3.1/../../../../arm-none-eabi/lib/thumb/v7e-m+fp/hard\libc_nano.a(libc_a-findfp.o) (__sread)
C:/ST/STM32CubeIDE_1.16.0/STM32CubeIDE/plugins/com.st.stm32cube.ide.mcu.externaltools.gnu-tools-for-stm32.12.3.rel1.win32_1.0.200.202406191623/tools/bin/../lib/gcc/arm-none-eabi/12.3.1/../../../../arm-none-eabi/lib/thumb/v7e-m+fp/hard\libc_nano.a(libc_a-memset.o)
                              C:/ST/STM32CubeIDE_1.16.0/STM32CubeIDE/plugins/com.st.stm32cube.ide.mcu.externaltools.gnu-tools-for-stm32.12.3.rel1.win32_1.0.200.202406191623/tools/bin/../lib/gcc/arm-none-eabi/12.3.1/../../../../arm-none-eabi/lib/thumb/v7e-m+fp/hard/crt0.o (memset)
[...]
Memory Configuration

Name             Origin             Length             Attributes
RAM              0x20000000         0x00050000         xrw
FLASH            0x08000000         0x00180000         xr
*default*        0x00000000         0xffffffff

Linker script and memory map

LOAD C:/ST/STM32CubeIDE_1.16.0/STM32CubeIDE/plugins/com.st.stm32cube.ide.mcu.externaltools.gnu-tools-for-stm32.12.3.rel1.win32_1.0.200.202406191623/tools/bin/../lib/gcc/arm-none-eabi/12.3.1/thumb/v7e-m+fp/hard/crti.o
LOAD C:/ST/STM32CubeIDE_1.16.0/STM32CubeIDE/plugins/com.st.stm32cube.ide.mcu.externaltools.gnu-tools-for-stm32.12.3.rel1.win32_1.0.200.202406191623/tools/bin/../lib/gcc/arm-none-eabi/12.3.1/thumb/v7e-m+fp/hard/crtbegin.o
LOAD C:/ST/STM32CubeIDE_1.16.0/STM32CubeIDE/plugins/com.st.stm32cube.ide.mcu.externaltools.gnu-tools-for-stm32.12.3.rel1.win32_1.0.200.202406191623/tools/bin/../lib/gcc/arm-none-eabi/12.3.1/../../../../arm-none-eabi/lib/thumb/v7e-m+fp/hard/crt0.o
LOAD ./Core/Src/freertos.o
LOAD ./Core/Src/main.o
LOAD ./Core/Src/stm32f4xx_hal_msp.o
LOAD ./Core/Src/stm32f4xx_hal_timebase_tim.o
LOAD ./Core/Src/stm32f4xx_it.o
LOAD ./Core/Src/syscalls.o
LOAD ./Core/Src/sysmem.o
LOAD ./Core/Src/system_stm32f4xx.o
LOAD ./Core/Startup/startup_stm32f413zhtx.o
LOAD ./Drivers/STM32F4xx_HAL_Driver/Src/stm32f4xx_hal.o
LOAD ./Drivers/STM32F4xx_HAL_Driver/Src/stm32f4xx_hal_cortex.o
LOAD ./Drivers/STM32F4xx_HAL_Driver/Src/stm32f4xx_hal_dma.o
LOAD ./Drivers/STM32F4xx_HAL_Driver/Src/stm32f4xx_hal_dma_ex.o
LOAD ./Drivers/STM32F4xx_HAL_Driver/Src/stm32f4xx_hal_exti.o
LOAD ./Drivers/STM32F4xx_HAL_Driver/Src/stm32f4xx_hal_flash.o
LOAD ./Drivers/STM32F4xx_HAL_Driver/Src/stm32f4xx_hal_flash_ex.o
LOAD ./Drivers/STM32F4xx_HAL_Driver/Src/stm32f4xx_hal_flash_ramfunc.o
LOAD ./Drivers/STM32F4xx_HAL_Driver/Src/stm32f4xx_hal_gpio.o
LOAD ./Drivers/STM32F4xx_HAL_Driver/Src/stm32f4xx_hal_hcd.o
LOAD ./Drivers/STM32F4xx_HAL_Driver/Src/stm32f4xx_hal_pwr.o
LOAD ./Drivers/STM32F4xx_HAL_Driver/Src/stm32f4xx_hal_pwr_ex.o
LOAD ./Drivers/STM32F4xx_HAL_Driver/Src/stm32f4xx_hal_rcc.o
LOAD ./Drivers/STM32F4xx_HAL_Driver/Src/stm32f4xx_hal_rcc_ex.o
LOAD ./Drivers/STM32F4xx_HAL_Driver/Src/stm32f4xx_hal_tim.o
LOAD ./Drivers/STM32F4xx_HAL_Driver/Src/stm32f4xx_hal_tim_ex.o
LOAD ./Drivers/STM32F4xx_HAL_Driver/Src/stm32f4xx_hal_uart.o
LOAD ./Drivers/STM32F4xx_HAL_Driver/Src/stm32f4xx_ll_usb.o
LOAD ./Middlewares/ST/STM32_USB_Host_Library/Class/HID/Src/usbh_hid.o
LOAD ./Middlewares/ST/STM32_USB_Host_Library/Class/HID/Src/usbh_hid_keybd.o
LOAD ./Middlewares/ST/STM32_USB_Host_Library/Class/HID/Src/usbh_hid_mouse.o
LOAD ./Middlewares/ST/STM32_USB_Host_Library/Class/HID/Src/usbh_hid_parser.o
LOAD ./Middlewares/ST/STM32_USB_Host_Library/Core/Src/usbh_core.o
LOAD ./Middlewares/ST/STM32_USB_Host_Library/Core/Src/usbh_ctlreq.o
LOAD ./Middlewares/ST/STM32_USB_Host_Library/Core/Src/usbh_ioreq.o
LOAD ./Middlewares/ST/STM32_USB_Host_Library/Core/Src/usbh_pipes.o
LOAD ./Middlewares/Third_Party/FreeRTOS/Source/CMSIS_RTOS_V2/cmsis_os2.o
LOAD ./Middlewares/Third_Party/FreeRTOS/Source/croutine.o
LOAD ./Middlewares/Third_Party/FreeRTOS/Source/event_groups.o
LOAD ./Middlewares/Third_Party/FreeRTOS/Source/list.o
LOAD ./Middlewares/Third_Party/FreeRTOS/Source/queue.o
LOAD ./Middlewares/Third_Party/FreeRTOS/Source/stream_buffer.o
LOAD ./Middlewares/Third_Party/FreeRTOS/Source/tasks.o
LOAD ./Middlewares/Third_Party/FreeRTOS/Source/timers.o
LOAD ./Middlewares/Third_Party/FreeRTOS/Source/portable/GCC/ARM_CM4F/port.o
LOAD ./Middlewares/Third_Party/FreeRTOS/Source/portable/MemMang/heap_4.o
LOAD ./USB_HOST/App/usb_host.o
LOAD ./USB_HOST/Target/usbh_conf.o
LOAD ./USB_HOST/Target/usbh_platform.o
START GROUP
LOAD C:/ST/STM32CubeIDE_1.16.0/STM32CubeIDE/plugins/com.st.stm32cube.ide.mcu.externaltools.gnu-tools-for-stm32.12.3.rel1.win32_1.0.200.202406191623/tools/bin/../lib/gcc/arm-none-eabi/12.3.1/../../../../arm-none-eabi/lib/thumb/v7e-m+fp/hard\libc_nano.a
LOAD C:/ST/STM32CubeIDE_1.16.0/STM32CubeIDE/plugins/com.st.stm32cube.ide.mcu.externaltools.gnu-tools-for-stm32.12.3.rel1.win32_1.0.200.202406191623/tools/bin/../lib/gcc/arm-none-eabi/12.3.1/../../../../arm-none-eabi/lib/thumb/v7e-m+fp/hard\libm.a
END GROUP
START GROUP
LOAD C:/ST/STM32CubeIDE_1.16.0/STM32CubeIDE/plugins/com.st.stm32cube.ide.mcu.externaltools.gnu-tools-for-stm32.12.3.rel1.win32_1.0.200.202406191623/tools/bin/../lib/gcc/arm-none-eabi/12.3.1/thumb/v7e-m+fp/hard\libgcc.a
LOAD C:/ST/STM32CubeIDE_1.16.0/STM32CubeIDE/plugins/com.st.stm32cube.ide.mcu.externaltools.gnu-tools-for-stm32.12.3.rel1.win32_1.0.200.202406191623/tools/bin/../lib/gcc/arm-none-eabi/12.3.1/../../../../arm-none-eabi/lib/thumb/v7e-m+fp/hard\libc_nano.a
END GROUP
START GROUP
LOAD C:/ST/STM32CubeIDE_1.16.0/STM32CubeIDE/plugins/com.st.stm32cube.ide.mcu.externaltools.gnu-tools-for-stm32.12.3.rel1.win32_1.0.200.202406191623/tools/bin/../lib/gcc/arm-none-eabi/12.3.1/thumb/v7e-m+fp/hard\libgcc.a
LOAD C:/ST/STM32CubeIDE_1.16.0/STM32CubeIDE/plugins/com.st.stm32cube.ide.mcu.externaltools.gnu-tools-for-stm32.12.3.rel1.win32_1.0.200.202406191623/tools/bin/../lib/gcc/arm-none-eabi/12.3.1/../../../../arm-none-eabi/lib/thumb/v7e-m+fp/hard\libc_nano.a
LOAD C:/ST/STM32CubeIDE_1.16.0/STM32CubeIDE/plugins/com.st.stm32cube.ide.mcu.externaltools.gnu-tools-for-stm32.12.3.rel1.win32_1.0.200.202406191623/tools/bin/../lib/gcc/arm-none-eabi/12.3.1/../../../../arm-none-eabi/lib/thumb/v7e-m+fp/hard\libnosys.a
END GROUP
START GROUP
LOAD C:/ST/STM32CubeIDE_1.16.0/STM32CubeIDE/plugins/com.st.stm32cube.ide.mcu.externaltools.gnu-tools-for-stm32.12.3.rel1.win32_1.0.200.202406191623/tools/bin/../lib/gcc/arm-none-eabi/12.3.1/thumb/v7e-m+fp/hard\libgcc.a
LOAD C:/ST/STM32CubeIDE_1.16.0/STM32CubeIDE/plugins/com.st.stm32cube.ide.mcu.externaltools.gnu-tools-for-stm32.12.3.rel1.win32_1.0.200.202406191623/tools/bin/../lib/gcc/arm-none-eabi/12.3.1/../../../../arm-none-eabi/lib/thumb/v7e-m+fp/hard\libc_nano.a
LOAD C:/ST/STM32CubeIDE_1.16.0/STM32CubeIDE/plugins/com.st.stm32cube.ide.mcu.externaltools.gnu-tools-for-stm32.12.3.rel1.win32_1.0.200.202406191623/tools/bin/../lib/gcc/arm-none-eabi/12.3.1/../../../../arm-none-eabi/lib/thumb/v7e-m+fp/hard\libnosys.a
END GROUP
LOAD C:/ST/STM32CubeIDE_1.16.0/STM32CubeIDE/plugins/com.st.stm32cube.ide.mcu.externaltools.gnu-tools-for-stm32.12.3.rel1.win32_1.0.200.202406191623/tools/bin/../lib/gcc/arm-none-eabi/12.3.1/thumb/v7e-m+fp/hard/crtend.o
LOAD C:/ST/STM32CubeIDE_1.16.0/STM32CubeIDE/plugins/com.st.stm32cube.ide.mcu.externaltools.gnu-tools-for-stm32.12.3.rel1.win32_1.0.200.202406191623/tools/bin/../lib/gcc/arm-none-eabi/12.3.1/thumb/v7e-m+fp/hard/crtn.o
                0x20050000                        _estack = (ORIGIN (RAM) + LENGTH (RAM))
                0x00000200                        _Min_Heap_Size = 0x200
                0x00000400                        _Min_Stack_Size = 0x400

.isr_vector     0x08000000      0x1d8
                0x08000000                        . = ALIGN (0x4)
 *(.isr_vector)
 .isr_vector    0x08000000      0x1d8 ./Core/Startup/startup_stm32f413zhtx.o
                0x08000000                g_pfnVectors
                0x080001d8                        . = ALIGN (0x4)

.text           0x080001e0    0x103a0
                0x080001e0                        . = ALIGN (0x4)
 *(.text)
 .text          0x080001e0       0x40 C:/ST/STM32CubeIDE_1.16.0/STM32CubeIDE/plugins/com.st.stm32cube.ide.mcu.externaltools.gnu-tools-for-stm32.12.3.rel1.win32_1.0.200.202406191623/tools/bin/../lib/gcc/arm-none-eabi/12.3.1/thumb/v7e-m+fp/hard/crtbegin.o
 .text          0x08000220       0xa0 C:/ST/STM32CubeIDE_1.16.0/STM32CubeIDE/plugins/com.st.stm32cube.ide.mcu.externaltools.gnu-tools-for-stm32.12.3.rel1.win32_1.0.200.202406191623/tools/bin/../lib/gcc/arm-none-eabi/12.3.1/../../../../arm-none-eabi/lib/thumb/v7e-m+fp/hard\libc_nano.a(libc_a-memchr.o)
                0x08000220                memchr
 .text          0x080002c0       0x30 C:/ST/STM32CubeIDE_1.16.0/STM32CubeIDE/plugins/com.st.stm32cube.ide.mcu.externaltools.gnu-tools-for-stm32.12.3.rel1.win32_1.0.200.202406191623/tools/bin/../lib/gcc/arm-none-eabi/12.3.1/thumb/v7e-m+fp/hard\libgcc.a(_aeabi_uldivmod.o)
                0x080002c0                __aeabi_uldivmod
 .text          0x080002f0      0x2bc C:/ST/STM32CubeIDE_1.16.0/STM32CubeIDE/plugins/com.st.stm32cube.ide.mcu.externaltools.gnu-tools-for-stm32.12.3.rel1.win32_1.0.200.202406191623/tools/bin/../lib/gcc/arm-none-eabi/12.3.1/thumb/v7e-m+fp/hard\libgcc.a(_udivmoddi4.o)
                0x080002f0                __udivmoddi4
 .text          0x080005ac        0x4 C:/ST/STM32CubeIDE_1.16.0/STM32CubeIDE/plugins/com.st.stm32cube.ide.mcu.externaltools.gnu-tools-for-stm32.12.3.rel1.win32_1.0.200.202406191623/tools/bin/../lib/gcc/arm-none-eabi/12.3.1/thumb/v7e-m+fp/hard\libgcc.a(_dvmd_tls.o)
                0x080005ac                __aeabi_idiv0
                0x080005ac                __aeabi_ldiv0
 *(.text*)
 .text.USBH_HID_EventCallback
                0x080005b0       0x94 ./Core/Src/main.o
                0x080005b0                USBH_HID_EventCallback
 .text.pushEventIntoQueue
                0x08000644       0x28 ./Core/Src/main.o
                0x08000644                pushEventIntoQueue
 .text.checkDifferencesInJoySticks
                0x0800066c      0x410 ./Core/Src/main.o
                0x0800066c                checkDifferencesInJoySticks
 .text.main     0x08000a7c      0x138 ./Core/Src/main.o
                0x08000a7c                main
 .text.SystemClock_Config
                0x08000bb4       0xd8 ./Core/Src/main.o
                0x08000bb4                SystemClock_Config
 .text.MX_TIM1_Init
                0x08000c8c      0x104 ./Core/Src/main.o
 .text.MX_TIM3_Init
                0x08000d90       0xf0 ./Core/Src/main.o
 .text.MX_TIM5_Init
                0x08000e80       0xf0 ./Core/Src/main.o
 .text.MX_TIM11_Init
                0x08000f70       0x9c ./Core/Src/main.o
 .text.MX_USART3_UART_Init
                0x0800100c       0x54 ./Core/Src/main.o
 .text.MX_GPIO_Init
                0x08001060      0x214 ./Core/Src/main.o
 .text.HAL_UART_RxCpltCallback
                0x08001274       0x34 ./Core/Src/main.o
                0x08001274                HAL_UART_RxCpltCallback
 .text.StartDefaultTask
                0x080012a8       0x70 ./Core/Src/main.o
                0x080012a8                StartDefaultTask
 .text.uartRxDataManagement
                0x08001318       0x30 ./Core/Src/main.o
                0x08001318                uartRxDataManagement
 .text.controlMotor1Task
                0x08001348       0xac ./Core/Src/main.o
                0x08001348                controlMotor1Task
 .text.controlMotor2Task
                0x080013f4       0xbc ./Core/Src/main.o
                0x080013f4                controlMotor2Task
 .text.controlMotor3Task
                0x080014b0       0xa4 ./Core/Src/main.o
                0x080014b0                controlMotor3Task
 .text.funcM4   0x08001554       0x78 ./Core/Src/main.o
                0x08001554                funcM4
 .text.controlMotor4Task
                0x080015cc       0x38 ./Core/Src/main.o
                0x080015cc                controlMotor4Task
 .text.StartInputChangeTask
                0x08001604      0x330 ./Core/Src/main.o
                0x08001604                StartInputChangeTask
 .text.HAL_TIM_PeriodElapsedCallback
                0x08001934       0x30 ./Core/Src/main.o
                0x08001934                HAL_TIM_PeriodElapsedCallback
 .text.Error_Handler
                0x08001964        0xc ./Core/Src/main.o
                0x08001964                Error_Handler
 .text.HAL_MspInit
                0x08001970       0x58 ./Core/Src/stm32f4xx_hal_msp.o
                0x08001970                HAL_MspInit
 .text.HAL_TIM_PWM_MspInit
                0x080019c8       0x50 ./Core/Src/stm32f4xx_hal_msp.o
                0x080019c8                HAL_TIM_PWM_MspInit
 .text.HAL_TIM_Base_MspInit
                0x08001a18       0xc8 ./Core/Src/stm32f4xx_hal_msp.o
                0x08001a18                HAL_TIM_Base_MspInit
 .text.HAL_TIM_MspPostInit
                0x08001ae0      0x168 ./Core/Src/stm32f4xx_hal_msp.o
                0x08001ae0                HAL_TIM_MspPostInit
 .text.HAL_UART_MspInit
                0x08001c48       0xa0 ./Core/Src/stm32f4xx_hal_msp.o
                0x08001c48                HAL_UART_MspInit
 .text.HAL_InitTick
                0x08001ce8       0xf8 ./Core/Src/stm32f4xx_hal_timebase_tim.o
                0x08001ce8                HAL_InitTick
 .text.NMI_Handler
                0x08001de0        0x8 ./Core/Src/stm32f4xx_it.o
                0x08001de0                NMI_Handler
 .text.HardFault_Handler
                0x08001de8        0x8 ./Core/Src/stm32f4xx_it.o
                0x08001de8                HardFault_Handler
 .text.MemManage_Handler
                0x08001df0        0x8 ./Core/Src/stm32f4xx_it.o
                0x08001df0                MemManage_Handler
 .text.BusFault_Handler
                0x08001df8        0x8 ./Core/Src/stm32f4xx_it.o
                0x08001df8                BusFault_Handler
 .text.UsageFault_Handler
                0x08001e00        0x8 ./Core/Src/stm32f4xx_it.o
                0x08001e00                UsageFault_Handler
 .text.DebugMon_Handler
                0x08001e08        0xe ./Core/Src/stm32f4xx_it.o
                0x08001e08                DebugMon_Handler
 *fill*         0x08001e16        0x2 
 .text.TIM1_TRG_COM_TIM11_IRQHandler
                0x08001e18       0x1c ./Core/Src/stm32f4xx_it.o
                0x08001e18                TIM1_TRG_COM_TIM11_IRQHandler
 .text.TIM2_IRQHandler
                0x08001e34       0x14 ./Core/Src/stm32f4xx_it.o
                0x08001e34                TIM2_IRQHandler
 .text.TIM3_IRQHandler
                0x08001e48       0x14 ./Core/Src/stm32f4xx_it.o
                0x08001e48                TIM3_IRQHandler
 .text.USART3_IRQHandler
                0x08001e5c       0x14 ./Core/Src/stm32f4xx_it.o
                0x08001e5c                USART3_IRQHandler
 .text.TIM5_IRQHandler
                0x08001e70       0x14 ./Core/Src/stm32f4xx_it.o
                0x08001e70                TIM5_IRQHandler
 .text.OTG_FS_IRQHandler
                0x08001e84       0x14 ./Core/Src/stm32f4xx_it.o
                0x08001e84                OTG_FS_IRQHandler
 .text._read    0x08001e98       0x3a ./Core/Src/syscalls.o
                0x08001e98                _read
 .text._write   0x08001ed2       0x38 ./Core/Src/syscalls.o
                0x08001ed2                _write
 .text._close   0x08001f0a       0x18 ./Core/Src/syscalls.o
                0x08001f0a                _close
 .text._fstat   0x08001f22       0x20 ./Core/Src/syscalls.o
                0x08001f22                _fstat
 .text._isatty  0x08001f42       0x16 ./Core/Src/syscalls.o
                0x08001f42                _isatty
 .text._lseek   0x08001f58       0x1a ./Core/Src/syscalls.o
                0x08001f58                _lseek
 *fill*         0x08001f72        0x2 
 .text._sbrk    0x08001f74       0x6c ./Core/Src/sysmem.o
                0x08001f74                _sbrk
 .text.SystemInit
                0x08001fe0       0x24 ./Core/Src/system_stm32f4xx.o
                0x08001fe0                SystemInit
 .text.Reset_Handler
                0x08002004       0x50 ./Core/Startup/startup_stm32f413zhtx.o
                0x08002004                Reset_Handler
 .text.Default_Handler
                0x08002054        0x2 ./Core/Startup/startup_stm32f413zhtx.o
                0x08002054                RTC_Alarm_IRQHandler
                0x08002054                EXTI2_IRQHandler
                0x08002054                TIM8_CC_IRQHandler
                0x08002054                UART8_IRQHandler
                0x08002054                FMPI2C1_EV_IRQHandler
                0x08002054                SPI4_IRQHandler
                0x08002054                TIM1_CC_IRQHandler
                0x08002054                DMA2_Stream5_IRQHandler
                0x08002054                DMA1_Stream5_IRQHandler
                0x08002054                CAN3_RX1_IRQHandler
                0x08002054                PVD_IRQHandler
                0x08002054                SDIO_IRQHandler
                0x08002054                TAMP_STAMP_IRQHandler
                0x08002054                CAN2_RX1_IRQHandler
                0x08002054                EXTI3_IRQHandler
                0x08002054                TIM8_TRG_COM_TIM14_IRQHandler
                0x08002054                DFSDM1_FLT1_IRQHandler
                0x08002054                TIM1_UP_TIM10_IRQHandler
                0x08002054                TIM8_UP_TIM13_IRQHandler
                0x08002054                I2C3_ER_IRQHandler
                0x08002054                EXTI0_IRQHandler
                0x08002054                I2C2_EV_IRQHandler
                0x08002054                DMA1_Stream2_IRQHandler
                0x08002054                CAN1_RX0_IRQHandler
                0x08002054                FPU_IRQHandler
                0x08002054                CAN3_SCE_IRQHandler
                0x08002054                CAN2_SCE_IRQHandler
                0x08002054                DMA2_Stream2_IRQHandler
                0x08002054                SPI1_IRQHandler
                0x08002054                TIM6_DAC_IRQHandler
                0x08002054                TIM1_BRK_TIM9_IRQHandler
                0x08002054                CAN2_RX0_IRQHandler
                0x08002054                DMA2_Stream3_IRQHandler
                0x08002054                USART6_IRQHandler
                0x08002054                CAN3_RX0_IRQHandler
                0x08002054                DFSDM2_FLT3_IRQHandler
                0x08002054                CAN1_RX1_IRQHandler
                0x08002054                UART5_IRQHandler
                0x08002054                DMA2_Stream0_IRQHandler
                0x08002054                TIM4_IRQHandler
                0x08002054                QUADSPI_IRQHandler
                0x08002054                I2C1_EV_IRQHandler
                0x08002054                DMA1_Stream6_IRQHandler
                0x08002054                DMA1_Stream1_IRQHandler
                0x08002054                UART4_IRQHandler
                0x08002054                RCC_IRQHandler
                0x08002054                UART9_IRQHandler
                0x08002054                TIM8_BRK_TIM12_IRQHandler
                0x08002054                Default_Handler
                0x08002054                EXTI15_10_IRQHandler
                0x08002054                ADC_IRQHandler
                0x08002054                DMA1_Stream7_IRQHandler
                0x08002054                DFSDM2_FLT0_IRQHandler
                0x08002054                SPI5_IRQHandler
                0x08002054                TIM7_IRQHandler
                0x08002054                CAN2_TX_IRQHandler
                0x08002054                DMA2_Stream7_IRQHandler
                0x08002054                I2C3_EV_IRQHandler
                0x08002054                DFSDM2_FLT2_IRQHandler
                0x08002054                EXTI9_5_IRQHandler
                0x08002054                RTC_WKUP_IRQHandler
                0x08002054                SPI2_IRQHandler
                0x08002054                DMA1_Stream0_IRQHandler
                0x08002054                CAN1_TX_IRQHandler
                0x08002054                FMPI2C1_ER_IRQHandler
                0x08002054                EXTI4_IRQHandler
                0x08002054                DFSDM2_FLT1_IRQHandler
                0x08002054                RNG_IRQHandler
                0x08002054                FSMC_IRQHandler
                0x08002054                WWDG_IRQHandler
                0x08002054                CAN3_TX_IRQHandler
                0x08002054                OTG_FS_WKUP_IRQHandler
                0x08002054                EXTI1_IRQHandler
                0x08002054                UART7_IRQHandler
                0x08002054                USART2_IRQHandler
                0x08002054                DFSDM1_FLT0_IRQHandler
                0x08002054                I2C2_ER_IRQHandler
                0x08002054                DMA2_Stream1_IRQHandler
                0x08002054                CAN1_SCE_IRQHandler
                0x08002054                FLASH_IRQHandler
                0x08002054                DMA2_Stream4_IRQHandler
                0x08002054                USART1_IRQHandler
                0x08002054                SPI3_IRQHandler
                0x08002054                DMA1_Stream4_IRQHandler
                0x08002054                I2C1_ER_IRQHandler
                0x08002054                LPTIM1_IRQHandler
                0x08002054                DMA2_Stream6_IRQHandler
                0x08002054                UART10_IRQHandler
                0x08002054                SAI1_IRQHandler
                0x08002054                DMA1_Stream3_IRQHandler
 *fill*         0x08002056        0x2 
 .text.HAL_Init
                0x08002058       0x44 ./Drivers/STM32F4xx_HAL_Driver/Src/stm32f4xx_hal.o
                0x08002058                HAL_Init
 .text.HAL_IncTick
                0x0800209c       0x28 ./Drivers/STM32F4xx_HAL_Driver/Src/stm32f4xx_hal.o
                0x0800209c                HAL_IncTick
 .text.HAL_GetTick
                0x080020c4       0x18 ./Drivers/STM32F4xx_HAL_Driver/Src/stm32f4xx_hal.o
                0x080020c4                HAL_GetTick
 .text.HAL_Delay
                0x080020dc       0x48 ./Drivers/STM32F4xx_HAL_Driver/Src/stm32f4xx_hal.o
                0x080020dc                HAL_Delay
 .text.__NVIC_SetPriorityGrouping
                0x08002124       0x48 ./Drivers/STM32F4xx_HAL_Driver/Src/stm32f4xx_hal_cortex.o
 .text.__NVIC_GetPriorityGrouping
                0x0800216c       0x1c ./Drivers/STM32F4xx_HAL_Driver/Src/stm32f4xx_hal_cortex.o
 .text.__NVIC_EnableIRQ
                0x08002188       0x3c ./Drivers/STM32F4xx_HAL_Driver/Src/stm32f4xx_hal_cortex.o
 .text.__NVIC_SetPriority
                0x080021c4       0x54 ./Drivers/STM32F4xx_HAL_Driver/Src/stm32f4xx_hal_cortex.o
 .text.NVIC_EncodePriority
                0x08002218       0x66 ./Drivers/STM32F4xx_HAL_Driver/Src/stm32f4xx_hal_cortex.o
 .text.HAL_NVIC_SetPriorityGrouping
                0x0800227e       0x16 ./Drivers/STM32F4xx_HAL_Driver/Src/stm32f4xx_hal_cortex.o
                0x0800227e                HAL_NVIC_SetPriorityGrouping
 .text.HAL_NVIC_SetPriority
                0x08002294       0x38 ./Drivers/STM32F4xx_HAL_Driver/Src/stm32f4xx_hal_cortex.o
                0x08002294                HAL_NVIC_SetPriority
 .text.HAL_NVIC_EnableIRQ
                0x080022cc       0x1c ./Drivers/STM32F4xx_HAL_Driver/Src/stm32f4xx_hal_cortex.o
                0x080022cc                HAL_NVIC_EnableIRQ
 .text.HAL_DMA_Abort
                0x080022e8       0xe0 ./Drivers/STM32F4xx_HAL_Driver/Src/stm32f4xx_hal_dma.o
                0x080022e8                HAL_DMA_Abort
 .text.HAL_DMA_Abort_IT
                0x080023c8       0x44 ./Drivers/STM32F4xx_HAL_Driver/Src/stm32f4xx_hal_dma.o
                0x080023c8                HAL_DMA_Abort_IT
 .text.HAL_GPIO_Init
                0x0800240c      0x328 ./Drivers/STM32F4xx_HAL_Driver/Src/stm32f4xx_hal_gpio.o
                0x0800240c                HAL_GPIO_Init
 .text.HAL_GPIO_WritePin
                0x08002734       0x32 ./Drivers/STM32F4xx_HAL_Driver/Src/stm32f4xx_hal_gpio.o
                0x08002734                HAL_GPIO_WritePin
 .text.HAL_GPIO_TogglePin
                0x08002766       0x34 ./Drivers/STM32F4xx_HAL_Driver/Src/stm32f4xx_hal_gpio.o
                0x08002766                HAL_GPIO_TogglePin
 .text.HAL_HCD_Init
                0x0800279a       0xce ./Drivers/STM32F4xx_HAL_Driver/Src/stm32f4xx_hal_hcd.o
                0x0800279a                HAL_HCD_Init
 .text.HAL_HCD_HC_Init
                0x08002868      0x170 ./Drivers/STM32F4xx_HAL_Driver/Src/stm32f4xx_hal_hcd.o
                0x08002868                HAL_HCD_HC_Init
 .text.HAL_HCD_HC_Halt
                0x080029d8       0x46 ./Drivers/STM32F4xx_HAL_Driver/Src/stm32f4xx_hal_hcd.o
                0x080029d8                HAL_HCD_HC_Halt
 *fill*         0x08002a1e        0x2 
 .text.HAL_HCD_HC_SubmitRequest
                0x08002a20      0x33c ./Drivers/STM32F4xx_HAL_Driver/Src/stm32f4xx_hal_hcd.o
                0x08002a20                HAL_HCD_HC_SubmitRequest
 .text.HAL_HCD_IRQHandler
                0x08002d5c      0x220 ./Drivers/STM32F4xx_HAL_Driver/Src/stm32f4xx_hal_hcd.o
                0x08002d5c                HAL_HCD_IRQHandler
 .text.HAL_HCD_Start
                0x08002f7c       0x46 ./Drivers/STM32F4xx_HAL_Driver/Src/stm32f4xx_hal_hcd.o
                0x08002f7c                HAL_HCD_Start
 .text.HAL_HCD_Stop
                0x08002fc2       0x3a ./Drivers/STM32F4xx_HAL_Driver/Src/stm32f4xx_hal_hcd.o
                0x08002fc2                HAL_HCD_Stop
 .text.HAL_HCD_ResetPort
                0x08002ffc       0x1c ./Drivers/STM32F4xx_HAL_Driver/Src/stm32f4xx_hal_hcd.o
                0x08002ffc                HAL_HCD_ResetPort
 .text.HAL_HCD_HC_GetURBState
                0x08003018       0x2a ./Drivers/STM32F4xx_HAL_Driver/Src/stm32f4xx_hal_hcd.o
                0x08003018                HAL_HCD_HC_GetURBState
 .text.HAL_HCD_HC_GetXferCount
                0x08003042       0x2a ./Drivers/STM32F4xx_HAL_Driver/Src/stm32f4xx_hal_hcd.o
                0x08003042                HAL_HCD_HC_GetXferCount
 .text.HAL_HCD_GetCurrentFrame
                0x0800306c       0x1c ./Drivers/STM32F4xx_HAL_Driver/Src/stm32f4xx_hal_hcd.o
                0x0800306c                HAL_HCD_GetCurrentFrame
 .text.HAL_HCD_GetCurrentSpeed
                0x08003088       0x1c ./Drivers/STM32F4xx_HAL_Driver/Src/stm32f4xx_hal_hcd.o
                0x08003088                HAL_HCD_GetCurrentSpeed
 .text.HAL_HCD_HC_ClearHubInfo
                0x080030a4       0x6a ./Drivers/STM32F4xx_HAL_Driver/Src/stm32f4xx_hal_hcd.o
                0x080030a4                HAL_HCD_HC_ClearHubInfo
 .text.HCD_HC_IN_IRQHandler
                0x0800310e      0xcd2 ./Drivers/STM32F4xx_HAL_Driver/Src/stm32f4xx_hal_hcd.o
 .text.HCD_HC_OUT_IRQHandler
                0x08003de0      0x94a ./Drivers/STM32F4xx_HAL_Driver/Src/stm32f4xx_hal_hcd.o
 .text.HCD_RXQLVL_IRQHandler
                0x0800472a      0x1be ./Drivers/STM32F4xx_HAL_Driver/Src/stm32f4xx_hal_hcd.o
 .text.HCD_Port_IRQHandler
                0x080048e8       0xe6 ./Drivers/STM32F4xx_HAL_Driver/Src/stm32f4xx_hal_hcd.o
 *fill*         0x080049ce        0x2 
 .text.HAL_RCC_ClockConfig
                0x080049d0      0x1cc ./Drivers/STM32F4xx_HAL_Driver/Src/stm32f4xx_hal_rcc.o
                0x080049d0                HAL_RCC_ClockConfig
 .text.HAL_RCC_GetSysClockFreq
                0x08004b9c      0x20c ./Drivers/STM32F4xx_HAL_Driver/Src/stm32f4xx_hal_rcc.o
                0x08004b9c                HAL_RCC_GetSysClockFreq
 .text.HAL_RCC_GetHCLKFreq
                0x08004da8       0x18 ./Drivers/STM32F4xx_HAL_Driver/Src/stm32f4xx_hal_rcc.o
                0x08004da8                HAL_RCC_GetHCLKFreq
 .text.HAL_RCC_GetPCLK1Freq
                0x08004dc0       0x28 ./Drivers/STM32F4xx_HAL_Driver/Src/stm32f4xx_hal_rcc.o
                0x08004dc0                HAL_RCC_GetPCLK1Freq
 .text.HAL_RCC_GetPCLK2Freq
                0x08004de8       0x28 ./Drivers/STM32F4xx_HAL_Driver/Src/stm32f4xx_hal_rcc.o
                0x08004de8                HAL_RCC_GetPCLK2Freq
 .text.HAL_RCC_GetClockConfig
                0x08004e10       0x64 ./Drivers/STM32F4xx_HAL_Driver/Src/stm32f4xx_hal_rcc.o
                0x08004e10                HAL_RCC_GetClockConfig
 .text.HAL_RCCEx_PeriphCLKConfig
                0x08004e74      0x518 ./Drivers/STM32F4xx_HAL_Driver/Src/stm32f4xx_hal_rcc_ex.o
                0x08004e74                HAL_RCCEx_PeriphCLKConfig
 .text.HAL_RCC_OscConfig
                0x0800538c      0x508 ./Drivers/STM32F4xx_HAL_Driver/Src/stm32f4xx_hal_rcc_ex.o
                0x0800538c                HAL_RCC_OscConfig
 .text.HAL_TIM_Base_Init
                0x08005894       0x9e ./Drivers/STM32F4xx_HAL_Driver/Src/stm32f4xx_hal_tim.o
                0x08005894                HAL_TIM_Base_Init
 *fill*         0x08005932        0x2 
 .text.HAL_TIM_Base_Start_IT
                0x08005934       0xe0 ./Drivers/STM32F4xx_HAL_Driver/Src/stm32f4xx_hal_tim.o
                0x08005934                HAL_TIM_Base_Start_IT
 .text.HAL_TIM_PWM_Init
                0x08005a14       0x9e ./Drivers/STM32F4xx_HAL_Driver/Src/stm32f4xx_hal_tim.o
                0x08005a14                HAL_TIM_PWM_Init
 *fill*         0x08005ab2        0x2 
 .text.HAL_TIM_PWM_Start_IT
                0x08005ab4      0x22c ./Drivers/STM32F4xx_HAL_Driver/Src/stm32f4xx_hal_tim.o
                0x08005ab4                HAL_TIM_PWM_Start_IT
 .text.HAL_TIM_PWM_Stop_IT
                0x08005ce0      0x17c ./Drivers/STM32F4xx_HAL_Driver/Src/stm32f4xx_hal_tim.o
                0x08005ce0                HAL_TIM_PWM_Stop_IT
 .text.HAL_TIM_IRQHandler
                0x08005e5c      0x1e0 ./Drivers/STM32F4xx_HAL_Driver/Src/stm32f4xx_hal_tim.o
                0x08005e5c                HAL_TIM_IRQHandler
 .text.HAL_TIM_PWM_ConfigChannel
                0x0800603c      0x184 ./Drivers/STM32F4xx_HAL_Driver/Src/stm32f4xx_hal_tim.o
                0x0800603c                HAL_TIM_PWM_ConfigChannel
 .text.HAL_TIM_ConfigClockSource
                0x080061c0      0x18e ./Drivers/STM32F4xx_HAL_Driver/Src/stm32f4xx_hal_tim.o
                0x080061c0                HAL_TIM_ConfigClockSource
 .text.HAL_TIM_OC_DelayElapsedCallback
                0x0800634e       0x14 ./Drivers/STM32F4xx_HAL_Driver/Src/stm32f4xx_hal_tim.o
                0x0800634e                HAL_TIM_OC_DelayElapsedCallback
 .text.HAL_TIM_IC_CaptureCallback
                0x08006362       0x14 ./Drivers/STM32F4xx_HAL_Driver/Src/stm32f4xx_hal_tim.o
                0x08006362                HAL_TIM_IC_CaptureCallback
 .text.HAL_TIM_PWM_PulseFinishedCallback
                0x08006376       0x14 ./Drivers/STM32F4xx_HAL_Driver/Src/stm32f4xx_hal_tim.o
                0x08006376                HAL_TIM_PWM_PulseFinishedCallback
 .text.HAL_TIM_TriggerCallback
                0x0800638a       0x14 ./Drivers/STM32F4xx_HAL_Driver/Src/stm32f4xx_hal_tim.o
                0x0800638a                HAL_TIM_TriggerCallback
 *fill*         0x0800639e        0x2 
 .text.TIM_Base_SetConfig
                0x080063a0      0x158 ./Drivers/STM32F4xx_HAL_Driver/Src/stm32f4xx_hal_tim.o
                0x080063a0                TIM_Base_SetConfig
 .text.TIM_OC1_SetConfig
                0x080064f8       0xe0 ./Drivers/STM32F4xx_HAL_Driver/Src/stm32f4xx_hal_tim.o
 .text.TIM_OC2_SetConfig
                0x080065d8       0xec ./Drivers/STM32F4xx_HAL_Driver/Src/stm32f4xx_hal_tim.o
                0x080065d8                TIM_OC2_SetConfig
 .text.TIM_OC3_SetConfig
                0x080066c4       0xe8 ./Drivers/STM32F4xx_HAL_Driver/Src/stm32f4xx_hal_tim.o
 .text.TIM_OC4_SetConfig
                0x080067ac       0xac ./Drivers/STM32F4xx_HAL_Driver/Src/stm32f4xx_hal_tim.o
 .text.TIM_TI1_ConfigInputStage
                0x08006858       0x5e ./Drivers/STM32F4xx_HAL_Driver/Src/stm32f4xx_hal_tim.o
 .text.TIM_TI2_ConfigInputStage
                0x080068b6       0x60 ./Drivers/STM32F4xx_HAL_Driver/Src/stm32f4xx_hal_tim.o
 .text.TIM_ITRx_SetConfig
                0x08006916       0x36 ./Drivers/STM32F4xx_HAL_Driver/Src/stm32f4xx_hal_tim.o
 .text.TIM_ETR_SetConfig
                0x0800694c       0x40 ./Drivers/STM32F4xx_HAL_Driver/Src/stm32f4xx_hal_tim.o
                0x0800694c                TIM_ETR_SetConfig
 .text.TIM_CCxChannelCmd
                0x0800698c       0x4a ./Drivers/STM32F4xx_HAL_Driver/Src/stm32f4xx_hal_tim.o
                0x0800698c                TIM_CCxChannelCmd
 *fill*         0x080069d6        0x2 
 .text.HAL_TIMEx_MasterConfigSynchronization
                0x080069d8       0xf8 ./Drivers/STM32F4xx_HAL_Driver/Src/stm32f4xx_hal_tim_ex.o
                0x080069d8                HAL_TIMEx_MasterConfigSynchronization
 .text.HAL_TIMEx_ConfigBreakDeadTime
                0x08006ad0       0xa4 ./Drivers/STM32F4xx_HAL_Driver/Src/stm32f4xx_hal_tim_ex.o
                0x08006ad0                HAL_TIMEx_ConfigBreakDeadTime
 .text.HAL_TIMEx_CommutCallback
                0x08006b74       0x14 ./Drivers/STM32F4xx_HAL_Driver/Src/stm32f4xx_hal_tim_ex.o
                0x08006b74                HAL_TIMEx_CommutCallback
 .text.HAL_TIMEx_BreakCallback
                0x08006b88       0x14 ./Drivers/STM32F4xx_HAL_Driver/Src/stm32f4xx_hal_tim_ex.o
                0x08006b88                HAL_TIMEx_BreakCallback
 .text.HAL_UART_Init
                0x08006b9c       0xa0 ./Drivers/STM32F4xx_HAL_Driver/Src/stm32f4xx_hal_uart.o
                0x08006b9c                HAL_UART_Init
 .text.HAL_UART_Receive_IT
                0x08006c3c       0x4a ./Drivers/STM32F4xx_HAL_Driver/Src/stm32f4xx_hal_uart.o
                0x08006c3c                HAL_UART_Receive_IT
 *fill*         0x08006c86        0x2 
 .text.HAL_UART_IRQHandler
                0x08006c88      0x524 ./Drivers/STM32F4xx_HAL_Driver/Src/stm32f4xx_hal_uart.o
                0x08006c88                HAL_UART_IRQHandler
 .text.HAL_UART_TxCpltCallback
                0x080071ac       0x14 ./Drivers/STM32F4xx_HAL_Driver/Src/stm32f4xx_hal_uart.o
                0x080071ac                HAL_UART_TxCpltCallback
 .text.HAL_UART_ErrorCallback
                0x080071c0       0x14 ./Drivers/STM32F4xx_HAL_Driver/Src/stm32f4xx_hal_uart.o
                0x080071c0                HAL_UART_ErrorCallback
 .text.HAL_UARTEx_RxEventCallback
                0x080071d4       0x18 ./Drivers/STM32F4xx_HAL_Driver/Src/stm32f4xx_hal_uart.o
                0x080071d4                HAL_UARTEx_RxEventCallback
 .text.UART_Start_Receive_IT
                0x080071ec       0x74 ./Drivers/STM32F4xx_HAL_Driver/Src/stm32f4xx_hal_uart.o
                0x080071ec                UART_Start_Receive_IT
 .text.UART_EndRxTransfer
                0x08007260       0xc6 ./Drivers/STM32F4xx_HAL_Driver/Src/stm32f4xx_hal_uart.o
 .text.UART_DMAAbortOnError
                0x08007326       0x28 ./Drivers/STM32F4xx_HAL_Driver/Src/stm32f4xx_hal_uart.o
 .text.UART_Transmit_IT
                0x0800734e       0xa0 ./Drivers/STM32F4xx_HAL_Driver/Src/stm32f4xx_hal_uart.o
 .text.UART_EndTransmit_IT
                0x080073ee       0x30 ./Drivers/STM32F4xx_HAL_Driver/Src/stm32f4xx_hal_uart.o
 .text.UART_Receive_IT
                0x0800741e      0x17c ./Drivers/STM32F4xx_HAL_Driver/Src/stm32f4xx_hal_uart.o
 *fill*         0x0800759a        0x2 
 .text.UART_SetConfig
                0x0800759c      0x508 ./Drivers/STM32F4xx_HAL_Driver/Src/stm32f4xx_hal_uart.o
 .text.USB_CoreInit
                0x08007aa4       0xc8 ./Drivers/STM32F4xx_HAL_Driver/Src/stm32f4xx_ll_usb.o
                0x08007aa4                USB_CoreInit
 .text.USB_EnableGlobalInt
                0x08007b6c       0x22 ./Drivers/STM32F4xx_HAL_Driver/Src/stm32f4xx_ll_usb.o
                0x08007b6c                USB_EnableGlobalInt
 .text.USB_DisableGlobalInt
                0x08007b8e       0x22 ./Drivers/STM32F4xx_HAL_Driver/Src/stm32f4xx_ll_usb.o
                0x08007b8e                USB_DisableGlobalInt
 .text.USB_SetCurrentMode
                0x08007bb0       0x98 ./Drivers/STM32F4xx_HAL_Driver/Src/stm32f4xx_ll_usb.o
                0x08007bb0                USB_SetCurrentMode
 .text.USB_FlushTxFifo
                0x08007c48       0x64 ./Drivers/STM32F4xx_HAL_Driver/Src/stm32f4xx_ll_usb.o
                0x08007c48                USB_FlushTxFifo
 .text.USB_FlushRxFifo
                0x08007cac       0x5c ./Drivers/STM32F4xx_HAL_Driver/Src/stm32f4xx_ll_usb.o
                0x08007cac                USB_FlushRxFifo
 .text.USB_WritePacket
                0x08007d08       0x7c ./Drivers/STM32F4xx_HAL_Driver/Src/stm32f4xx_ll_usb.o
                0x08007d08                USB_WritePacket
 .text.USB_ReadPacket
                0x08007d84       0xb0 ./Drivers/STM32F4xx_HAL_Driver/Src/stm32f4xx_ll_usb.o
                0x08007d84                USB_ReadPacket
 .text.USB_ReadInterrupts
                0x08007e34       0x26 ./Drivers/STM32F4xx_HAL_Driver/Src/stm32f4xx_ll_usb.o
                0x08007e34                USB_ReadInterrupts
 .text.USB_ReadChInterrupts
                0x08007e5a       0x42 ./Drivers/STM32F4xx_HAL_Driver/Src/stm32f4xx_ll_usb.o
                0x08007e5a                USB_ReadChInterrupts
 .text.USB_GetMode
                0x08007e9c       0x1c ./Drivers/STM32F4xx_HAL_Driver/Src/stm32f4xx_ll_usb.o
                0x08007e9c                USB_GetMode
 .text.USB_CoreReset
                0x08007eb8       0x62 ./Drivers/STM32F4xx_HAL_Driver/Src/stm32f4xx_ll_usb.o
 *fill*         0x08007f1a        0x2 
 .text.USB_HostInit
                0x08007f1c      0x150 ./Drivers/STM32F4xx_HAL_Driver/Src/stm32f4xx_ll_usb.o
                0x08007f1c                USB_HostInit
 .text.USB_InitFSLSPClkSel
                0x0800806c       0x7a ./Drivers/STM32F4xx_HAL_Driver/Src/stm32f4xx_ll_usb.o
                0x0800806c                USB_InitFSLSPClkSel
 .text.USB_ResetPort
                0x080080e6       0x54 ./Drivers/STM32F4xx_HAL_Driver/Src/stm32f4xx_ll_usb.o
                0x080080e6                USB_ResetPort
 .text.USB_DriveVbus
                0x0800813a       0x72 ./Drivers/STM32F4xx_HAL_Driver/Src/stm32f4xx_ll_usb.o
                0x0800813a                USB_DriveVbus
 .text.USB_GetHostSpeed
                0x080081ac       0x2e ./Drivers/STM32F4xx_HAL_Driver/Src/stm32f4xx_ll_usb.o
                0x080081ac                USB_GetHostSpeed
 .text.USB_GetCurrentFrame
                0x080081da       0x22 ./Drivers/STM32F4xx_HAL_Driver/Src/stm32f4xx_ll_usb.o
                0x080081da                USB_GetCurrentFrame
 .text.USB_HC_Init
                0x080081fc      0x22c ./Drivers/STM32F4xx_HAL_Driver/Src/stm32f4xx_ll_usb.o
                0x080081fc                USB_HC_Init
 .text.USB_HC_StartXfer
                0x08008428      0x488 ./Drivers/STM32F4xx_HAL_Driver/Src/stm32f4xx_ll_usb.o
                0x08008428                USB_HC_StartXfer
 .text.USB_HC_ReadInterrupt
                0x080088b0       0x22 ./Drivers/STM32F4xx_HAL_Driver/Src/stm32f4xx_ll_usb.o
                0x080088b0                USB_HC_ReadInterrupt
 .text.USB_HC_Halt
                0x080088d2      0x240 ./Drivers/STM32F4xx_HAL_Driver/Src/stm32f4xx_ll_usb.o
                0x080088d2                USB_HC_Halt
 .text.USB_StopHost
                0x08008b12      0x124 ./Drivers/STM32F4xx_HAL_Driver/Src/stm32f4xx_ll_usb.o
                0x08008b12                USB_StopHost
 *fill*         0x08008c36        0x2 
 .text.USBH_HID_InterfaceInit
                0x08008c38      0x350 ./Middlewares/ST/STM32_USB_Host_Library/Class/HID/Src/usbh_hid.o
 .text.USBH_HID_GenericInit
                0x08008f88       0x80 ./Middlewares/ST/STM32_USB_Host_Library/Class/HID/Src/usbh_hid.o
 .text.USBH_HID_InterfaceDeInit
                0x08009008       0x8c ./Middlewares/ST/STM32_USB_Host_Library/Class/HID/Src/usbh_hid.o
 .text.USBH_HID_ClassRequest
                0x08009094       0xfc ./Middlewares/ST/STM32_USB_Host_Library/Class/HID/Src/usbh_hid.o
 .text.USBH_HID_Process
                0x08009190      0x210 ./Middlewares/ST/STM32_USB_Host_Library/Class/HID/Src/usbh_hid.o
 .text.USBH_HID_SOFProcess
                0x080093a0       0x5a ./Middlewares/ST/STM32_USB_Host_Library/Class/HID/Src/usbh_hid.o
 .text.USBH_HID_GetHIDReportDescriptor
                0x080093fa       0x3e ./Middlewares/ST/STM32_USB_Host_Library/Class/HID/Src/usbh_hid.o
                0x080093fa                USBH_HID_GetHIDReportDescriptor
 .text.USBH_HID_SetIdle
                0x08009438       0x50 ./Middlewares/ST/STM32_USB_Host_Library/Class/HID/Src/usbh_hid.o
                0x08009438                USBH_HID_SetIdle
 .text.USBH_HID_GetReport
                0x08009488       0x58 ./Middlewares/ST/STM32_USB_Host_Library/Class/HID/Src/usbh_hid.o
                0x08009488                USBH_HID_GetReport
 .text.USBH_HID_SetProtocol
                0x080094e0       0x4c ./Middlewares/ST/STM32_USB_Host_Library/Class/HID/Src/usbh_hid.o
                0x080094e0                USBH_HID_SetProtocol
 .text.USBH_HID_ParseHIDDesc
                0x0800952c       0xb6 ./Middlewares/ST/STM32_USB_Host_Library/Class/HID/Src/usbh_hid.o
 .text.USBH_HID_FifoInit
                0x080095e2       0x38 ./Middlewares/ST/STM32_USB_Host_Library/Class/HID/Src/usbh_hid.o
                0x080095e2                USBH_HID_FifoInit
 .text.USBH_HID_FifoRead
                0x0800961a       0x92 ./Middlewares/ST/STM32_USB_Host_Library/Class/HID/Src/usbh_hid.o
                0x0800961a                USBH_HID_FifoRead
 .text.USBH_HID_FifoWrite
                0x080096ac       0xa8 ./Middlewares/ST/STM32_USB_Host_Library/Class/HID/Src/usbh_hid.o
                0x080096ac                USBH_HID_FifoWrite
 .text.USBH_HID_GetReportData
                0x08009754       0x8e ./Middlewares/ST/STM32_USB_Host_Library/Class/HID/Src/usbh_hid.o
                0x08009754                USBH_HID_GetReportData
 *fill*         0x080097e2        0x2 
 .text.USBH_HID_KeybdInit
                0x080097e4       0xa8 ./Middlewares/ST/STM32_USB_Host_Library/Class/HID/Src/usbh_hid_keybd.o
                0x080097e4                USBH_HID_KeybdInit
 .text.USBH_HID_MouseInit
                0x0800988c       0x94 ./Middlewares/ST/STM32_USB_Host_Library/Class/HID/Src/usbh_hid_mouse.o
                0x0800988c                USBH_HID_MouseInit
 .text.USBH_Init
                0x08009920       0xb8 ./Middlewares/ST/STM32_USB_Host_Library/Core/Src/usbh_core.o
                0x08009920                USBH_Init
 .text.DeInitStateMachine
                0x080099d8       0xe6 ./Middlewares/ST/STM32_USB_Host_Library/Core/Src/usbh_core.o
 .text.USBH_RegisterClass
                0x08009abe       0x54 ./Middlewares/ST/STM32_USB_Host_Library/Core/Src/usbh_core.o
                0x08009abe                USBH_RegisterClass
 *fill*         0x08009b12        0x2 
 .text.USBH_SelectInterface
                0x08009b14       0xb4 ./Middlewares/ST/STM32_USB_Host_Library/Core/Src/usbh_core.o
                0x08009b14                USBH_SelectInterface
 .text.USBH_FindInterface
                0x08009bc8       0x8c ./Middlewares/ST/STM32_USB_Host_Library/Core/Src/usbh_core.o
                0x08009bc8                USBH_FindInterface
 .text.USBH_Start
                0x08009c54       0x20 ./Middlewares/ST/STM32_USB_Host_Library/Core/Src/usbh_core.o
                0x08009c54                USBH_Start
 .text.USBH_Process
                0x08009c74      0x5bc ./Middlewares/ST/STM32_USB_Host_Library/Core/Src/usbh_core.o
                0x08009c74                USBH_Process
 .text.USBH_HandleEnum
                0x0800a230      0x574 ./Middlewares/ST/STM32_USB_Host_Library/Core/Src/usbh_core.o
 .text.USBH_LL_SetTimer
                0x0800a7a4       0x1e ./Middlewares/ST/STM32_USB_Host_Library/Core/Src/usbh_core.o
                0x0800a7a4                USBH_LL_SetTimer
 .text.USBH_LL_IncTimer
                0x0800a7c2       0x24 ./Middlewares/ST/STM32_USB_Host_Library/Core/Src/usbh_core.o
                0x0800a7c2                USBH_LL_IncTimer
 .text.USBH_HandleSof
                0x0800a7e6       0x30 ./Middlewares/ST/STM32_USB_Host_Library/Core/Src/usbh_core.o
 .text.USBH_LL_PortEnabled
                0x0800a816       0x34 ./Middlewares/ST/STM32_USB_Host_Library/Core/Src/usbh_core.o
                0x0800a816                USBH_LL_PortEnabled
 .text.USBH_LL_PortDisabled
                0x0800a84a       0x1c ./Middlewares/ST/STM32_USB_Host_Library/Core/Src/usbh_core.o
                0x0800a84a                USBH_LL_PortDisabled
 .text.USBH_LL_Connect
                0x0800a866       0x46 ./Middlewares/ST/STM32_USB_Host_Library/Core/Src/usbh_core.o
                0x0800a866                USBH_LL_Connect
 .text.USBH_LL_Disconnect
                0x0800a8ac       0x64 ./Middlewares/ST/STM32_USB_Host_Library/Core/Src/usbh_core.o
                0x0800a8ac                USBH_LL_Disconnect
 .text.USBH_Process_OS
                0x0800a910       0x2e ./Middlewares/ST/STM32_USB_Host_Library/Core/Src/usbh_core.o
 .text.USBH_LL_NotifyURBChange
                0x0800a93e       0x2e ./Middlewares/ST/STM32_USB_Host_Library/Core/Src/usbh_core.o
                0x0800a93e                USBH_LL_NotifyURBChange
 .text.USBH_Get_DevDesc
                0x0800a96c       0x58 ./Middlewares/ST/STM32_USB_Host_Library/Core/Src/usbh_ctlreq.o
                0x0800a96c                USBH_Get_DevDesc
 .text.USBH_Get_CfgDesc
                0x0800a9c4       0x54 ./Middlewares/ST/STM32_USB_Host_Library/Core/Src/usbh_ctlreq.o
                0x0800a9c4                USBH_Get_CfgDesc
 .text.USBH_Get_StringDesc
                0x0800aa18       0x68 ./Middlewares/ST/STM32_USB_Host_Library/Core/Src/usbh_ctlreq.o
                0x0800aa18                USBH_Get_StringDesc
 .text.USBH_GetDescriptor
                0x0800aa80       0x6a ./Middlewares/ST/STM32_USB_Host_Library/Core/Src/usbh_ctlreq.o
                0x0800aa80                USBH_GetDescriptor
 .text.USBH_SetAddress
                0x0800aaea       0x48 ./Middlewares/ST/STM32_USB_Host_Library/Core/Src/usbh_ctlreq.o
                0x0800aaea                USBH_SetAddress
 .text.USBH_SetCfg
                0x0800ab32       0x46 ./Middlewares/ST/STM32_USB_Host_Library/Core/Src/usbh_ctlreq.o
                0x0800ab32                USBH_SetCfg
 .text.USBH_SetFeature
                0x0800ab78       0x48 ./Middlewares/ST/STM32_USB_Host_Library/Core/Src/usbh_ctlreq.o
                0x0800ab78                USBH_SetFeature
 .text.USBH_ClrFeature
                0x0800abc0       0x48 ./Middlewares/ST/STM32_USB_Host_Library/Core/Src/usbh_ctlreq.o
                0x0800abc0                USBH_ClrFeature
 .text.USBH_ParseDevDesc
                0x0800ac08      0x160 ./Middlewares/ST/STM32_USB_Host_Library/Core/Src/usbh_ctlreq.o
 .text.USBH_ParseCfgDesc
                0x0800ad68      0x1f0 ./Middlewares/ST/STM32_USB_Host_Library/Core/Src/usbh_ctlreq.o
 .text.USBH_ParseInterfaceDesc
                0x0800af58       0x68 ./Middlewares/ST/STM32_USB_Host_Library/Core/Src/usbh_ctlreq.o
 .text.USBH_ParseEPDesc
                0x0800afc0      0x1d0 ./Middlewares/ST/STM32_USB_Host_Library/Core/Src/usbh_ctlreq.o
 .text.USBH_ParseStringDesc
                0x0800b190       0x66 ./Middlewares/ST/STM32_USB_Host_Library/Core/Src/usbh_ctlreq.o
 .text.USBH_GetNextDesc
                0x0800b1f6       0x34 ./Middlewares/ST/STM32_USB_Host_Library/Core/Src/usbh_ctlreq.o
                0x0800b1f6                USBH_GetNextDesc
 .text.USBH_CtlReq
                0x0800b22a       0xb2 ./Middlewares/ST/STM32_USB_Host_Library/Core/Src/usbh_ctlreq.o
                0x0800b22a                USBH_CtlReq
 .text.USBH_HandleControl
                0x0800b2dc      0x490 ./Middlewares/ST/STM32_USB_Host_Library/Core/Src/usbh_ctlreq.o
 .text.USBH_CtlSendSetup
                0x0800b76c       0x34 ./Middlewares/ST/STM32_USB_Host_Library/Core/Src/usbh_ioreq.o
                0x0800b76c                USBH_CtlSendSetup
 .text.USBH_CtlSendData
                0x0800b7a0       0x4a ./Middlewares/ST/STM32_USB_Host_Library/Core/Src/usbh_ioreq.o
                0x0800b7a0                USBH_CtlSendData
 .text.USBH_CtlReceiveData
                0x0800b7ea       0x3c ./Middlewares/ST/STM32_USB_Host_Library/Core/Src/usbh_ioreq.o
                0x0800b7ea                USBH_CtlReceiveData
 .text.USBH_InterruptReceiveData
                0x0800b826       0x3e ./Middlewares/ST/STM32_USB_Host_Library/Core/Src/usbh_ioreq.o
                0x0800b826                USBH_InterruptReceiveData
 .text.USBH_OpenPipe
                0x0800b864       0x3e ./Middlewares/ST/STM32_USB_Host_Library/Core/Src/usbh_pipes.o
                0x0800b864                USBH_OpenPipe
 .text.USBH_ClosePipe
                0x0800b8a2       0x20 ./Middlewares/ST/STM32_USB_Host_Library/Core/Src/usbh_pipes.o
                0x0800b8a2                USBH_ClosePipe
 .text.USBH_AllocPipe
                0x0800b8c2       0x42 ./Middlewares/ST/STM32_USB_Host_Library/Core/Src/usbh_pipes.o
                0x0800b8c2                USBH_AllocPipe
 .text.USBH_FreePipe
                0x0800b904       0x3c ./Middlewares/ST/STM32_USB_Host_Library/Core/Src/usbh_pipes.o
                0x0800b904                USBH_FreePipe
 .text.USBH_GetFreePipe
                0x0800b940       0x48 ./Middlewares/ST/STM32_USB_Host_Library/Core/Src/usbh_pipes.o
 .text.__NVIC_SetPriority
                0x0800b988       0x54 ./Middlewares/Third_Party/FreeRTOS/Source/CMSIS_RTOS_V2/cmsis_os2.o
 .text.SysTick_Handler
                0x0800b9dc       0x20 ./Middlewares/Third_Party/FreeRTOS/Source/CMSIS_RTOS_V2/cmsis_os2.o
                0x0800b9dc                SysTick_Handler
 .text.SVC_Setup
                0x0800b9fc       0x12 ./Middlewares/Third_Party/FreeRTOS/Source/CMSIS_RTOS_V2/cmsis_os2.o
 *fill*         0x0800ba0e        0x2 
 .text.osKernelInitialize
                0x0800ba10       0x48 ./Middlewares/Third_Party/FreeRTOS/Source/CMSIS_RTOS_V2/cmsis_os2.o
                0x0800ba10                osKernelInitialize
 .text.osKernelStart
                0x0800ba58       0x4c ./Middlewares/Third_Party/FreeRTOS/Source/CMSIS_RTOS_V2/cmsis_os2.o
                0x0800ba58                osKernelStart
 .text.osThreadNew
                0x0800baa4      0x124 ./Middlewares/Third_Party/FreeRTOS/Source/CMSIS_RTOS_V2/cmsis_os2.o
                0x0800baa4                osThreadNew
 .text.osDelay  0x0800bbc8       0x36 ./Middlewares/Third_Party/FreeRTOS/Source/CMSIS_RTOS_V2/cmsis_os2.o
                0x0800bbc8                osDelay
 .text.osEventFlagsNew
                0x0800bbfe       0x7e ./Middlewares/Third_Party/FreeRTOS/Source/CMSIS_RTOS_V2/cmsis_os2.o
                0x0800bbfe                osEventFlagsNew
 .text.osEventFlagsClear
                0x0800bc7c       0x62 ./Middlewares/Third_Party/FreeRTOS/Source/CMSIS_RTOS_V2/cmsis_os2.o
                0x0800bc7c                osEventFlagsClear
 .text.osEventFlagsWait
                0x0800bcde       0xca ./Middlewares/Third_Party/FreeRTOS/Source/CMSIS_RTOS_V2/cmsis_os2.o
                0x0800bcde                osEventFlagsWait
 .text.osMessageQueueNew
                0x0800bda8       0xe6 ./Middlewares/Third_Party/FreeRTOS/Source/CMSIS_RTOS_V2/cmsis_os2.o
                0x0800bda8                osMessageQueueNew
 *fill*         0x0800be8e        0x2 
 .text.osMessageQueuePut
                0x0800be90       0xc0 ./Middlewares/Third_Party/FreeRTOS/Source/CMSIS_RTOS_V2/cmsis_os2.o
                0x0800be90                osMessageQueuePut
 .text.osMessageQueueGet
                0x0800bf50       0xbc ./Middlewares/Third_Party/FreeRTOS/Source/CMSIS_RTOS_V2/cmsis_os2.o
                0x0800bf50                osMessageQueueGet
 .text.vApplicationGetIdleTaskMemory
                0x0800c00c       0x34 ./Middlewares/Third_Party/FreeRTOS/Source/CMSIS_RTOS_V2/cmsis_os2.o
                0x0800c00c                vApplicationGetIdleTaskMemory
 .text.vApplicationGetTimerTaskMemory
                0x0800c040       0x34 ./Middlewares/Third_Party/FreeRTOS/Source/CMSIS_RTOS_V2/cmsis_os2.o
                0x0800c040                vApplicationGetTimerTaskMemory
 .text.xEventGroupCreateStatic
                0x0800c074       0x72 ./Middlewares/Third_Party/FreeRTOS/Source/event_groups.o
                0x0800c074                xEventGroupCreateStatic
 .text.xEventGroupCreate
                0x0800c0e6       0x34 ./Middlewares/Third_Party/FreeRTOS/Source/event_groups.o
                0x0800c0e6                xEventGroupCreate
 *fill*         0x0800c11a        0x2 
 .text.xEventGroupWaitBits
                0x0800c11c      0x1a4 ./Middlewares/Third_Party/FreeRTOS/Source/event_groups.o
                0x0800c11c                xEventGroupWaitBits
 .text.xEventGroupClearBits
                0x0800c2c0       0x72 ./Middlewares/Third_Party/FreeRTOS/Source/event_groups.o
                0x0800c2c0                xEventGroupClearBits
 *fill*         0x0800c332        0x2 
 .text.xEventGroupClearBitsFromISR
                0x0800c334       0x28 ./Middlewares/Third_Party/FreeRTOS/Source/event_groups.o
                0x0800c334                xEventGroupClearBitsFromISR
 .text.xEventGroupGetBitsFromISR
                0x0800c35c       0x48 ./Middlewares/Third_Party/FreeRTOS/Source/event_groups.o
                0x0800c35c                xEventGroupGetBitsFromISR
 .text.vEventGroupClearBitsCallback
                0x0800c3a4       0x1a ./Middlewares/Third_Party/FreeRTOS/Source/event_groups.o
                0x0800c3a4                vEventGroupClearBitsCallback
 .text.prvTestWaitCondition
                0x0800c3be       0x44 ./Middlewares/Third_Party/FreeRTOS/Source/event_groups.o
 .text.vListInitialise
                0x0800c402       0x40 ./Middlewares/Third_Party/FreeRTOS/Source/list.o
                0x0800c402                vListInitialise
 .text.vListInitialiseItem
                0x0800c442       0x1a ./Middlewares/Third_Party/FreeRTOS/Source/list.o
                0x0800c442                vListInitialiseItem
 .text.vListInsertEnd
                0x0800c45c       0x48 ./Middlewares/Third_Party/FreeRTOS/Source/list.o
                0x0800c45c                vListInsertEnd
 .text.vListInsert
                0x0800c4a4       0x72 ./Middlewares/Third_Party/FreeRTOS/Source/list.o
                0x0800c4a4                vListInsert
 .text.uxListRemove
                0x0800c516       0x54 ./Middlewares/Third_Party/FreeRTOS/Source/list.o
                0x0800c516                uxListRemove
 *fill*         0x0800c56a        0x2 
 .text.xQueueGenericReset
                0x0800c56c       0xd4 ./Middlewares/Third_Party/FreeRTOS/Source/queue.o
                0x0800c56c                xQueueGenericReset
 .text.xQueueGenericCreateStatic
                0x0800c640       0xfa ./Middlewares/Third_Party/FreeRTOS/Source/queue.o
                0x0800c640                xQueueGenericCreateStatic
 .text.xQueueGenericCreate
                0x0800c73a       0x76 ./Middlewares/Third_Party/FreeRTOS/Source/queue.o
                0x0800c73a                xQueueGenericCreate
 .text.prvInitialiseNewQueue
                0x0800c7b0       0x46 ./Middlewares/Third_Party/FreeRTOS/Source/queue.o
 *fill*         0x0800c7f6        0x2 
 .text.xQueueGenericSend
                0x0800c7f8      0x204 ./Middlewares/Third_Party/FreeRTOS/Source/queue.o
                0x0800c7f8                xQueueGenericSend
 .text.xQueueGenericSendFromISR
                0x0800c9fc      0x13c ./Middlewares/Third_Party/FreeRTOS/Source/queue.o
                0x0800c9fc                xQueueGenericSendFromISR
 .text.xQueueReceive
                0x0800cb38      0x1c4 ./Middlewares/Third_Party/FreeRTOS/Source/queue.o
                0x0800cb38                xQueueReceive
 .text.xQueueReceiveFromISR
                0x0800ccfc      0x104 ./Middlewares/Third_Party/FreeRTOS/Source/queue.o
                0x0800ccfc                xQueueReceiveFromISR
 .text.prvCopyDataToQueue
                0x0800ce00       0xd4 ./Middlewares/Third_Party/FreeRTOS/Source/queue.o
 .text.prvCopyDataFromQueue
                0x0800ced4       0x4c ./Middlewares/Third_Party/FreeRTOS/Source/queue.o
 .text.prvUnlockQueue
                0x0800cf20       0xa4 ./Middlewares/Third_Party/FreeRTOS/Source/queue.o
 .text.prvIsQueueEmpty
                0x0800cfc4       0x2c ./Middlewares/Third_Party/FreeRTOS/Source/queue.o
 .text.prvIsQueueFull
                0x0800cff0       0x30 ./Middlewares/Third_Party/FreeRTOS/Source/queue.o
 .text.vQueueAddToRegistry
                0x0800d020       0x54 ./Middlewares/Third_Party/FreeRTOS/Source/queue.o
                0x0800d020                vQueueAddToRegistry
 .text.vQueueWaitForMessageRestricted
                0x0800d074       0x68 ./Middlewares/Third_Party/FreeRTOS/Source/queue.o
                0x0800d074                vQueueWaitForMessageRestricted
 .text.xTaskCreateStatic
                0x0800d0dc       0xc0 ./Middlewares/Third_Party/FreeRTOS/Source/tasks.o
                0x0800d0dc                xTaskCreateStatic
 .text.xTaskCreate
                0x0800d19c       0x8a ./Middlewares/Third_Party/FreeRTOS/Source/tasks.o
                0x0800d19c                xTaskCreate
 *fill*         0x0800d226        0x2 
 .text.prvInitialiseNewTask
                0x0800d228      0x150 ./Middlewares/Third_Party/FreeRTOS/Source/tasks.o
 .text.prvAddNewTaskToReadyList
                0x0800d378       0xe0 ./Middlewares/Third_Party/FreeRTOS/Source/tasks.o
 .text.vTaskDelay
                0x0800d458       0x6c ./Middlewares/Third_Party/FreeRTOS/Source/tasks.o
                0x0800d458                vTaskDelay
 .text.vTaskStartScheduler
                0x0800d4c4       0xe0 ./Middlewares/Third_Party/FreeRTOS/Source/tasks.o
                0x0800d4c4                vTaskStartScheduler
 .text.vTaskSuspendAll
                0x0800d5a4       0x1c ./Middlewares/Third_Party/FreeRTOS/Source/tasks.o
                0x0800d5a4                vTaskSuspendAll
 .text.xTaskResumeAll
                0x0800d5c0      0x13c ./Middlewares/Third_Party/FreeRTOS/Source/tasks.o
                0x0800d5c0                xTaskResumeAll
 .text.xTaskGetTickCount
                0x0800d6fc       0x20 ./Middlewares/Third_Party/FreeRTOS/Source/tasks.o
                0x0800d6fc                xTaskGetTickCount
 .text.xTaskIncrementTick
                0x0800d71c      0x174 ./Middlewares/Third_Party/FreeRTOS/Source/tasks.o
                0x0800d71c                xTaskIncrementTick
 .text.vTaskSwitchContext
                0x0800d890       0xcc ./Middlewares/Third_Party/FreeRTOS/Source/tasks.o
                0x0800d890                vTaskSwitchContext
 .text.vTaskPlaceOnEventList
                0x0800d95c       0x4c ./Middlewares/Third_Party/FreeRTOS/Source/tasks.o
                0x0800d95c                vTaskPlaceOnEventList
 .text.vTaskPlaceOnUnorderedEventList
                0x0800d9a8       0x7c ./Middlewares/Third_Party/FreeRTOS/Source/tasks.o
                0x0800d9a8                vTaskPlaceOnUnorderedEventList
 .text.vTaskPlaceOnEventListRestricted
                0x0800da24       0x58 ./Middlewares/Third_Party/FreeRTOS/Source/tasks.o
                0x0800da24                vTaskPlaceOnEventListRestricted
 .text.xTaskRemoveFromEventList
                0x0800da7c       0xc8 ./Middlewares/Third_Party/FreeRTOS/Source/tasks.o
                0x0800da7c                xTaskRemoveFromEventList
 .text.vTaskInternalSetTimeOutState
                0x0800db44       0x2c ./Middlewares/Third_Party/FreeRTOS/Source/tasks.o
                0x0800db44                vTaskInternalSetTimeOutState
 .text.xTaskCheckForTimeOut
                0x0800db70       0xc8 ./Middlewares/Third_Party/FreeRTOS/Source/tasks.o
                0x0800db70                xTaskCheckForTimeOut
 .text.vTaskMissedYield
                0x0800dc38       0x18 ./Middlewares/Third_Party/FreeRTOS/Source/tasks.o
                0x0800dc38                vTaskMissedYield
 .text.prvIdleTask
                0x0800dc50       0x30 ./Middlewares/Third_Party/FreeRTOS/Source/tasks.o
 .text.prvInitialiseTaskLists
                0x0800dc80       0x80 ./Middlewares/Third_Party/FreeRTOS/Source/tasks.o
 .text.prvCheckTasksWaitingTermination
                0x0800dd00       0x5c ./Middlewares/Third_Party/FreeRTOS/Source/tasks.o
 .text.prvDeleteTCB
                0x0800dd5c       0x6a ./Middlewares/Third_Party/FreeRTOS/Source/tasks.o
 *fill*         0x0800ddc6        0x2 
 .text.prvResetNextTaskUnblockTime
                0x0800ddc8       0x40 ./Middlewares/Third_Party/FreeRTOS/Source/tasks.o
 .text.xTaskGetSchedulerState
                0x0800de08       0x3c ./Middlewares/Third_Party/FreeRTOS/Source/tasks.o
                0x0800de08                xTaskGetSchedulerState
 .text.xTaskPriorityDisinherit
                0x0800de44       0xe0 ./Middlewares/Third_Party/FreeRTOS/Source/tasks.o
                0x0800de44                xTaskPriorityDisinherit
 .text.uxTaskResetEventItemValue
                0x0800df24       0x30 ./Middlewares/Third_Party/FreeRTOS/Source/tasks.o
                0x0800df24                uxTaskResetEventItemValue
 .text.prvAddCurrentTaskToDelayedList
                0x0800df54       0xa8 ./Middlewares/Third_Party/FreeRTOS/Source/tasks.o
 .text.xTimerCreateTimerTask
                0x0800dffc       0x94 ./Middlewares/Third_Party/FreeRTOS/Source/timers.o
                0x0800dffc                xTimerCreateTimerTask
 .text.xTimerGenericCommand
                0x0800e090       0x9c ./Middlewares/Third_Party/FreeRTOS/Source/timers.o
                0x0800e090                xTimerGenericCommand
 .text.prvProcessExpiredTimer
                0x0800e12c       0x9c ./Middlewares/Third_Party/FreeRTOS/Source/timers.o
 .text.prvTimerTask
                0x0800e1c8       0x26 ./Middlewares/Third_Party/FreeRTOS/Source/timers.o
 *fill*         0x0800e1ee        0x2 
 .text.prvProcessTimerOrBlockTask
                0x0800e1f0       0x9c ./Middlewares/Third_Party/FreeRTOS/Source/timers.o
 .text.prvGetNextExpireTime
                0x0800e28c       0x48 ./Middlewares/Third_Party/FreeRTOS/Source/timers.o
 .text.prvSampleTimeNow
                0x0800e2d4       0x40 ./Middlewares/Third_Party/FreeRTOS/Source/timers.o
 .text.prvInsertTimerInActiveList
                0x0800e314       0x84 ./Middlewares/Third_Party/FreeRTOS/Source/timers.o
 .text.prvProcessReceivedCommands
                0x0800e398      0x1cc ./Middlewares/Third_Party/FreeRTOS/Source/timers.o
 .text.prvSwitchTimerLists
                0x0800e564       0xcc ./Middlewares/Third_Party/FreeRTOS/Source/timers.o
 .text.prvCheckForValidListAndQueue
                0x0800e630       0x80 ./Middlewares/Third_Party/FreeRTOS/Source/timers.o
 .text.xTimerPendFunctionCallFromISR
                0x0800e6b0       0x40 ./Middlewares/Third_Party/FreeRTOS/Source/timers.o
                0x0800e6b0                xTimerPendFunctionCallFromISR
 .text.pxPortInitialiseStack
                0x0800e6f0       0x68 ./Middlewares/Third_Party/FreeRTOS/Source/portable/GCC/ARM_CM4F/port.o
                0x0800e6f0                pxPortInitialiseStack
 .text.prvTaskExitError
                0x0800e758       0x5c ./Middlewares/Third_Party/FreeRTOS/Source/portable/GCC/ARM_CM4F/port.o
 *fill*         0x0800e7b4        0xc 
 .text.SVC_Handler
                0x0800e7c0       0x28 ./Middlewares/Third_Party/FreeRTOS/Source/portable/GCC/ARM_CM4F/port.o
                0x0800e7c0                SVC_Handler
 .text.prvPortStartFirstTask
                0x0800e7e8       0x28 ./Middlewares/Third_Party/FreeRTOS/Source/portable/GCC/ARM_CM4F/port.o
 .text.xPortStartScheduler
                0x0800e810      0x148 ./Middlewares/Third_Party/FreeRTOS/Source/portable/GCC/ARM_CM4F/port.o
                0x0800e810                xPortStartScheduler
 .text.vPortEnterCritical
                0x0800e958       0x64 ./Middlewares/Third_Party/FreeRTOS/Source/portable/GCC/ARM_CM4F/port.o
                0x0800e958                vPortEnterCritical
 .text.vPortExitCritical
                0x0800e9bc       0x54 ./Middlewares/Third_Party/FreeRTOS/Source/portable/GCC/ARM_CM4F/port.o
                0x0800e9bc                vPortExitCritical
 .text.PendSV_Handler
                0x0800ea10       0x68 ./Middlewares/Third_Party/FreeRTOS/Source/portable/GCC/ARM_CM4F/port.o
                0x0800ea10                PendSV_Handler
 .text.xPortSysTickHandler
                0x0800ea78       0x44 ./Middlewares/Third_Party/FreeRTOS/Source/portable/GCC/ARM_CM4F/port.o
                0x0800ea78                xPortSysTickHandler
 .text.vPortSetupTimerInterrupt
                0x0800eabc       0x48 ./Middlewares/Third_Party/FreeRTOS/Source/portable/GCC/ARM_CM4F/port.o
                0x0800eabc                vPortSetupTimerInterrupt
 .text.vPortEnableVFP
                0x0800eb04       0x14 ./Middlewares/Third_Party/FreeRTOS/Source/portable/GCC/ARM_CM4F/port.o
 .text.vPortValidateInterruptPriority
                0x0800eb18       0x84 ./Middlewares/Third_Party/FreeRTOS/Source/portable/GCC/ARM_CM4F/port.o
                0x0800eb18                vPortValidateInterruptPriority
 .text.pvPortMalloc
                0x0800eb9c      0x19c ./Middlewares/Third_Party/FreeRTOS/Source/portable/MemMang/heap_4.o
                0x0800eb9c                pvPortMalloc
 .text.vPortFree
                0x0800ed38       0xc8 ./Middlewares/Third_Party/FreeRTOS/Source/portable/MemMang/heap_4.o
                0x0800ed38                vPortFree
 .text.prvHeapInit
                0x0800ee00       0xc4 ./Middlewares/Third_Party/FreeRTOS/Source/portable/MemMang/heap_4.o
 .text.prvInsertBlockIntoFreeList
                0x0800eec4       0xb4 ./Middlewares/Third_Party/FreeRTOS/Source/portable/MemMang/heap_4.o
 .text.MX_USB_HOST_Init
                0x0800ef78       0x4c ./USB_HOST/App/usb_host.o
                0x0800ef78                MX_USB_HOST_Init
 .text.USBH_UserProcess
                0x0800efc4       0x5c ./USB_HOST/App/usb_host.o
 .text.HAL_HCD_MspInit
                0x0800f020       0xec ./USB_HOST/Target/usbh_conf.o
                0x0800f020                HAL_HCD_MspInit
 .text.HAL_HCD_SOF_Callback
                0x0800f10c       0x1c ./USB_HOST/Target/usbh_conf.o
                0x0800f10c                HAL_HCD_SOF_Callback
 .text.HAL_HCD_Connect_Callback
                0x0800f128       0x1c ./USB_HOST/Target/usbh_conf.o
                0x0800f128                HAL_HCD_Connect_Callback
 .text.HAL_HCD_Disconnect_Callback
                0x0800f144       0x1c ./USB_HOST/Target/usbh_conf.o
                0x0800f144                HAL_HCD_Disconnect_Callback
 .text.HAL_HCD_HC_NotifyURBChange_Callback
                0x0800f160       0x24 ./USB_HOST/Target/usbh_conf.o
                0x0800f160                HAL_HCD_HC_NotifyURBChange_Callback
 .text.HAL_HCD_PortEnabled_Callback
                0x0800f184       0x1c ./USB_HOST/Target/usbh_conf.o
                0x0800f184                HAL_HCD_PortEnabled_Callback
 .text.HAL_HCD_PortDisabled_Callback
                0x0800f1a0       0x1c ./USB_HOST/Target/usbh_conf.o
                0x0800f1a0                HAL_HCD_PortDisabled_Callback
 .text.USBH_LL_Init
                0x0800f1bc       0x78 ./USB_HOST/Target/usbh_conf.o
                0x0800f1bc                USBH_LL_Init
 .text.USBH_LL_Start
                0x0800f234       0x36 ./USB_HOST/Target/usbh_conf.o
                0x0800f234                USBH_LL_Start
 .text.USBH_LL_Stop
                0x0800f26a       0x36 ./USB_HOST/Target/usbh_conf.o
                0x0800f26a                USBH_LL_Stop
 .text.USBH_LL_GetSpeed
                0x0800f2a0       0x4e ./USB_HOST/Target/usbh_conf.o
                0x0800f2a0                USBH_LL_GetSpeed
 .text.USBH_LL_ResetPort
                0x0800f2ee       0x36 ./USB_HOST/Target/usbh_conf.o
                0x0800f2ee                USBH_LL_ResetPort
 .text.USBH_LL_GetLastXferSize
                0x0800f324       0x26 ./USB_HOST/Target/usbh_conf.o
                0x0800f324                USBH_LL_GetLastXferSize
 .text.USBH_LL_OpenPipe
                0x0800f34a       0x5e ./USB_HOST/Target/usbh_conf.o
                0x0800f34a                USBH_LL_OpenPipe
 .text.USBH_LL_ClosePipe
                0x0800f3a8       0x3e ./USB_HOST/Target/usbh_conf.o
                0x0800f3a8                USBH_LL_ClosePipe
 .text.USBH_LL_SubmitURB
                0x0800f3e6       0x62 ./USB_HOST/Target/usbh_conf.o
                0x0800f3e6                USBH_LL_SubmitURB
 .text.USBH_LL_GetURBState
                0x0800f448       0x26 ./USB_HOST/Target/usbh_conf.o
                0x0800f448                USBH_LL_GetURBState
 .text.USBH_LL_DriverVBUS
                0x0800f46e       0x2e ./USB_HOST/Target/usbh_conf.o
                0x0800f46e                USBH_LL_DriverVBUS
 .text.USBH_LL_SetToggle
                0x0800f49c       0x66 ./USB_HOST/Target/usbh_conf.o
                0x0800f49c                USBH_LL_SetToggle
 .text.USBH_Delay
                0x0800f502       0x16 ./USB_HOST/Target/usbh_conf.o
                0x0800f502                USBH_Delay
 .text.USBH_Get_USB_Status
                0x0800f518       0x58 ./USB_HOST/Target/usbh_conf.o
                0x0800f518                USBH_Get_USB_Status
 .text.MX_DriverVbusFS
                0x0800f570       0x38 ./USB_HOST/Target/usbh_platform.o
                0x0800f570                MX_DriverVbusFS
 .text.malloc   0x0800f5a8       0x10 C:/ST/STM32CubeIDE_1.16.0/STM32CubeIDE/plugins/com.st.stm32cube.ide.mcu.externaltools.gnu-tools-for-stm32.12.3.rel1.win32_1.0.200.202406191623/tools/bin/../lib/gcc/arm-none-eabi/12.3.1/../../../../arm-none-eabi/lib/thumb/v7e-m+fp/hard\libc_nano.a(libc_a-malloc.o)
                0x0800f5a8                malloc
 .text.free     0x0800f5b8       0x10 C:/ST/STM32CubeIDE_1.16.0/STM32CubeIDE/plugins/com.st.stm32cube.ide.mcu.externaltools.gnu-tools-for-stm32.12.3.rel1.win32_1.0.200.202406191623/tools/bin/../lib/gcc/arm-none-eabi/12.3.1/../../../../arm-none-eabi/lib/thumb/v7e-m+fp/hard\libc_nano.a(libc_a-malloc.o)
                0x0800f5b8                free
 .text.sbrk_aligned
                0x0800f5c8       0x44 C:/ST/STM32CubeIDE_1.16.0/STM32CubeIDE/plugins/com.st.stm32cube.ide.mcu.externaltools.gnu-tools-for-stm32.12.3.rel1.win32_1.0.200.202406191623/tools/bin/../lib/gcc/arm-none-eabi/12.3.1/../../../../arm-none-eabi/lib/thumb/v7e-m+fp/hard\libc_nano.a(libc_a-mallocr.o)
 .text._malloc_r
                0x0800f60c      0x100 C:/ST/STM32CubeIDE_1.16.0/STM32CubeIDE/plugins/com.st.stm32cube.ide.mcu.externaltools.gnu-tools-for-stm32.12.3.rel1.win32_1.0.200.202406191623/tools/bin/../lib/gcc/arm-none-eabi/12.3.1/../../../../arm-none-eabi/lib/thumb/v7e-m+fp/hard\libc_nano.a(libc_a-mallocr.o)
                0x0800f60c                _malloc_r
 .text.__malloc_lock
                0x0800f70c        0xc C:/ST/STM32CubeIDE_1.16.0/STM32CubeIDE/plugins/com.st.stm32cube.ide.mcu.externaltools.gnu-tools-for-stm32.12.3.rel1.win32_1.0.200.202406191623/tools/bin/../lib/gcc/arm-none-eabi/12.3.1/../../../../arm-none-eabi/lib/thumb/v7e-m+fp/hard\libc_nano.a(libc_a-mlock.o)
                0x0800f70c                __malloc_lock
 .text.__malloc_unlock
                0x0800f718        0xc C:/ST/STM32CubeIDE_1.16.0/STM32CubeIDE/plugins/com.st.stm32cube.ide.mcu.externaltools.gnu-tools-for-stm32.12.3.rel1.win32_1.0.200.202406191623/tools/bin/../lib/gcc/arm-none-eabi/12.3.1/../../../../arm-none-eabi/lib/thumb/v7e-m+fp/hard\libc_nano.a(libc_a-mlock.o)
                0x0800f718                __malloc_unlock
 .text.std      0x0800f724       0x6c C:/ST/STM32CubeIDE_1.16.0/STM32CubeIDE/plugins/com.st.stm32cube.ide.mcu.externaltools.gnu-tools-for-stm32.12.3.rel1.win32_1.0.200.202406191623/tools/bin/../lib/gcc/arm-none-eabi/12.3.1/../../../../arm-none-eabi/lib/thumb/v7e-m+fp/hard\libc_nano.a(libc_a-findfp.o)
 .text.stdio_exit_handler
                0x0800f790       0x18 C:/ST/STM32CubeIDE_1.16.0/STM32CubeIDE/plugins/com.st.stm32cube.ide.mcu.externaltools.gnu-tools-for-stm32.12.3.rel1.win32_1.0.200.202406191623/tools/bin/../lib/gcc/arm-none-eabi/12.3.1/../../../../arm-none-eabi/lib/thumb/v7e-m+fp/hard\libc_nano.a(libc_a-findfp.o)
 .text.cleanup_stdio
                0x0800f7a8       0x40 C:/ST/STM32CubeIDE_1.16.0/STM32CubeIDE/plugins/com.st.stm32cube.ide.mcu.externaltools.gnu-tools-for-stm32.12.3.rel1.win32_1.0.200.202406191623/tools/bin/../lib/gcc/arm-none-eabi/12.3.1/../../../../arm-none-eabi/lib/thumb/v7e-m+fp/hard\libc_nano.a(libc_a-findfp.o)
 .text.global_stdio_init.part.0
                0x0800f7e8       0x3c C:/ST/STM32CubeIDE_1.16.0/STM32CubeIDE/plugins/com.st.stm32cube.ide.mcu.externaltools.gnu-tools-for-stm32.12.3.rel1.win32_1.0.200.202406191623/tools/bin/../lib/gcc/arm-none-eabi/12.3.1/../../../../arm-none-eabi/lib/thumb/v7e-m+fp/hard\libc_nano.a(libc_a-findfp.o)
 .text.__sfp_lock_acquire
                0x0800f824        0xc C:/ST/STM32CubeIDE_1.16.0/STM32CubeIDE/plugins/com.st.stm32cube.ide.mcu.externaltools.gnu-tools-for-stm32.12.3.rel1.win32_1.0.200.202406191623/tools/bin/../lib/gcc/arm-none-eabi/12.3.1/../../../../arm-none-eabi/lib/thumb/v7e-m+fp/hard\libc_nano.a(libc_a-findfp.o)
                0x0800f824                __sfp_lock_acquire
 .text.__sfp_lock_release
                0x0800f830        0xc C:/ST/STM32CubeIDE_1.16.0/STM32CubeIDE/plugins/com.st.stm32cube.ide.mcu.externaltools.gnu-tools-for-stm32.12.3.rel1.win32_1.0.200.202406191623/tools/bin/../lib/gcc/arm-none-eabi/12.3.1/../../../../arm-none-eabi/lib/thumb/v7e-m+fp/hard\libc_nano.a(libc_a-findfp.o)
                0x0800f830                __sfp_lock_release
 .text.__sinit  0x0800f83c       0x30 C:/ST/STM32CubeIDE_1.16.0/STM32CubeIDE/plugins/com.st.stm32cube.ide.mcu.externaltools.gnu-tools-for-stm32.12.3.rel1.win32_1.0.200.202406191623/tools/bin/../lib/gcc/arm-none-eabi/12.3.1/../../../../arm-none-eabi/lib/thumb/v7e-m+fp/hard\libc_nano.a(libc_a-findfp.o)
                0x0800f83c                __sinit
 .text._fwalk_sglue
                0x0800f86c       0x3c C:/ST/STM32CubeIDE_1.16.0/STM32CubeIDE/plugins/com.st.stm32cube.ide.mcu.externaltools.gnu-tools-for-stm32.12.3.rel1.win32_1.0.200.202406191623/tools/bin/../lib/gcc/arm-none-eabi/12.3.1/../../../../arm-none-eabi/lib/thumb/v7e-m+fp/hard\libc_nano.a(libc_a-fwalk.o)
                0x0800f86c                _fwalk_sglue
 .text.printf   0x0800f8a8       0x24 C:/ST/STM32CubeIDE_1.16.0/STM32CubeIDE/plugins/com.st.stm32cube.ide.mcu.externaltools.gnu-tools-for-stm32.12.3.rel1.win32_1.0.200.202406191623/tools/bin/../lib/gcc/arm-none-eabi/12.3.1/../../../../arm-none-eabi/lib/thumb/v7e-m+fp/hard\libc_nano.a(libc_a-printf.o)
                0x0800f8a8                iprintf
                0x0800f8a8                printf
 .text.putchar  0x0800f8cc       0x10 C:/ST/STM32CubeIDE_1.16.0/STM32CubeIDE/plugins/com.st.stm32cube.ide.mcu.externaltools.gnu-tools-for-stm32.12.3.rel1.win32_1.0.200.202406191623/tools/bin/../lib/gcc/arm-none-eabi/12.3.1/../../../../arm-none-eabi/lib/thumb/v7e-m+fp/hard\libc_nano.a(libc_a-putchar.o)
                0x0800f8cc                putchar
 .text.__sread  0x0800f8dc       0x22 C:/ST/STM32CubeIDE_1.16.0/STM32CubeIDE/plugins/com.st.stm32cube.ide.mcu.externaltools.gnu-tools-for-stm32.12.3.rel1.win32_1.0.200.202406191623/tools/bin/../lib/gcc/arm-none-eabi/12.3.1/../../../../arm-none-eabi/lib/thumb/v7e-m+fp/hard\libc_nano.a(libc_a-stdio.o)
                0x0800f8dc                __sread
 .text.__swrite
                0x0800f8fe       0x38 C:/ST/STM32CubeIDE_1.16.0/STM32CubeIDE/plugins/com.st.stm32cube.ide.mcu.externaltools.gnu-tools-for-stm32.12.3.rel1.win32_1.0.200.202406191623/tools/bin/../lib/gcc/arm-none-eabi/12.3.1/../../../../arm-none-eabi/lib/thumb/v7e-m+fp/hard\libc_nano.a(libc_a-stdio.o)
                0x0800f8fe                __swrite
 .text.__sseek  0x0800f936       0x24 C:/ST/STM32CubeIDE_1.16.0/STM32CubeIDE/plugins/com.st.stm32cube.ide.mcu.externaltools.gnu-tools-for-stm32.12.3.rel1.win32_1.0.200.202406191623/tools/bin/../lib/gcc/arm-none-eabi/12.3.1/../../../../arm-none-eabi/lib/thumb/v7e-m+fp/hard\libc_nano.a(libc_a-stdio.o)
                0x0800f936                __sseek
 .text.__sclose
                0x0800f95a        0x8 C:/ST/STM32CubeIDE_1.16.0/STM32CubeIDE/plugins/com.st.stm32cube.ide.mcu.externaltools.gnu-tools-for-stm32.12.3.rel1.win32_1.0.200.202406191623/tools/bin/../lib/gcc/arm-none-eabi/12.3.1/../../../../arm-none-eabi/lib/thumb/v7e-m+fp/hard\libc_nano.a(libc_a-stdio.o)
                0x0800f95a                __sclose
 .text.memset   0x0800f962       0x10 C:/ST/STM32CubeIDE_1.16.0/STM32CubeIDE/plugins/com.st.stm32cube.ide.mcu.externaltools.gnu-tools-for-stm32.12.3.rel1.win32_1.0.200.202406191623/tools/bin/../lib/gcc/arm-none-eabi/12.3.1/../../../../arm-none-eabi/lib/thumb/v7e-m+fp/hard\libc_nano.a(libc_a-memset.o)
                0x0800f962                memset
 *fill*         0x0800f972        0x2 
 .text._close_r
                0x0800f974       0x20 C:/ST/STM32CubeIDE_1.16.0/STM32CubeIDE/plugins/com.st.stm32cube.ide.mcu.externaltools.gnu-tools-for-stm32.12.3.rel1.win32_1.0.200.202406191623/tools/bin/../lib/gcc/arm-none-eabi/12.3.1/../../../../arm-none-eabi/lib/thumb/v7e-m+fp/hard\libc_nano.a(libc_a-closer.o)
                0x0800f974                _close_r
 .text._reclaim_reent
                0x0800f994       0xac C:/ST/STM32CubeIDE_1.16.0/STM32CubeIDE/plugins/com.st.stm32cube.ide.mcu.externaltools.gnu-tools-for-stm32.12.3.rel1.win32_1.0.200.202406191623/tools/bin/../lib/gcc/arm-none-eabi/12.3.1/../../../../arm-none-eabi/lib/thumb/v7e-m+fp/hard\libc_nano.a(libc_a-reent.o)
                0x0800f994                _reclaim_reent
 .text._lseek_r
                0x0800fa40       0x24 C:/ST/STM32CubeIDE_1.16.0/STM32CubeIDE/plugins/com.st.stm32cube.ide.mcu.externaltools.gnu-tools-for-stm32.12.3.rel1.win32_1.0.200.202406191623/tools/bin/../lib/gcc/arm-none-eabi/12.3.1/../../../../arm-none-eabi/lib/thumb/v7e-m+fp/hard\libc_nano.a(libc_a-lseekr.o)
                0x0800fa40                _lseek_r
 .text._read_r  0x0800fa64       0x24 C:/ST/STM32CubeIDE_1.16.0/STM32CubeIDE/plugins/com.st.stm32cube.ide.mcu.externaltools.gnu-tools-for-stm32.12.3.rel1.win32_1.0.200.202406191623/tools/bin/../lib/gcc/arm-none-eabi/12.3.1/../../../../arm-none-eabi/lib/thumb/v7e-m+fp/hard\libc_nano.a(libc_a-readr.o)
                0x0800fa64                _read_r
 .text._sbrk_r  0x0800fa88       0x20 C:/ST/STM32CubeIDE_1.16.0/STM32CubeIDE/plugins/com.st.stm32cube.ide.mcu.externaltools.gnu-tools-for-stm32.12.3.rel1.win32_1.0.200.202406191623/tools/bin/../lib/gcc/arm-none-eabi/12.3.1/../../../../arm-none-eabi/lib/thumb/v7e-m+fp/hard\libc_nano.a(libc_a-sbrkr.o)
                0x0800fa88                _sbrk_r
 .text._write_r
                0x0800faa8       0x24 C:/ST/STM32CubeIDE_1.16.0/STM32CubeIDE/plugins/com.st.stm32cube.ide.mcu.externaltools.gnu-tools-for-stm32.12.3.rel1.win32_1.0.200.202406191623/tools/bin/../lib/gcc/arm-none-eabi/12.3.1/../../../../arm-none-eabi/lib/thumb/v7e-m+fp/hard\libc_nano.a(libc_a-writer.o)
                0x0800faa8                _write_r
 .text.__errno  0x0800facc        0xc C:/ST/STM32CubeIDE_1.16.0/STM32CubeIDE/plugins/com.st.stm32cube.ide.mcu.externaltools.gnu-tools-for-stm32.12.3.rel1.win32_1.0.200.202406191623/tools/bin/../lib/gcc/arm-none-eabi/12.3.1/../../../../arm-none-eabi/lib/thumb/v7e-m+fp/hard\libc_nano.a(libc_a-errno.o)
                0x0800facc                __errno
 .text.__libc_init_array
                0x0800fad8       0x48 C:/ST/STM32CubeIDE_1.16.0/STM32CubeIDE/plugins/com.st.stm32cube.ide.mcu.externaltools.gnu-tools-for-stm32.12.3.rel1.win32_1.0.200.202406191623/tools/bin/../lib/gcc/arm-none-eabi/12.3.1/../../../../arm-none-eabi/lib/thumb/v7e-m+fp/hard\libc_nano.a(libc_a-init.o)
                0x0800fad8                __libc_init_array
 .text.__retarget_lock_init_recursive
                0x0800fb20        0x2 C:/ST/STM32CubeIDE_1.16.0/STM32CubeIDE/plugins/com.st.stm32cube.ide.mcu.externaltools.gnu-tools-for-stm32.12.3.rel1.win32_1.0.200.202406191623/tools/bin/../lib/gcc/arm-none-eabi/12.3.1/../../../../arm-none-eabi/lib/thumb/v7e-m+fp/hard\libc_nano.a(libc_a-lock.o)
                0x0800fb20                __retarget_lock_init_recursive
 .text.__retarget_lock_acquire_recursive
                0x0800fb22        0x2 C:/ST/STM32CubeIDE_1.16.0/STM32CubeIDE/plugins/com.st.stm32cube.ide.mcu.externaltools.gnu-tools-for-stm32.12.3.rel1.win32_1.0.200.202406191623/tools/bin/../lib/gcc/arm-none-eabi/12.3.1/../../../../arm-none-eabi/lib/thumb/v7e-m+fp/hard\libc_nano.a(libc_a-lock.o)
                0x0800fb22                __retarget_lock_acquire_recursive
 .text.__retarget_lock_release_recursive
                0x0800fb24        0x2 C:/ST/STM32CubeIDE_1.16.0/STM32CubeIDE/plugins/com.st.stm32cube.ide.mcu.externaltools.gnu-tools-for-stm32.12.3.rel1.win32_1.0.200.202406191623/tools/bin/../lib/gcc/arm-none-eabi/12.3.1/../../../../arm-none-eabi/lib/thumb/v7e-m+fp/hard\libc_nano.a(libc_a-lock.o)
                0x0800fb24                __retarget_lock_release_recursive
 .text.memcpy   0x0800fb26       0x1c C:/ST/STM32CubeIDE_1.16.0/STM32CubeIDE/plugins/com.st.stm32cube.ide.mcu.externaltools.gnu-tools-for-stm32.12.3.rel1.win32_1.0.200.202406191623/tools/bin/../lib/gcc/arm-none-eabi/12.3.1/../../../../arm-none-eabi/lib/thumb/v7e-m+fp/hard\libc_nano.a(libc_a-memcpy-stub.o)
                0x0800fb26                memcpy
 *fill*         0x0800fb42        0x2 
 .text._free_r  0x0800fb44       0x94 C:/ST/STM32CubeIDE_1.16.0/STM32CubeIDE/plugins/com.st.stm32cube.ide.mcu.externaltools.gnu-tools-for-stm32.12.3.rel1.win32_1.0.200.202406191623/tools/bin/../lib/gcc/arm-none-eabi/12.3.1/../../../../arm-none-eabi/lib/thumb/v7e-m+fp/hard\libc_nano.a(libc_a-freer.o)
                0x0800fb44                _free_r
 .text.__sfputc_r
                0x0800fbd8       0x2e C:/ST/STM32CubeIDE_1.16.0/STM32CubeIDE/plugins/com.st.stm32cube.ide.mcu.externaltools.gnu-tools-for-stm32.12.3.rel1.win32_1.0.200.202406191623/tools/bin/../lib/gcc/arm-none-eabi/12.3.1/../../../../arm-none-eabi/lib/thumb/v7e-m+fp/hard\libc_nano.a(libc_a-nano-vfprintf.o)
 .text.__sfputs_r
                0x0800fc06       0x24 C:/ST/STM32CubeIDE_1.16.0/STM32CubeIDE/plugins/com.st.stm32cube.ide.mcu.externaltools.gnu-tools-for-stm32.12.3.rel1.win32_1.0.200.202406191623/tools/bin/../lib/gcc/arm-none-eabi/12.3.1/../../../../arm-none-eabi/lib/thumb/v7e-m+fp/hard\libc_nano.a(libc_a-nano-vfprintf.o)
                0x0800fc06                __sfputs_r
 *fill*         0x0800fc2a        0x2 
 .text._vfprintf_r
                0x0800fc2c      0x230 C:/ST/STM32CubeIDE_1.16.0/STM32CubeIDE/plugins/com.st.stm32cube.ide.mcu.externaltools.gnu-tools-for-stm32.12.3.rel1.win32_1.0.200.202406191623/tools/bin/../lib/gcc/arm-none-eabi/12.3.1/../../../../arm-none-eabi/lib/thumb/v7e-m+fp/hard\libc_nano.a(libc_a-nano-vfprintf.o)
                0x0800fc2c                _vfprintf_r
                0x0800fc2c                _vfiprintf_r
 .text._printf_common
                0x0800fe5c       0xda C:/ST/STM32CubeIDE_1.16.0/STM32CubeIDE/plugins/com.st.stm32cube.ide.mcu.externaltools.gnu-tools-for-stm32.12.3.rel1.win32_1.0.200.202406191623/tools/bin/../lib/gcc/arm-none-eabi/12.3.1/../../../../arm-none-eabi/lib/thumb/v7e-m+fp/hard\libc_nano.a(libc_a-nano-vfprintf_i.o)
                0x0800fe5c                _printf_common
 *fill*         0x0800ff36        0x2 
 .text._printf_i
                0x0800ff38      0x240 C:/ST/STM32CubeIDE_1.16.0/STM32CubeIDE/plugins/com.st.stm32cube.ide.mcu.externaltools.gnu-tools-for-stm32.12.3.rel1.win32_1.0.200.202406191623/tools/bin/../lib/gcc/arm-none-eabi/12.3.1/../../../../arm-none-eabi/lib/thumb/v7e-m+fp/hard\libc_nano.a(libc_a-nano-vfprintf_i.o)
                0x0800ff38                _printf_i
 .text.__sflush_r
                0x08010178      0x108 C:/ST/STM32CubeIDE_1.16.0/STM32CubeIDE/plugins/com.st.stm32cube.ide.mcu.externaltools.gnu-tools-for-stm32.12.3.rel1.win32_1.0.200.202406191623/tools/bin/../lib/gcc/arm-none-eabi/12.3.1/../../../../arm-none-eabi/lib/thumb/v7e-m+fp/hard\libc_nano.a(libc_a-fflush.o)
                0x08010178                __sflush_r
 .text._fflush_r
                0x08010280       0x50 C:/ST/STM32CubeIDE_1.16.0/STM32CubeIDE/plugins/com.st.stm32cube.ide.mcu.externaltools.gnu-tools-for-stm32.12.3.rel1.win32_1.0.200.202406191623/tools/bin/../lib/gcc/arm-none-eabi/12.3.1/../../../../arm-none-eabi/lib/thumb/v7e-m+fp/hard\libc_nano.a(libc_a-fflush.o)
                0x08010280                _fflush_r
 .text._putc_r  0x080102d0       0x68 C:/ST/STM32CubeIDE_1.16.0/STM32CubeIDE/plugins/com.st.stm32cube.ide.mcu.externaltools.gnu-tools-for-stm32.12.3.rel1.win32_1.0.200.202406191623/tools/bin/../lib/gcc/arm-none-eabi/12.3.1/../../../../arm-none-eabi/lib/thumb/v7e-m+fp/hard\libc_nano.a(libc_a-putc.o)
                0x080102d0                _putc_r
 .text.__swbuf_r
                0x08010338       0x7c C:/ST/STM32CubeIDE_1.16.0/STM32CubeIDE/plugins/com.st.stm32cube.ide.mcu.externaltools.gnu-tools-for-stm32.12.3.rel1.win32_1.0.200.202406191623/tools/bin/../lib/gcc/arm-none-eabi/12.3.1/../../../../arm-none-eabi/lib/thumb/v7e-m+fp/hard\libc_nano.a(libc_a-wbuf.o)
                0x08010338                __swbuf_r
 .text.__swsetup_r
                0x080103b4       0xac C:/ST/STM32CubeIDE_1.16.0/STM32CubeIDE/plugins/com.st.stm32cube.ide.mcu.externaltools.gnu-tools-for-stm32.12.3.rel1.win32_1.0.200.202406191623/tools/bin/../lib/gcc/arm-none-eabi/12.3.1/../../../../arm-none-eabi/lib/thumb/v7e-m+fp/hard\libc_nano.a(libc_a-wsetup.o)
                0x080103b4                __swsetup_r
 .text.__swhatbuf_r
                0x08010460       0x4c C:/ST/STM32CubeIDE_1.16.0/STM32CubeIDE/plugins/com.st.stm32cube.ide.mcu.externaltools.gnu-tools-for-stm32.12.3.rel1.win32_1.0.200.202406191623/tools/bin/../lib/gcc/arm-none-eabi/12.3.1/../../../../arm-none-eabi/lib/thumb/v7e-m+fp/hard\libc_nano.a(libc_a-makebuf.o)
                0x08010460                __swhatbuf_r
 .text.__smakebuf_r
                0x080104ac       0x78 C:/ST/STM32CubeIDE_1.16.0/STM32CubeIDE/plugins/com.st.stm32cube.ide.mcu.externaltools.gnu-tools-for-stm32.12.3.rel1.win32_1.0.200.202406191623/tools/bin/../lib/gcc/arm-none-eabi/12.3.1/../../../../arm-none-eabi/lib/thumb/v7e-m+fp/hard\libc_nano.a(libc_a-makebuf.o)
                0x080104ac                __smakebuf_r
 .text._fstat_r
                0x08010524       0x24 C:/ST/STM32CubeIDE_1.16.0/STM32CubeIDE/plugins/com.st.stm32cube.ide.mcu.externaltools.gnu-tools-for-stm32.12.3.rel1.win32_1.0.200.202406191623/tools/bin/../lib/gcc/arm-none-eabi/12.3.1/../../../../arm-none-eabi/lib/thumb/v7e-m+fp/hard\libc_nano.a(libc_a-fstatr.o)
                0x08010524                _fstat_r
 .text._isatty_r
                0x08010548       0x20 C:/ST/STM32CubeIDE_1.16.0/STM32CubeIDE/plugins/com.st.stm32cube.ide.mcu.externaltools.gnu-tools-for-stm32.12.3.rel1.win32_1.0.200.202406191623/tools/bin/../lib/gcc/arm-none-eabi/12.3.1/../../../../arm-none-eabi/lib/thumb/v7e-m+fp/hard\libc_nano.a(libc_a-isattyr.o)
                0x08010548                _isatty_r
 *(.glue_7)
 .glue_7        0x08010568        0x0 linker stubs
 *(.glue_7t)
 .glue_7t       0x08010568        0x0 linker stubs
 *(.eh_frame)
 .eh_frame      0x08010568        0x0 C:/ST/STM32CubeIDE_1.16.0/STM32CubeIDE/plugins/com.st.stm32cube.ide.mcu.externaltools.gnu-tools-for-stm32.12.3.rel1.win32_1.0.200.202406191623/tools/bin/../lib/gcc/arm-none-eabi/12.3.1/thumb/v7e-m+fp/hard/crtbegin.o
 *(.init)
 .init          0x08010568        0x4 C:/ST/STM32CubeIDE_1.16.0/STM32CubeIDE/plugins/com.st.stm32cube.ide.mcu.externaltools.gnu-tools-for-stm32.12.3.rel1.win32_1.0.200.202406191623/tools/bin/../lib/gcc/arm-none-eabi/12.3.1/thumb/v7e-m+fp/hard/crti.o
                0x08010568                _init
 .init          0x0801056c        0x8 C:/ST/STM32CubeIDE_1.16.0/STM32CubeIDE/plugins/com.st.stm32cube.ide.mcu.externaltools.gnu-tools-for-stm32.12.3.rel1.win32_1.0.200.202406191623/tools/bin/../lib/gcc/arm-none-eabi/12.3.1/thumb/v7e-m+fp/hard/crtn.o
 *(.fini)
 .fini          0x08010574        0x4 C:/ST/STM32CubeIDE_1.16.0/STM32CubeIDE/plugins/com.st.stm32cube.ide.mcu.externaltools.gnu-tools-for-stm32.12.3.rel1.win32_1.0.200.202406191623/tools/bin/../lib/gcc/arm-none-eabi/12.3.1/thumb/v7e-m+fp/hard/crti.o
                0x08010574                _fini
 .fini          0x08010578        0x8 C:/ST/STM32CubeIDE_1.16.0/STM32CubeIDE/plugins/com.st.stm32cube.ide.mcu.externaltools.gnu-tools-for-stm32.12.3.rel1.win32_1.0.200.202406191623/tools/bin/../lib/gcc/arm-none-eabi/12.3.1/thumb/v7e-m+fp/hard/crtn.o
                0x08010580                        . = ALIGN (0x4)
                0x08010580                        _etext = .

.vfp11_veneer   0x08010580        0x0
 .vfp11_veneer  0x08010580        0x0 linker stubs

.v4_bx          0x08010580        0x0
 .v4_bx         0x08010580        0x0 linker stubs

.iplt           0x08010580        0x0
 .iplt          0x08010580        0x0 C:/ST/STM32CubeIDE_1.16.0/STM32CubeIDE/plugins/com.st.stm32cube.ide.mcu.externaltools.gnu-tools-for-stm32.12.3.rel1.win32_1.0.200.202406191623/tools/bin/../lib/gcc/arm-none-eabi/12.3.1/thumb/v7e-m+fp/hard/crtbegin.o

.rodata         0x08010580      0x5a0
                0x08010580                        . = ALIGN (0x4)
 *(.rodata)
 .rodata        0x08010580       0x8f ./Core/Src/main.o
 *fill*         0x0801060f        0x1 
 .rodata        0x08010610       0x9c ./Middlewares/ST/STM32_USB_Host_Library/Class/HID/Src/usbh_hid.o
 .rodata        0x080106ac      0x2d4 ./Middlewares/ST/STM32_USB_Host_Library/Core/Src/usbh_core.o
 .rodata        0x08010980        0x5 ./Middlewares/Third_Party/FreeRTOS/Source/tasks.o
 *fill*         0x08010985        0x3 
 .rodata        0x08010988        0xd ./Middlewares/Third_Party/FreeRTOS/Source/timers.o
 *(.rodata*)
 *fill*         0x08010995        0x3 
 .rodata.defaultTask_attributes
                0x08010998       0x24 ./Core/Src/main.o
                0x08010998                defaultTask_attributes
 .rodata.UartRx_attributes
                0x080109bc       0x24 ./Core/Src/main.o
                0x080109bc                UartRx_attributes
 .rodata.controlMotor1_attributes
                0x080109e0       0x24 ./Core/Src/main.o
                0x080109e0                controlMotor1_attributes
 .rodata.controlMotor2_attributes
                0x08010a04       0x24 ./Core/Src/main.o
                0x08010a04                controlMotor2_attributes
 .rodata.controlMotor3_attributes
                0x08010a28       0x24 ./Core/Src/main.o
                0x08010a28                controlMotor3_attributes
 .rodata.controlMotor4_attributes
                0x08010a4c       0x24 ./Core/Src/main.o
                0x08010a4c                controlMotor4_attributes
 .rodata.inputChangeTask_attributes
                0x08010a70       0x24 ./Core/Src/main.o
                0x08010a70                inputChangeTask_attributes
 .rodata.rxQueue_attributes
                0x08010a94       0x18 ./Core/Src/main.o
                0x08010a94                rxQueue_attributes
 .rodata.gamepadChangesQueue_attributes
                0x08010aac       0x18 ./Core/Src/main.o
                0x08010aac                gamepadChangesQueue_attributes
 .rodata.stepperTrigger_attributes
                0x08010ac4       0x10 ./Core/Src/main.o
                0x08010ac4                stepperTrigger_attributes
 .rodata.AHBPrescTable
                0x08010ad4       0x10 ./Core/Src/system_stm32f4xx.o
                0x08010ad4                AHBPrescTable
 .rodata.APBPrescTable
                0x08010ae4        0x8 ./Core/Src/system_stm32f4xx.o
                0x08010ae4                APBPrescTable
 .rodata._vfprintf_r.str1.1
                0x08010aec       0x11 C:/ST/STM32CubeIDE_1.16.0/STM32CubeIDE/plugins/com.st.stm32cube.ide.mcu.externaltools.gnu-tools-for-stm32.12.3.rel1.win32_1.0.200.202406191623/tools/bin/../lib/gcc/arm-none-eabi/12.3.1/../../../../arm-none-eabi/lib/thumb/v7e-m+fp/hard\libc_nano.a(libc_a-nano-vfprintf.o)
 .rodata._printf_i.str1.1
                0x08010afd       0x22 C:/ST/STM32CubeIDE_1.16.0/STM32CubeIDE/plugins/com.st.stm32cube.ide.mcu.externaltools.gnu-tools-for-stm32.12.3.rel1.win32_1.0.200.202406191623/tools/bin/../lib/gcc/arm-none-eabi/12.3.1/../../../../arm-none-eabi/lib/thumb/v7e-m+fp/hard\libc_nano.a(libc_a-nano-vfprintf_i.o)
                0x08010b20                        . = ALIGN (0x4)
 *fill*         0x08010b1f        0x1 

.ARM.extab      0x08010b20        0x0
                0x08010b20                        . = ALIGN (0x4)
 *(.ARM.extab* .gnu.linkonce.armextab.*)
                0x08010b20                        . = ALIGN (0x4)

.ARM            0x08010b20        0x8
                0x08010b20                        . = ALIGN (0x4)
                0x08010b20                        __exidx_start = .
 *(.ARM.exidx*)
 .ARM.exidx     0x08010b20        0x8 C:/ST/STM32CubeIDE_1.16.0/STM32CubeIDE/plugins/com.st.stm32cube.ide.mcu.externaltools.gnu-tools-for-stm32.12.3.rel1.win32_1.0.200.202406191623/tools/bin/../lib/gcc/arm-none-eabi/12.3.1/../../../../arm-none-eabi/lib/thumb/v7e-m+fp/hard\libc_nano.a(libc_a-memchr.o)
 .ARM.exidx     0x08010b28        0x0 C:/ST/STM32CubeIDE_1.16.0/STM32CubeIDE/plugins/com.st.stm32cube.ide.mcu.externaltools.gnu-tools-for-stm32.12.3.rel1.win32_1.0.200.202406191623/tools/bin/../lib/gcc/arm-none-eabi/12.3.1/thumb/v7e-m+fp/hard\libgcc.a(_udivmoddi4.o)
                                  0x8 (size before relaxing)
                0x08010b28                        __exidx_end = .
                0x08010b28                        . = ALIGN (0x4)

.preinit_array  0x08010b28        0x0
                0x08010b28                        . = ALIGN (0x4)
                0x08010b28                        PROVIDE (__preinit_array_start = .)
 *(.preinit_array*)
                0x08010b28                        PROVIDE (__preinit_array_end = .)
                0x08010b28                        . = ALIGN (0x4)

.init_array     0x08010b28        0x4
                0x08010b28                        . = ALIGN (0x4)
                0x08010b28                        PROVIDE (__init_array_start = .)
 *(SORT_BY_NAME(.init_array.*))
 *(.init_array*)
 .init_array    0x08010b28        0x4 C:/ST/STM32CubeIDE_1.16.0/STM32CubeIDE/plugins/com.st.stm32cube.ide.mcu.externaltools.gnu-tools-for-stm32.12.3.rel1.win32_1.0.200.202406191623/tools/bin/../lib/gcc/arm-none-eabi/12.3.1/thumb/v7e-m+fp/hard/crtbegin.o
                0x08010b2c                        PROVIDE (__init_array_end = .)
                0x08010b2c                        . = ALIGN (0x4)

.fini_array     0x08010b2c        0x4
                0x08010b2c                        . = ALIGN (0x4)
                [!provide]                        PROVIDE (__fini_array_start = .)
 *(SORT_BY_NAME(.fini_array.*))
 *(.fini_array*)