Archive member included to satisfy reference by file (symbol)

C:/ST/STM32CubeIDE_1.16.0/STM32CubeIDE/plugins/com.st.stm32cube.ide.mcu.externaltools.gnu-tools-for-stm32.12.3.rel1.win32_1.0.200.202406191623/tools/bin/../lib/gcc/arm-none-eabi/12.3.1/../../../../arm-none-eabi/lib/thumb/v7e-m+fp/hard\libc_nano.a(libc_a-exit.o)
                              C:/ST/STM32CubeIDE_1.16.0/STM32CubeIDE/plugins/com.st.stm32cube.ide.mcu.externaltools.gnu-tools-for-stm32.12.3.rel1.win32_1.0.200.202406191623/tools/bin/../lib/gcc/arm-none-eabi/12.3.1/../../../../arm-none-eabi/lib/thumb/v7e-m+fp/hard/crt0.o (exit)
C:/ST/STM32CubeIDE_1.16.0/STM32CubeIDE/plugins/com.st.stm32cube.ide.mcu.externaltools.gnu-tools-for-stm32.12.3.rel1.win32_1.0.200.202406191623/tools/bin/../lib/gcc/arm-none-eabi/12.3.1/../../../../arm-none-eabi/lib/thumb/v7e-m+fp/hard\libc_nano.a(libc_a-malloc.o)
                              ./Middlewares/ST/STM32_USB_Host_Library/Class/HID/Src/usbh_hid.o (malloc)
C:/ST/STM32CubeIDE_1.16.0/STM32CubeIDE/plugins/com.st.stm32cube.ide.mcu.externaltools.gnu-tools-for-stm32.12.3.rel1.win32_1.0.200.202406191623/tools/bin/../lib/gcc/arm-none-eabi/12.3.1/../../../../arm-none-eabi/lib/thumb/v7e-m+fp/hard\libc_nano.a(libc_a-mallocr.o)
                              C:/ST/STM32CubeIDE_1.16.0/STM32CubeIDE/plugins/com.st.stm32cube.ide.mcu.externaltools.gnu-tools-for-stm32.12.3.rel1.win32_1.0.200.202406191623/tools/bin/../lib/gcc/arm-none-eabi/12.3.1/../../../../arm-none-eabi/lib/thumb/v7e-m+fp/hard\libc_nano.a(libc_a-malloc.o) (_malloc_r)
C:/ST/STM32CubeIDE_1.16.0/STM32CubeIDE/plugins/com.st.stm32cube.ide.mcu.externaltools.gnu-tools-for-stm32.12.3.rel1.win32_1.0.200.202406191623/tools/bin/../lib/gcc/arm-none-eabi/12.3.1/../../../../arm-none-eabi/lib/thumb/v7e-m+fp/hard\libc_nano.a(libc_a-mlock.o)
                              C:/ST/STM32CubeIDE_1.16.0/STM32CubeIDE/plugins/com.st.stm32cube.ide.mcu.externaltools.gnu-tools-for-stm32.12.3.rel1.win32_1.0.200.202406191623/tools/bin/../lib/gcc/arm-none-eabi/12.3.1/../../../../arm-none-eabi/lib/thumb/v7e-m+fp/hard\libc_nano.a(libc_a-mallocr.o) (__malloc_lock)
C:/ST/STM32CubeIDE_1.16.0/STM32CubeIDE/plugins/com.st.stm32cube.ide.mcu.externaltools.gnu-tools-for-stm32.12.3.rel1.win32_1.0.200.202406191623/tools/bin/../lib/gcc/arm-none-eabi/12.3.1/../../../../arm-none-eabi/lib/thumb/v7e-m+fp/hard\libc_nano.a(libc_a-findfp.o)
                              ./Middlewares/Third_Party/FreeRTOS/Source/tasks.o (__sf)
C:/ST/STM32CubeIDE_1.16.0/STM32CubeIDE/plugins/com.st.stm32cube.ide.mcu.externaltools.gnu-tools-for-stm32.12.3.rel1.win32_1.0.200.202406191623/tools/bin/../lib/gcc/arm-none-eabi/12.3.1/../../../../arm-none-eabi/lib/thumb/v7e-m+fp/hard\libc_nano.a(libc_a-fwalk.o)
                              C:/ST/STM32CubeIDE_1.16.0/STM32CubeIDE/plugins/com.st.stm32cube.ide.mcu.externaltools.gnu-tools-for-stm32.12.3.rel1.win32_1.0.200.202406191623/tools/bin/../lib/gcc/arm-none-eabi/12.3.1/../../../../arm-none-eabi/lib/thumb/v7e-m+fp/hard\libc_nano.a(libc_a-findfp.o) (_fwalk_sglue)
C:/ST/STM32CubeIDE_1.16.0/STM32CubeIDE/plugins/com.st.stm32cube.ide.mcu.externaltools.gnu-tools-for-stm32.12.3.rel1.win32_1.0.200.202406191623/tools/bin/../lib/gcc/arm-none-eabi/12.3.1/../../../../arm-none-eabi/lib/thumb/v7e-m+fp/hard\libc_nano.a(libc_a-printf.o)
                              ./Middlewares/ST/STM32_USB_Host_Library/Class/HID/Src/usbh_hid.o (printf)
C:/ST/STM32CubeIDE_1.16.0/STM32CubeIDE/plugins/com.st.stm32cube.ide.mcu.externaltools.gnu-tools-for-stm32.12.3.rel1.win32_1.0.200.202406191623/tools/bin/../lib/gcc/arm-none-eabi/12.3.1/../../../../arm-none-eabi/lib/thumb/v7e-m+fp/hard\libc_nano.a(libc_a-putchar.o)
                              ./Middlewares/ST/STM32_USB_Host_Library/Class/HID/Src/usbh_hid.o (putchar)
C:/ST/STM32CubeIDE_1.16.0/STM32CubeIDE/plugins/com.st.stm32cube.ide.mcu.externaltools.gnu-tools-for-stm32.12.3.rel1.win32_1.0.200.202406191623/tools/bin/../lib/gcc/arm-none-eabi/12.3.1/../../../../arm-none-eabi/lib/thumb/v7e-m+fp/hard\libc_nano.a(libc_a-stdio.o)
                              C:/ST/STM32CubeIDE_1.16.0/STM32CubeIDE/plugins/com.st.stm32cube.ide.mcu.externaltools.gnu-tools-for-stm32.12.3.rel1.win32_1.0.200.202406191623/tools/bin/../lib/gcc/arm-none-eabi/12.3.1/../../../../arm-none-eabi/lib/thumb/v7e-m+fp/hard\libc_nano.a(libc_a-findfp.o) (__sread)
C:/ST/STM32CubeIDE_1.16.0/STM32CubeIDE/plugins/com.st.stm32cube.ide.mcu.externaltools.gnu-tools-for-stm32.12.3.rel1.win32_1.0.200.202406191623/tools/bin/../lib/gcc/arm-none-eabi/12.3.1/../../../../arm-none-eabi/lib/thumb/v7e-m+fp/hard\libc_nano.a(libc_a-memcmp.o)
                              ./Core/Src/main.o (memcmp)
C:/ST/STM32CubeIDE_1.16.0/STM32CubeIDE/plugins/com.st.stm32cube.ide.mcu.externaltools.gnu-tools-for-stm32.12.3.rel1.win32_1.0.200.202406191623/tools/bin/../lib/gcc/arm-none-eabi/12.3.1/../../../../arm-none-eabi/lib/thumb/v7e-m+fp/hard\libc_nano.a(libc_a-memset.o)
[...]
Memory Configuration

Name             Origin             Length             Attributes
RAM              0x20000000         0x00050000         xrw
FLASH            0x08000000         0x00180000         xr
*default*        0x00000000         0xffffffff

Linker script and memory map

LOAD C:/ST/STM32CubeIDE_1.16.0/STM32CubeIDE/plugins/com.st.stm32cube.ide.mcu.externaltools.gnu-tools-for-stm32.12.3.rel1.win32_1.0.200.202406191623/tools/bin/../lib/gcc/arm-none-eabi/12.3.1/thumb/v7e-m+fp/hard/crti.o
LOAD C:/ST/STM32CubeIDE_1.16.0/STM32CubeIDE/plugins/com.st.stm32cube.ide.mcu.externaltools.gnu-tools-for-stm32.12.3.rel1.win32_1.0.200.202406191623/tools/bin/../lib/gcc/arm-none-eabi/12.3.1/thumb/v7e-m+fp/hard/crtbegin.o
LOAD C:/ST/STM32CubeIDE_1.16.0/STM32CubeIDE/plugins/com.st.stm32cube.ide.mcu.externaltools.gnu-tools-for-stm32.12.3.rel1.win32_1.0.200.202406191623/tools/bin/../lib/gcc/arm-none-eabi/12.3.1/../../../../arm-none-eabi/lib/thumb/v7e-m+fp/hard/crt0.o
LOAD ./Core/Src/freertos.o
LOAD ./Core/Src/main.o
LOAD ./Core/Src/stm32f4xx_hal_msp.o
LOAD ./Core/Src/stm32f4xx_hal_timebase_tim.o
LOAD ./Core/Src/stm32f4xx_it.o
LOAD ./Core/Src/syscalls.o
LOAD ./Core/Src/sysmem.o
LOAD ./Core/Src/system_stm32f4xx.o
LOAD ./Core/Startup/startup_stm32f413zhtx.o
LOAD ./Drivers/STM32F4xx_HAL_Driver/Src/stm32f4xx_hal.o
LOAD ./Drivers/STM32F4xx_HAL_Driver/Src/stm32f4xx_hal_cortex.o
LOAD ./Drivers/STM32F4xx_HAL_Driver/Src/stm32f4xx_hal_dma.o
LOAD ./Drivers/STM32F4xx_HAL_Driver/Src/stm32f4xx_hal_dma_ex.o
LOAD ./Drivers/STM32F4xx_HAL_Driver/Src/stm32f4xx_hal_exti.o
LOAD ./Drivers/STM32F4xx_HAL_Driver/Src/stm32f4xx_hal_flash.o
LOAD ./Drivers/STM32F4xx_HAL_Driver/Src/stm32f4xx_hal_flash_ex.o
LOAD ./Drivers/STM32F4xx_HAL_Driver/Src/stm32f4xx_hal_flash_ramfunc.o
LOAD ./Drivers/STM32F4xx_HAL_Driver/Src/stm32f4xx_hal_gpio.o
LOAD ./Drivers/STM32F4xx_HAL_Driver/Src/stm32f4xx_hal_hcd.o
LOAD ./Drivers/STM32F4xx_HAL_Driver/Src/stm32f4xx_hal_pwr.o
LOAD ./Drivers/STM32F4xx_HAL_Driver/Src/stm32f4xx_hal_pwr_ex.o
LOAD ./Drivers/STM32F4xx_HAL_Driver/Src/stm32f4xx_hal_rcc.o
LOAD ./Drivers/STM32F4xx_HAL_Driver/Src/stm32f4xx_hal_rcc_ex.o
LOAD ./Drivers/STM32F4xx_HAL_Driver/Src/stm32f4xx_hal_tim.o
LOAD ./Drivers/STM32F4xx_HAL_Driver/Src/stm32f4xx_hal_tim_ex.o
LOAD ./Drivers/STM32F4xx_HAL_Driver/Src/stm32f4xx_hal_uart.o
LOAD ./Drivers/STM32F4xx_HAL_Driver/Src/stm32f4xx_ll_usb.o
LOAD ./Middlewares/ST/STM32_USB_Host_Library/Class/HID/Src/usbh_hid.o
LOAD ./Middlewares/ST/STM32_USB_Host_Library/Class/HID/Src/usbh_hid_keybd.o
LOAD ./Middlewares/ST/STM32_USB_Host_Library/Class/HID/Src/usbh_hid_mouse.o
LOAD ./Middlewares/ST/STM32_USB_Host_Library/Class/HID/Src/usbh_hid_parser.o
LOAD ./Middlewares/ST/STM32_USB_Host_Library/Core/Src/usbh_core.o
LOAD ./Middlewares/ST/STM32_USB_Host_Library/Core/Src/usbh_ctlreq.o
LOAD ./Middlewares/ST/STM32_USB_Host_Library/Core/Src/usbh_ioreq.o
LOAD ./Middlewares/ST/STM32_USB_Host_Library/Core/Src/usbh_pipes.o
LOAD ./Middlewares/Third_Party/FreeRTOS/Source/CMSIS_RTOS_V2/cmsis_os2.o
LOAD ./Middlewares/Third_Party/FreeRTOS/Source/croutine.o
LOAD ./Middlewares/Third_Party/FreeRTOS/Source/event_groups.o
LOAD ./Middlewares/Third_Party/FreeRTOS/Source/list.o
LOAD ./Middlewares/Third_Party/FreeRTOS/Source/queue.o
LOAD ./Middlewares/Third_Party/FreeRTOS/Source/stream_buffer.o
LOAD ./Middlewares/Third_Party/FreeRTOS/Source/tasks.o
LOAD ./Middlewares/Third_Party/FreeRTOS/Source/timers.o
LOAD ./Middlewares/Third_Party/FreeRTOS/Source/portable/GCC/ARM_CM4F/port.o
LOAD ./Middlewares/Third_Party/FreeRTOS/Source/portable/MemMang/heap_4.o
LOAD ./USB_HOST/App/usb_host.o
LOAD ./USB_HOST/Target/usbh_conf.o
LOAD ./USB_HOST/Target/usbh_platform.o
START GROUP
LOAD C:/ST/STM32CubeIDE_1.16.0/STM32CubeIDE/plugins/com.st.stm32cube.ide.mcu.externaltools.gnu-tools-for-stm32.12.3.rel1.win32_1.0.200.202406191623/tools/bin/../lib/gcc/arm-none-eabi/12.3.1/../../../../arm-none-eabi/lib/thumb/v7e-m+fp/hard\libc_nano.a
LOAD C:/ST/STM32CubeIDE_1.16.0/STM32CubeIDE/plugins/com.st.stm32cube.ide.mcu.externaltools.gnu-tools-for-stm32.12.3.rel1.win32_1.0.200.202406191623/tools/bin/../lib/gcc/arm-none-eabi/12.3.1/../../../../arm-none-eabi/lib/thumb/v7e-m+fp/hard\libm.a
END GROUP
START GROUP
LOAD C:/ST/STM32CubeIDE_1.16.0/STM32CubeIDE/plugins/com.st.stm32cube.ide.mcu.externaltools.gnu-tools-for-stm32.12.3.rel1.win32_1.0.200.202406191623/tools/bin/../lib/gcc/arm-none-eabi/12.3.1/thumb/v7e-m+fp/hard\libgcc.a
LOAD C:/ST/STM32CubeIDE_1.16.0/STM32CubeIDE/plugins/com.st.stm32cube.ide.mcu.externaltools.gnu-tools-for-stm32.12.3.rel1.win32_1.0.200.202406191623/tools/bin/../lib/gcc/arm-none-eabi/12.3.1/../../../../arm-none-eabi/lib/thumb/v7e-m+fp/hard\libc_nano.a
END GROUP
START GROUP
LOAD C:/ST/STM32CubeIDE_1.16.0/STM32CubeIDE/plugins/com.st.stm32cube.ide.mcu.externaltools.gnu-tools-for-stm32.12.3.rel1.win32_1.0.200.202406191623/tools/bin/../lib/gcc/arm-none-eabi/12.3.1/thumb/v7e-m+fp/hard\libgcc.a
LOAD C:/ST/STM32CubeIDE_1.16.0/STM32CubeIDE/plugins/com.st.stm32cube.ide.mcu.externaltools.gnu-tools-for-stm32.12.3.rel1.win32_1.0.200.202406191623/tools/bin/../lib/gcc/arm-none-eabi/12.3.1/../../../../arm-none-eabi/lib/thumb/v7e-m+fp/hard\libc_nano.a
LOAD C:/ST/STM32CubeIDE_1.16.0/STM32CubeIDE/plugins/com.st.stm32cube.ide.mcu.externaltools.gnu-tools-for-stm32.12.3.rel1.win32_1.0.200.202406191623/tools/bin/../lib/gcc/arm-none-eabi/12.3.1/../../../../arm-none-eabi/lib/thumb/v7e-m+fp/hard\libnosys.a
END GROUP
START GROUP
LOAD C:/ST/STM32CubeIDE_1.16.0/STM32CubeIDE/plugins/com.st.stm32cube.ide.mcu.externaltools.gnu-tools-for-stm32.12.3.rel1.win32_1.0.200.202406191623/tools/bin/../lib/gcc/arm-none-eabi/12.3.1/thumb/v7e-m+fp/hard\libgcc.a
LOAD C:/ST/STM32CubeIDE_1.16.0/STM32CubeIDE/plugins/com.st.stm32cube.ide.mcu.externaltools.gnu-tools-for-stm32.12.3.rel1.win32_1.0.200.202406191623/tools/bin/../lib/gcc/arm-none-eabi/12.3.1/../../../../arm-none-eabi/lib/thumb/v7e-m+fp/hard\libc_nano.a
LOAD C:/ST/STM32CubeIDE_1.16.0/STM32CubeIDE/plugins/com.st.stm32cube.ide.mcu.externaltools.gnu-tools-for-stm32.12.3.rel1.win32_1.0.200.202406191623/tools/bin/../lib/gcc/arm-none-eabi/12.3.1/../../../../arm-none-eabi/lib/thumb/v7e-m+fp/hard\libnosys.a
END GROUP
LOAD C:/ST/STM32CubeIDE_1.16.0/STM32CubeIDE/plugins/com.st.stm32cube.ide.mcu.externaltools.gnu-tools-for-stm32.12.3.rel1.win32_1.0.200.202406191623/tools/bin/../lib/gcc/arm-none-eabi/12.3.1/thumb/v7e-m+fp/hard/crtend.o
LOAD C:/ST/STM32CubeIDE_1.16.0/STM32CubeIDE/plugins/com.st.stm32cube.ide.mcu.externaltools.gnu-tools-for-stm32.12.3.rel1.win32_1.0.200.202406191623/tools/bin/../lib/gcc/arm-none-eabi/12.3.1/thumb/v7e-m+fp/hard/crtn.o
                0x20050000                        _estack = (ORIGIN (RAM) + LENGTH (RAM))
                0x00000200                        _Min_Heap_Size = 0x200
                0x00000400                        _Min_Stack_Size = 0x400

.isr_vector     0x08000000      0x1d8
                0x08000000                        . = ALIGN (0x4)
 *(.isr_vector)
 .isr_vector    0x08000000      0x1d8 ./Core/Startup/startup_stm32f413zhtx.o
                0x08000000                g_pfnVectors
                0x080001d8                        . = ALIGN (0x4)

.text           0x080001e0     0xfb60
                0x080001e0                        . = ALIGN (0x4)
 *(.text)
 .text          0x080001e0       0x40 C:/ST/STM32CubeIDE_1.16.0/STM32CubeIDE/plugins/com.st.stm32cube.ide.mcu.externaltools.gnu-tools-for-stm32.12.3.rel1.win32_1.0.200.202406191623/tools/bin/../lib/gcc/arm-none-eabi/12.3.1/thumb/v7e-m+fp/hard/crtbegin.o
 .text          0x08000220       0xa0 C:/ST/STM32CubeIDE_1.16.0/STM32CubeIDE/plugins/com.st.stm32cube.ide.mcu.externaltools.gnu-tools-for-stm32.12.3.rel1.win32_1.0.200.202406191623/tools/bin/../lib/gcc/arm-none-eabi/12.3.1/../../../../arm-none-eabi/lib/thumb/v7e-m+fp/hard\libc_nano.a(libc_a-memchr.o)
                0x08000220                memchr
 .text          0x080002c0       0x30 C:/ST/STM32CubeIDE_1.16.0/STM32CubeIDE/plugins/com.st.stm32cube.ide.mcu.externaltools.gnu-tools-for-stm32.12.3.rel1.win32_1.0.200.202406191623/tools/bin/../lib/gcc/arm-none-eabi/12.3.1/thumb/v7e-m+fp/hard\libgcc.a(_aeabi_uldivmod.o)
                0x080002c0                __aeabi_uldivmod
 .text          0x080002f0      0x2bc C:/ST/STM32CubeIDE_1.16.0/STM32CubeIDE/plugins/com.st.stm32cube.ide.mcu.externaltools.gnu-tools-for-stm32.12.3.rel1.win32_1.0.200.202406191623/tools/bin/../lib/gcc/arm-none-eabi/12.3.1/thumb/v7e-m+fp/hard\libgcc.a(_udivmoddi4.o)
                0x080002f0                __udivmoddi4
 .text          0x080005ac        0x4 C:/ST/STM32CubeIDE_1.16.0/STM32CubeIDE/plugins/com.st.stm32cube.ide.mcu.externaltools.gnu-tools-for-stm32.12.3.rel1.win32_1.0.200.202406191623/tools/bin/../lib/gcc/arm-none-eabi/12.3.1/thumb/v7e-m+fp/hard\libgcc.a(_dvmd_tls.o)
                0x080005ac                __aeabi_idiv0
                0x080005ac                __aeabi_ldiv0
 *(.text*)
 .text.USBH_HID_EventCallback
                0x080005b0       0x70 ./Core/Src/main.o
                0x080005b0                USBH_HID_EventCallback
 .text.main     0x08000620       0xf8 ./Core/Src/main.o
                0x08000620                main
 .text.SystemClock_Config
                0x08000718       0xd8 ./Core/Src/main.o
                0x08000718                SystemClock_Config
 .text.MX_TIM3_Init
                0x080007f0       0xec ./Core/Src/main.o
 .text.MX_USART3_UART_Init
                0x080008dc       0x54 ./Core/Src/main.o
 .text.MX_GPIO_Init
                0x08000930      0x218 ./Core/Src/main.o
 .text.HAL_UART_RxCpltCallback
                0x08000b48       0x34 ./Core/Src/main.o
                0x08000b48                HAL_UART_RxCpltCallback
 .text.StartDefaultTask
                0x08000b7c       0x70 ./Core/Src/main.o
                0x08000b7c                StartDefaultTask
 .text.uartRxDataManagement
                0x08000bec      0x208 ./Core/Src/main.o
                0x08000bec                uartRxDataManagement
 .text.controlMotor1Task
                0x08000df4       0xac ./Core/Src/main.o
                0x08000df4                controlMotor1Task
 .text.controlMotor2Task
                0x08000ea0       0xbc ./Core/Src/main.o
                0x08000ea0                controlMotor2Task
 .text.controlMotor3Task
                0x08000f5c       0xa4 ./Core/Src/main.o
                0x08000f5c                controlMotor3Task
 .text.funcM4   0x08001000       0x78 ./Core/Src/main.o
                0x08001000                funcM4
 .text.controlMotor4Task
                0x08001078       0x44 ./Core/Src/main.o
                0x08001078                controlMotor4Task
 .text.HAL_TIM_PeriodElapsedCallback
                0x080010bc       0x1e ./Core/Src/main.o
                0x080010bc                HAL_TIM_PeriodElapsedCallback
 .text.Error_Handler
                0x080010da        0xc ./Core/Src/main.o
                0x080010da                Error_Handler
 *fill*         0x080010e6        0x2 
 .text.HAL_MspInit
                0x080010e8       0x58 ./Core/Src/stm32f4xx_hal_msp.o
                0x080010e8                HAL_MspInit
 .text.HAL_TIM_Base_MspInit
                0x08001140       0x50 ./Core/Src/stm32f4xx_hal_msp.o
                0x08001140                HAL_TIM_Base_MspInit
 .text.HAL_TIM_MspPostInit
                0x08001190       0x74 ./Core/Src/stm32f4xx_hal_msp.o
                0x08001190                HAL_TIM_MspPostInit
 .text.HAL_UART_MspInit
                0x08001204       0xa0 ./Core/Src/stm32f4xx_hal_msp.o
                0x08001204                HAL_UART_MspInit
 .text.HAL_InitTick
                0x080012a4       0xf8 ./Core/Src/stm32f4xx_hal_timebase_tim.o
                0x080012a4                HAL_InitTick
 .text.NMI_Handler
                0x0800139c        0x8 ./Core/Src/stm32f4xx_it.o
                0x0800139c                NMI_Handler
 .text.HardFault_Handler
                0x080013a4        0x8 ./Core/Src/stm32f4xx_it.o
                0x080013a4                HardFault_Handler
 .text.MemManage_Handler
                0x080013ac        0x8 ./Core/Src/stm32f4xx_it.o
                0x080013ac                MemManage_Handler
 .text.BusFault_Handler
                0x080013b4        0x8 ./Core/Src/stm32f4xx_it.o
                0x080013b4                BusFault_Handler
 .text.UsageFault_Handler
                0x080013bc        0x8 ./Core/Src/stm32f4xx_it.o
                0x080013bc                UsageFault_Handler
 .text.DebugMon_Handler
                0x080013c4        0xe ./Core/Src/stm32f4xx_it.o
                0x080013c4                DebugMon_Handler
 *fill*         0x080013d2        0x2 
 .text.TIM2_IRQHandler
                0x080013d4       0x14 ./Core/Src/stm32f4xx_it.o
                0x080013d4                TIM2_IRQHandler
 .text.TIM3_IRQHandler
                0x080013e8       0x18 ./Core/Src/stm32f4xx_it.o
                0x080013e8                TIM3_IRQHandler
 .text.USART3_IRQHandler
                0x08001400       0x14 ./Core/Src/stm32f4xx_it.o
                0x08001400                USART3_IRQHandler
 .text.OTG_FS_IRQHandler
                0x08001414       0x14 ./Core/Src/stm32f4xx_it.o
                0x08001414                OTG_FS_IRQHandler
 .text._read    0x08001428       0x3a ./Core/Src/syscalls.o
                0x08001428                _read
 .text._write   0x08001462       0x38 ./Core/Src/syscalls.o
                0x08001462                _write
 .text._close   0x0800149a       0x18 ./Core/Src/syscalls.o
                0x0800149a                _close
 .text._fstat   0x080014b2       0x20 ./Core/Src/syscalls.o
                0x080014b2                _fstat
 .text._isatty  0x080014d2       0x16 ./Core/Src/syscalls.o
                0x080014d2                _isatty
 .text._lseek   0x080014e8       0x1a ./Core/Src/syscalls.o
                0x080014e8                _lseek
 *fill*         0x08001502        0x2 
 .text._sbrk    0x08001504       0x6c ./Core/Src/sysmem.o
                0x08001504                _sbrk
 .text.SystemInit
                0x08001570       0x24 ./Core/Src/system_stm32f4xx.o
                0x08001570                SystemInit
 .text.Reset_Handler
                0x08001594       0x50 ./Core/Startup/startup_stm32f413zhtx.o
                0x08001594                Reset_Handler
 .text.Default_Handler
                0x080015e4        0x2 ./Core/Startup/startup_stm32f413zhtx.o
                0x080015e4                RTC_Alarm_IRQHandler
                0x080015e4                EXTI2_IRQHandler
                0x080015e4                TIM8_CC_IRQHandler
                0x080015e4                UART8_IRQHandler
                0x080015e4                FMPI2C1_EV_IRQHandler
                0x080015e4                SPI4_IRQHandler
                0x080015e4                TIM1_CC_IRQHandler
                0x080015e4                DMA2_Stream5_IRQHandler
                0x080015e4                DMA1_Stream5_IRQHandler
                0x080015e4                CAN3_RX1_IRQHandler
                0x080015e4                PVD_IRQHandler
                0x080015e4                SDIO_IRQHandler
                0x080015e4                TAMP_STAMP_IRQHandler
                0x080015e4                CAN2_RX1_IRQHandler
                0x080015e4                EXTI3_IRQHandler
                0x080015e4                TIM8_TRG_COM_TIM14_IRQHandler
                0x080015e4                DFSDM1_FLT1_IRQHandler
                0x080015e4                TIM1_UP_TIM10_IRQHandler
                0x080015e4                TIM8_UP_TIM13_IRQHandler
                0x080015e4                I2C3_ER_IRQHandler
                0x080015e4                EXTI0_IRQHandler
                0x080015e4                I2C2_EV_IRQHandler
                0x080015e4                DMA1_Stream2_IRQHandler
                0x080015e4                CAN1_RX0_IRQHandler
                0x080015e4                FPU_IRQHandler
                0x080015e4                CAN3_SCE_IRQHandler
                0x080015e4                CAN2_SCE_IRQHandler
                0x080015e4                DMA2_Stream2_IRQHandler
                0x080015e4                SPI1_IRQHandler
                0x080015e4                TIM6_DAC_IRQHandler
                0x080015e4                TIM1_BRK_TIM9_IRQHandler
                0x080015e4                CAN2_RX0_IRQHandler
                0x080015e4                DMA2_Stream3_IRQHandler
                0x080015e4                USART6_IRQHandler
                0x080015e4                CAN3_RX0_IRQHandler
                0x080015e4                DFSDM2_FLT3_IRQHandler
                0x080015e4                CAN1_RX1_IRQHandler
                0x080015e4                UART5_IRQHandler
                0x080015e4                DMA2_Stream0_IRQHandler
                0x080015e4                TIM4_IRQHandler
                0x080015e4                QUADSPI_IRQHandler
                0x080015e4                I2C1_EV_IRQHandler
                0x080015e4                DMA1_Stream6_IRQHandler
                0x080015e4                DMA1_Stream1_IRQHandler
                0x080015e4                UART4_IRQHandler
                0x080015e4                RCC_IRQHandler
                0x080015e4                UART9_IRQHandler
                0x080015e4                TIM8_BRK_TIM12_IRQHandler
                0x080015e4                Default_Handler
                0x080015e4                EXTI15_10_IRQHandler
                0x080015e4                ADC_IRQHandler
                0x080015e4                DMA1_Stream7_IRQHandler
                0x080015e4                DFSDM2_FLT0_IRQHandler
                0x080015e4                SPI5_IRQHandler
                0x080015e4                TIM7_IRQHandler
                0x080015e4                CAN2_TX_IRQHandler
                0x080015e4                TIM5_IRQHandler
                0x080015e4                DMA2_Stream7_IRQHandler
                0x080015e4                I2C3_EV_IRQHandler
                0x080015e4                DFSDM2_FLT2_IRQHandler
                0x080015e4                EXTI9_5_IRQHandler
                0x080015e4                RTC_WKUP_IRQHandler
                0x080015e4                SPI2_IRQHandler
                0x080015e4                DMA1_Stream0_IRQHandler
                0x080015e4                CAN1_TX_IRQHandler
                0x080015e4                FMPI2C1_ER_IRQHandler
                0x080015e4                EXTI4_IRQHandler
                0x080015e4                DFSDM2_FLT1_IRQHandler
                0x080015e4                RNG_IRQHandler
                0x080015e4                FSMC_IRQHandler
                0x080015e4                WWDG_IRQHandler
                0x080015e4                CAN3_TX_IRQHandler
                0x080015e4                OTG_FS_WKUP_IRQHandler
                0x080015e4                TIM1_TRG_COM_TIM11_IRQHandler
                0x080015e4                EXTI1_IRQHandler
                0x080015e4                UART7_IRQHandler
                0x080015e4                USART2_IRQHandler
                0x080015e4                DFSDM1_FLT0_IRQHandler
                0x080015e4                I2C2_ER_IRQHandler
                0x080015e4                DMA2_Stream1_IRQHandler
                0x080015e4                CAN1_SCE_IRQHandler
                0x080015e4                FLASH_IRQHandler
                0x080015e4                DMA2_Stream4_IRQHandler
                0x080015e4                USART1_IRQHandler
                0x080015e4                SPI3_IRQHandler
                0x080015e4                DMA1_Stream4_IRQHandler
                0x080015e4                I2C1_ER_IRQHandler
                0x080015e4                LPTIM1_IRQHandler
                0x080015e4                DMA2_Stream6_IRQHandler
                0x080015e4                UART10_IRQHandler
                0x080015e4                SAI1_IRQHandler
                0x080015e4                DMA1_Stream3_IRQHandler
 *fill*         0x080015e6        0x2 
 .text.HAL_Init
                0x080015e8       0x44 ./Drivers/STM32F4xx_HAL_Driver/Src/stm32f4xx_hal.o
                0x080015e8                HAL_Init
 .text.HAL_IncTick
                0x0800162c       0x28 ./Drivers/STM32F4xx_HAL_Driver/Src/stm32f4xx_hal.o
                0x0800162c                HAL_IncTick
 .text.HAL_GetTick
                0x08001654       0x18 ./Drivers/STM32F4xx_HAL_Driver/Src/stm32f4xx_hal.o
                0x08001654                HAL_GetTick
 .text.HAL_Delay
                0x0800166c       0x48 ./Drivers/STM32F4xx_HAL_Driver/Src/stm32f4xx_hal.o
                0x0800166c                HAL_Delay
 .text.__NVIC_SetPriorityGrouping
                0x080016b4       0x48 ./Drivers/STM32F4xx_HAL_Driver/Src/stm32f4xx_hal_cortex.o
 .text.__NVIC_GetPriorityGrouping
                0x080016fc       0x1c ./Drivers/STM32F4xx_HAL_Driver/Src/stm32f4xx_hal_cortex.o
 .text.__NVIC_EnableIRQ
                0x08001718       0x3c ./Drivers/STM32F4xx_HAL_Driver/Src/stm32f4xx_hal_cortex.o
 .text.__NVIC_SetPriority
                0x08001754       0x54 ./Drivers/STM32F4xx_HAL_Driver/Src/stm32f4xx_hal_cortex.o
 .text.NVIC_EncodePriority
                0x080017a8       0x66 ./Drivers/STM32F4xx_HAL_Driver/Src/stm32f4xx_hal_cortex.o
 .text.HAL_NVIC_SetPriorityGrouping
                0x0800180e       0x16 ./Drivers/STM32F4xx_HAL_Driver/Src/stm32f4xx_hal_cortex.o
                0x0800180e                HAL_NVIC_SetPriorityGrouping
 .text.HAL_NVIC_SetPriority
                0x08001824       0x38 ./Drivers/STM32F4xx_HAL_Driver/Src/stm32f4xx_hal_cortex.o
                0x08001824                HAL_NVIC_SetPriority
 .text.HAL_NVIC_EnableIRQ
                0x0800185c       0x1c ./Drivers/STM32F4xx_HAL_Driver/Src/stm32f4xx_hal_cortex.o
                0x0800185c                HAL_NVIC_EnableIRQ
 .text.HAL_DMA_Abort
                0x08001878       0xe0 ./Drivers/STM32F4xx_HAL_Driver/Src/stm32f4xx_hal_dma.o
                0x08001878                HAL_DMA_Abort
 .text.HAL_DMA_Abort_IT
                0x08001958       0x44 ./Drivers/STM32F4xx_HAL_Driver/Src/stm32f4xx_hal_dma.o
                0x08001958                HAL_DMA_Abort_IT
 .text.HAL_GPIO_Init
                0x0800199c      0x328 ./Drivers/STM32F4xx_HAL_Driver/Src/stm32f4xx_hal_gpio.o
                0x0800199c                HAL_GPIO_Init
 .text.HAL_GPIO_WritePin
                0x08001cc4       0x32 ./Drivers/STM32F4xx_HAL_Driver/Src/stm32f4xx_hal_gpio.o
                0x08001cc4                HAL_GPIO_WritePin
 .text.HAL_GPIO_TogglePin
                0x08001cf6       0x34 ./Drivers/STM32F4xx_HAL_Driver/Src/stm32f4xx_hal_gpio.o
                0x08001cf6                HAL_GPIO_TogglePin
 .text.HAL_HCD_Init
                0x08001d2a       0xce ./Drivers/STM32F4xx_HAL_Driver/Src/stm32f4xx_hal_hcd.o
                0x08001d2a                HAL_HCD_Init
 .text.HAL_HCD_HC_Init
                0x08001df8      0x170 ./Drivers/STM32F4xx_HAL_Driver/Src/stm32f4xx_hal_hcd.o
                0x08001df8                HAL_HCD_HC_Init
 .text.HAL_HCD_HC_Halt
                0x08001f68       0x46 ./Drivers/STM32F4xx_HAL_Driver/Src/stm32f4xx_hal_hcd.o
                0x08001f68                HAL_HCD_HC_Halt
 *fill*         0x08001fae        0x2 
 .text.HAL_HCD_HC_SubmitRequest
                0x08001fb0      0x33c ./Drivers/STM32F4xx_HAL_Driver/Src/stm32f4xx_hal_hcd.o
                0x08001fb0                HAL_HCD_HC_SubmitRequest
 .text.HAL_HCD_IRQHandler
                0x080022ec      0x220 ./Drivers/STM32F4xx_HAL_Driver/Src/stm32f4xx_hal_hcd.o
                0x080022ec                HAL_HCD_IRQHandler
 .text.HAL_HCD_Start
                0x0800250c       0x46 ./Drivers/STM32F4xx_HAL_Driver/Src/stm32f4xx_hal_hcd.o
                0x0800250c                HAL_HCD_Start
 .text.HAL_HCD_Stop
                0x08002552       0x3a ./Drivers/STM32F4xx_HAL_Driver/Src/stm32f4xx_hal_hcd.o
                0x08002552                HAL_HCD_Stop
 .text.HAL_HCD_ResetPort
                0x0800258c       0x1c ./Drivers/STM32F4xx_HAL_Driver/Src/stm32f4xx_hal_hcd.o
                0x0800258c                HAL_HCD_ResetPort
 .text.HAL_HCD_HC_GetURBState
                0x080025a8       0x2a ./Drivers/STM32F4xx_HAL_Driver/Src/stm32f4xx_hal_hcd.o
                0x080025a8                HAL_HCD_HC_GetURBState
 .text.HAL_HCD_HC_GetXferCount
                0x080025d2       0x2a ./Drivers/STM32F4xx_HAL_Driver/Src/stm32f4xx_hal_hcd.o
                0x080025d2                HAL_HCD_HC_GetXferCount
 .text.HAL_HCD_GetCurrentFrame
                0x080025fc       0x1c ./Drivers/STM32F4xx_HAL_Driver/Src/stm32f4xx_hal_hcd.o
                0x080025fc                HAL_HCD_GetCurrentFrame
 .text.HAL_HCD_GetCurrentSpeed
                0x08002618       0x1c ./Drivers/STM32F4xx_HAL_Driver/Src/stm32f4xx_hal_hcd.o
                0x08002618                HAL_HCD_GetCurrentSpeed
 .text.HAL_HCD_HC_ClearHubInfo
                0x08002634       0x6a ./Drivers/STM32F4xx_HAL_Driver/Src/stm32f4xx_hal_hcd.o
                0x08002634                HAL_HCD_HC_ClearHubInfo
 .text.HCD_HC_IN_IRQHandler
                0x0800269e      0xcd2 ./Drivers/STM32F4xx_HAL_Driver/Src/stm32f4xx_hal_hcd.o
 .text.HCD_HC_OUT_IRQHandler
                0x08003370      0x94a ./Drivers/STM32F4xx_HAL_Driver/Src/stm32f4xx_hal_hcd.o
 .text.HCD_RXQLVL_IRQHandler
                0x08003cba      0x1be ./Drivers/STM32F4xx_HAL_Driver/Src/stm32f4xx_hal_hcd.o
 .text.HCD_Port_IRQHandler
                0x08003e78       0xe6 ./Drivers/STM32F4xx_HAL_Driver/Src/stm32f4xx_hal_hcd.o
 *fill*         0x08003f5e        0x2 
 .text.HAL_RCC_ClockConfig
                0x08003f60      0x1cc ./Drivers/STM32F4xx_HAL_Driver/Src/stm32f4xx_hal_rcc.o
                0x08003f60                HAL_RCC_ClockConfig
 .text.HAL_RCC_GetSysClockFreq
                0x0800412c      0x20c ./Drivers/STM32F4xx_HAL_Driver/Src/stm32f4xx_hal_rcc.o
                0x0800412c                HAL_RCC_GetSysClockFreq
 .text.HAL_RCC_GetHCLKFreq
                0x08004338       0x18 ./Drivers/STM32F4xx_HAL_Driver/Src/stm32f4xx_hal_rcc.o
                0x08004338                HAL_RCC_GetHCLKFreq
 .text.HAL_RCC_GetPCLK1Freq
                0x08004350       0x28 ./Drivers/STM32F4xx_HAL_Driver/Src/stm32f4xx_hal_rcc.o
                0x08004350                HAL_RCC_GetPCLK1Freq
 .text.HAL_RCC_GetPCLK2Freq
                0x08004378       0x28 ./Drivers/STM32F4xx_HAL_Driver/Src/stm32f4xx_hal_rcc.o
                0x08004378                HAL_RCC_GetPCLK2Freq
 .text.HAL_RCC_GetClockConfig
                0x080043a0       0x64 ./Drivers/STM32F4xx_HAL_Driver/Src/stm32f4xx_hal_rcc.o
                0x080043a0                HAL_RCC_GetClockConfig
 .text.HAL_RCCEx_PeriphCLKConfig
                0x08004404      0x518 ./Drivers/STM32F4xx_HAL_Driver/Src/stm32f4xx_hal_rcc_ex.o
                0x08004404                HAL_RCCEx_PeriphCLKConfig
 .text.HAL_RCC_OscConfig
                0x0800491c      0x508 ./Drivers/STM32F4xx_HAL_Driver/Src/stm32f4xx_hal_rcc_ex.o
                0x0800491c                HAL_RCC_OscConfig
 .text.HAL_TIM_Base_Init
                0x08004e24       0x9e ./Drivers/STM32F4xx_HAL_Driver/Src/stm32f4xx_hal_tim.o
                0x08004e24                HAL_TIM_Base_Init
 *fill*         0x08004ec2        0x2 
 .text.HAL_TIM_Base_Start_IT
                0x08004ec4       0xe0 ./Drivers/STM32F4xx_HAL_Driver/Src/stm32f4xx_hal_tim.o
                0x08004ec4                HAL_TIM_Base_Start_IT
 .text.HAL_TIM_PWM_Init
                0x08004fa4       0x9e ./Drivers/STM32F4xx_HAL_Driver/Src/stm32f4xx_hal_tim.o
                0x08004fa4                HAL_TIM_PWM_Init
 .text.HAL_TIM_PWM_MspInit
                0x08005042       0x14 ./Drivers/STM32F4xx_HAL_Driver/Src/stm32f4xx_hal_tim.o
                0x08005042                HAL_TIM_PWM_MspInit
 *fill*         0x08005056        0x2 
 .text.HAL_TIM_PWM_Start_IT
                0x08005058      0x22c ./Drivers/STM32F4xx_HAL_Driver/Src/stm32f4xx_hal_tim.o
                0x08005058                HAL_TIM_PWM_Start_IT
 .text.HAL_TIM_PWM_Stop_IT
                0x08005284      0x17c ./Drivers/STM32F4xx_HAL_Driver/Src/stm32f4xx_hal_tim.o
                0x08005284                HAL_TIM_PWM_Stop_IT
 .text.HAL_TIM_IRQHandler
                0x08005400      0x1e0 ./Drivers/STM32F4xx_HAL_Driver/Src/stm32f4xx_hal_tim.o
                0x08005400                HAL_TIM_IRQHandler
 .text.HAL_TIM_PWM_ConfigChannel
                0x080055e0      0x184 ./Drivers/STM32F4xx_HAL_Driver/Src/stm32f4xx_hal_tim.o
                0x080055e0                HAL_TIM_PWM_ConfigChannel
 .text.HAL_TIM_ConfigClockSource
                0x08005764      0x18e ./Drivers/STM32F4xx_HAL_Driver/Src/stm32f4xx_hal_tim.o
                0x08005764                HAL_TIM_ConfigClockSource
 .text.HAL_TIM_OC_DelayElapsedCallback
                0x080058f2       0x14 ./Drivers/STM32F4xx_HAL_Driver/Src/stm32f4xx_hal_tim.o
                0x080058f2                HAL_TIM_OC_DelayElapsedCallback
 .text.HAL_TIM_IC_CaptureCallback
                0x08005906       0x14 ./Drivers/STM32F4xx_HAL_Driver/Src/stm32f4xx_hal_tim.o
                0x08005906                HAL_TIM_IC_CaptureCallback
 .text.HAL_TIM_PWM_PulseFinishedCallback
                0x0800591a       0x14 ./Drivers/STM32F4xx_HAL_Driver/Src/stm32f4xx_hal_tim.o
                0x0800591a                HAL_TIM_PWM_PulseFinishedCallback
 .text.HAL_TIM_TriggerCallback
                0x0800592e       0x14 ./Drivers/STM32F4xx_HAL_Driver/Src/stm32f4xx_hal_tim.o
                0x0800592e                HAL_TIM_TriggerCallback
 *fill*         0x08005942        0x2 
 .text.TIM_Base_SetConfig
                0x08005944      0x158 ./Drivers/STM32F4xx_HAL_Driver/Src/stm32f4xx_hal_tim.o
                0x08005944                TIM_Base_SetConfig
 .text.TIM_OC1_SetConfig
                0x08005a9c       0xe0 ./Drivers/STM32F4xx_HAL_Driver/Src/stm32f4xx_hal_tim.o
 .text.TIM_OC2_SetConfig
                0x08005b7c       0xec ./Drivers/STM32F4xx_HAL_Driver/Src/stm32f4xx_hal_tim.o
                0x08005b7c                TIM_OC2_SetConfig
 .text.TIM_OC3_SetConfig
                0x08005c68       0xe8 ./Drivers/STM32F4xx_HAL_Driver/Src/stm32f4xx_hal_tim.o
 .text.TIM_OC4_SetConfig
                0x08005d50       0xac ./Drivers/STM32F4xx_HAL_Driver/Src/stm32f4xx_hal_tim.o
 .text.TIM_TI1_ConfigInputStage
                0x08005dfc       0x5e ./Drivers/STM32F4xx_HAL_Driver/Src/stm32f4xx_hal_tim.o
 .text.TIM_TI2_ConfigInputStage
                0x08005e5a       0x60 ./Drivers/STM32F4xx_HAL_Driver/Src/stm32f4xx_hal_tim.o
 .text.TIM_ITRx_SetConfig
                0x08005eba       0x36 ./Drivers/STM32F4xx_HAL_Driver/Src/stm32f4xx_hal_tim.o
 .text.TIM_ETR_SetConfig
                0x08005ef0       0x40 ./Drivers/STM32F4xx_HAL_Driver/Src/stm32f4xx_hal_tim.o
                0x08005ef0                TIM_ETR_SetConfig
 .text.TIM_CCxChannelCmd
                0x08005f30       0x4a ./Drivers/STM32F4xx_HAL_Driver/Src/stm32f4xx_hal_tim.o
                0x08005f30                TIM_CCxChannelCmd
 *fill*         0x08005f7a        0x2 
 .text.HAL_TIMEx_MasterConfigSynchronization
                0x08005f7c       0xf8 ./Drivers/STM32F4xx_HAL_Driver/Src/stm32f4xx_hal_tim_ex.o
                0x08005f7c                HAL_TIMEx_MasterConfigSynchronization
 .text.HAL_TIMEx_CommutCallback
                0x08006074       0x14 ./Drivers/STM32F4xx_HAL_Driver/Src/stm32f4xx_hal_tim_ex.o
                0x08006074                HAL_TIMEx_CommutCallback
 .text.HAL_TIMEx_BreakCallback
                0x08006088       0x14 ./Drivers/STM32F4xx_HAL_Driver/Src/stm32f4xx_hal_tim_ex.o
                0x08006088                HAL_TIMEx_BreakCallback
 .text.HAL_UART_Init
                0x0800609c       0xa0 ./Drivers/STM32F4xx_HAL_Driver/Src/stm32f4xx_hal_uart.o
                0x0800609c                HAL_UART_Init
 .text.HAL_UART_Receive_IT
                0x0800613c       0x4a ./Drivers/STM32F4xx_HAL_Driver/Src/stm32f4xx_hal_uart.o
                0x0800613c                HAL_UART_Receive_IT
 *fill*         0x08006186        0x2 
 .text.HAL_UART_IRQHandler
                0x08006188      0x524 ./Drivers/STM32F4xx_HAL_Driver/Src/stm32f4xx_hal_uart.o
                0x08006188                HAL_UART_IRQHandler
 .text.HAL_UART_TxCpltCallback
                0x080066ac       0x14 ./Drivers/STM32F4xx_HAL_Driver/Src/stm32f4xx_hal_uart.o
                0x080066ac                HAL_UART_TxCpltCallback
 .text.HAL_UART_ErrorCallback
                0x080066c0       0x14 ./Drivers/STM32F4xx_HAL_Driver/Src/stm32f4xx_hal_uart.o
                0x080066c0                HAL_UART_ErrorCallback
 .text.HAL_UARTEx_RxEventCallback
                0x080066d4       0x18 ./Drivers/STM32F4xx_HAL_Driver/Src/stm32f4xx_hal_uart.o
                0x080066d4                HAL_UARTEx_RxEventCallback
 .text.UART_Start_Receive_IT
                0x080066ec       0x74 ./Drivers/STM32F4xx_HAL_Driver/Src/stm32f4xx_hal_uart.o
                0x080066ec                UART_Start_Receive_IT
 .text.UART_EndRxTransfer
                0x08006760       0xc6 ./Drivers/STM32F4xx_HAL_Driver/Src/stm32f4xx_hal_uart.o
 .text.UART_DMAAbortOnError
                0x08006826       0x28 ./Drivers/STM32F4xx_HAL_Driver/Src/stm32f4xx_hal_uart.o
 .text.UART_Transmit_IT
                0x0800684e       0xa0 ./Drivers/STM32F4xx_HAL_Driver/Src/stm32f4xx_hal_uart.o
 .text.UART_EndTransmit_IT
                0x080068ee       0x30 ./Drivers/STM32F4xx_HAL_Driver/Src/stm32f4xx_hal_uart.o
 .text.UART_Receive_IT
                0x0800691e      0x17c ./Drivers/STM32F4xx_HAL_Driver/Src/stm32f4xx_hal_uart.o
 *fill*         0x08006a9a        0x2 
 .text.UART_SetConfig
                0x08006a9c      0x508 ./Drivers/STM32F4xx_HAL_Driver/Src/stm32f4xx_hal_uart.o
 .text.USB_CoreInit
                0x08006fa4       0xc8 ./Drivers/STM32F4xx_HAL_Driver/Src/stm32f4xx_ll_usb.o
                0x08006fa4                USB_CoreInit
 .text.USB_EnableGlobalInt
                0x0800706c       0x22 ./Drivers/STM32F4xx_HAL_Driver/Src/stm32f4xx_ll_usb.o
                0x0800706c                USB_EnableGlobalInt
 .text.USB_DisableGlobalInt
                0x0800708e       0x22 ./Drivers/STM32F4xx_HAL_Driver/Src/stm32f4xx_ll_usb.o
                0x0800708e                USB_DisableGlobalInt
 .text.USB_SetCurrentMode
                0x080070b0       0x98 ./Drivers/STM32F4xx_HAL_Driver/Src/stm32f4xx_ll_usb.o
                0x080070b0                USB_SetCurrentMode
 .text.USB_FlushTxFifo
                0x08007148       0x64 ./Drivers/STM32F4xx_HAL_Driver/Src/stm32f4xx_ll_usb.o
                0x08007148                USB_FlushTxFifo
 .text.USB_FlushRxFifo
                0x080071ac       0x5c ./Drivers/STM32F4xx_HAL_Driver/Src/stm32f4xx_ll_usb.o
                0x080071ac                USB_FlushRxFifo
 .text.USB_WritePacket
                0x08007208       0x7c ./Drivers/STM32F4xx_HAL_Driver/Src/stm32f4xx_ll_usb.o
                0x08007208                USB_WritePacket
 .text.USB_ReadPacket
                0x08007284       0xb0 ./Drivers/STM32F4xx_HAL_Driver/Src/stm32f4xx_ll_usb.o
                0x08007284                USB_ReadPacket
 .text.USB_ReadInterrupts
                0x08007334       0x26 ./Drivers/STM32F4xx_HAL_Driver/Src/stm32f4xx_ll_usb.o
                0x08007334                USB_ReadInterrupts
 .text.USB_ReadChInterrupts
                0x0800735a       0x42 ./Drivers/STM32F4xx_HAL_Driver/Src/stm32f4xx_ll_usb.o
                0x0800735a                USB_ReadChInterrupts
 .text.USB_GetMode
                0x0800739c       0x1c ./Drivers/STM32F4xx_HAL_Driver/Src/stm32f4xx_ll_usb.o
                0x0800739c                USB_GetMode
 .text.USB_CoreReset
                0x080073b8       0x62 ./Drivers/STM32F4xx_HAL_Driver/Src/stm32f4xx_ll_usb.o
 *fill*         0x0800741a        0x2 
 .text.USB_HostInit
                0x0800741c      0x150 ./Drivers/STM32F4xx_HAL_Driver/Src/stm32f4xx_ll_usb.o
                0x0800741c                USB_HostInit
 .text.USB_InitFSLSPClkSel
                0x0800756c       0x7a ./Drivers/STM32F4xx_HAL_Driver/Src/stm32f4xx_ll_usb.o
                0x0800756c                USB_InitFSLSPClkSel
 .text.USB_ResetPort
                0x080075e6       0x54 ./Drivers/STM32F4xx_HAL_Driver/Src/stm32f4xx_ll_usb.o
                0x080075e6                USB_ResetPort
 .text.USB_DriveVbus
                0x0800763a       0x72 ./Drivers/STM32F4xx_HAL_Driver/Src/stm32f4xx_ll_usb.o
                0x0800763a                USB_DriveVbus
 .text.USB_GetHostSpeed
                0x080076ac       0x2e ./Drivers/STM32F4xx_HAL_Driver/Src/stm32f4xx_ll_usb.o
                0x080076ac                USB_GetHostSpeed
 .text.USB_GetCurrentFrame
                0x080076da       0x22 ./Drivers/STM32F4xx_HAL_Driver/Src/stm32f4xx_ll_usb.o
                0x080076da                USB_GetCurrentFrame
 .text.USB_HC_Init
                0x080076fc      0x22c ./Drivers/STM32F4xx_HAL_Driver/Src/stm32f4xx_ll_usb.o
                0x080076fc                USB_HC_Init
 .text.USB_HC_StartXfer
                0x08007928      0x488 ./Drivers/STM32F4xx_HAL_Driver/Src/stm32f4xx_ll_usb.o
                0x08007928                USB_HC_StartXfer
 .text.USB_HC_ReadInterrupt
                0x08007db0       0x22 ./Drivers/STM32F4xx_HAL_Driver/Src/stm32f4xx_ll_usb.o
                0x08007db0                USB_HC_ReadInterrupt
 .text.USB_HC_Halt
                0x08007dd2      0x240 ./Drivers/STM32F4xx_HAL_Driver/Src/stm32f4xx_ll_usb.o
                0x08007dd2                USB_HC_Halt
 .text.USB_StopHost
                0x08008012      0x124 ./Drivers/STM32F4xx_HAL_Driver/Src/stm32f4xx_ll_usb.o
                0x08008012                USB_StopHost
 *fill*         0x08008136        0x2 
 .text.USBH_HID_InterfaceInit
                0x08008138      0x350 ./Middlewares/ST/STM32_USB_Host_Library/Class/HID/Src/usbh_hid.o
 .text.USBH_HID_GenericInit
                0x08008488       0x80 ./Middlewares/ST/STM32_USB_Host_Library/Class/HID/Src/usbh_hid.o
 .text.USBH_HID_InterfaceDeInit
                0x08008508       0x8c ./Middlewares/ST/STM32_USB_Host_Library/Class/HID/Src/usbh_hid.o
 .text.USBH_HID_ClassRequest
                0x08008594       0xfc ./Middlewares/ST/STM32_USB_Host_Library/Class/HID/Src/usbh_hid.o
 .text.USBH_HID_Process
                0x08008690      0x210 ./Middlewares/ST/STM32_USB_Host_Library/Class/HID/Src/usbh_hid.o
 .text.USBH_HID_SOFProcess
                0x080088a0       0x5a ./Middlewares/ST/STM32_USB_Host_Library/Class/HID/Src/usbh_hid.o
 .text.USBH_HID_GetHIDReportDescriptor
                0x080088fa       0x3e ./Middlewares/ST/STM32_USB_Host_Library/Class/HID/Src/usbh_hid.o
                0x080088fa                USBH_HID_GetHIDReportDescriptor
 .text.USBH_HID_SetIdle
                0x08008938       0x50 ./Middlewares/ST/STM32_USB_Host_Library/Class/HID/Src/usbh_hid.o
                0x08008938                USBH_HID_SetIdle
 .text.USBH_HID_GetReport
                0x08008988       0x58 ./Middlewares/ST/STM32_USB_Host_Library/Class/HID/Src/usbh_hid.o
                0x08008988                USBH_HID_GetReport
 .text.USBH_HID_SetProtocol
                0x080089e0       0x4c ./Middlewares/ST/STM32_USB_Host_Library/Class/HID/Src/usbh_hid.o
                0x080089e0                USBH_HID_SetProtocol
 .text.USBH_HID_ParseHIDDesc
                0x08008a2c       0xb6 ./Middlewares/ST/STM32_USB_Host_Library/Class/HID/Src/usbh_hid.o
 .text.USBH_HID_FifoInit
                0x08008ae2       0x38 ./Middlewares/ST/STM32_USB_Host_Library/Class/HID/Src/usbh_hid.o
                0x08008ae2                USBH_HID_FifoInit
 .text.USBH_HID_FifoRead
                0x08008b1a       0x92 ./Middlewares/ST/STM32_USB_Host_Library/Class/HID/Src/usbh_hid.o
                0x08008b1a                USBH_HID_FifoRead
 .text.USBH_HID_FifoWrite
                0x08008bac       0xa8 ./Middlewares/ST/STM32_USB_Host_Library/Class/HID/Src/usbh_hid.o
                0x08008bac                USBH_HID_FifoWrite
 .text.USBH_HID_GetReportData
                0x08008c54       0x8e ./Middlewares/ST/STM32_USB_Host_Library/Class/HID/Src/usbh_hid.o
                0x08008c54                USBH_HID_GetReportData
 *fill*         0x08008ce2        0x2 
 .text.USBH_HID_KeybdInit
                0x08008ce4       0xa8 ./Middlewares/ST/STM32_USB_Host_Library/Class/HID/Src/usbh_hid_keybd.o
                0x08008ce4                USBH_HID_KeybdInit
 .text.USBH_HID_MouseInit
                0x08008d8c       0x94 ./Middlewares/ST/STM32_USB_Host_Library/Class/HID/Src/usbh_hid_mouse.o
                0x08008d8c                USBH_HID_MouseInit
 .text.USBH_Init
                0x08008e20       0xb8 ./Middlewares/ST/STM32_USB_Host_Library/Core/Src/usbh_core.o
                0x08008e20                USBH_Init
 .text.DeInitStateMachine
                0x08008ed8       0xe6 ./Middlewares/ST/STM32_USB_Host_Library/Core/Src/usbh_core.o
 .text.USBH_RegisterClass
                0x08008fbe       0x54 ./Middlewares/ST/STM32_USB_Host_Library/Core/Src/usbh_core.o
                0x08008fbe                USBH_RegisterClass
 *fill*         0x08009012        0x2 
 .text.USBH_SelectInterface
                0x08009014       0xb4 ./Middlewares/ST/STM32_USB_Host_Library/Core/Src/usbh_core.o
                0x08009014                USBH_SelectInterface
 .text.USBH_FindInterface
                0x080090c8       0x8c ./Middlewares/ST/STM32_USB_Host_Library/Core/Src/usbh_core.o
                0x080090c8                USBH_FindInterface
 .text.USBH_Start
                0x08009154       0x20 ./Middlewares/ST/STM32_USB_Host_Library/Core/Src/usbh_core.o
                0x08009154                USBH_Start
 .text.USBH_Process
                0x08009174      0x5bc ./Middlewares/ST/STM32_USB_Host_Library/Core/Src/usbh_core.o
                0x08009174                USBH_Process
 .text.USBH_HandleEnum
                0x08009730      0x574 ./Middlewares/ST/STM32_USB_Host_Library/Core/Src/usbh_core.o
 .text.USBH_LL_SetTimer
                0x08009ca4       0x1e ./Middlewares/ST/STM32_USB_Host_Library/Core/Src/usbh_core.o
                0x08009ca4                USBH_LL_SetTimer
 .text.USBH_LL_IncTimer
                0x08009cc2       0x24 ./Middlewares/ST/STM32_USB_Host_Library/Core/Src/usbh_core.o
                0x08009cc2                USBH_LL_IncTimer
 .text.USBH_HandleSof
                0x08009ce6       0x30 ./Middlewares/ST/STM32_USB_Host_Library/Core/Src/usbh_core.o
 .text.USBH_LL_PortEnabled
                0x08009d16       0x34 ./Middlewares/ST/STM32_USB_Host_Library/Core/Src/usbh_core.o
                0x08009d16                USBH_LL_PortEnabled
 .text.USBH_LL_PortDisabled
                0x08009d4a       0x1c ./Middlewares/ST/STM32_USB_Host_Library/Core/Src/usbh_core.o
                0x08009d4a                USBH_LL_PortDisabled
 .text.USBH_LL_Connect
                0x08009d66       0x46 ./Middlewares/ST/STM32_USB_Host_Library/Core/Src/usbh_core.o
                0x08009d66                USBH_LL_Connect
 .text.USBH_LL_Disconnect
                0x08009dac       0x64 ./Middlewares/ST/STM32_USB_Host_Library/Core/Src/usbh_core.o
                0x08009dac                USBH_LL_Disconnect
 .text.USBH_Process_OS
                0x08009e10       0x2e ./Middlewares/ST/STM32_USB_Host_Library/Core/Src/usbh_core.o
 .text.USBH_LL_NotifyURBChange
                0x08009e3e       0x2e ./Middlewares/ST/STM32_USB_Host_Library/Core/Src/usbh_core.o
                0x08009e3e                USBH_LL_NotifyURBChange
 .text.USBH_Get_DevDesc
                0x08009e6c       0x58 ./Middlewares/ST/STM32_USB_Host_Library/Core/Src/usbh_ctlreq.o
                0x08009e6c                USBH_Get_DevDesc
 .text.USBH_Get_CfgDesc
                0x08009ec4       0x54 ./Middlewares/ST/STM32_USB_Host_Library/Core/Src/usbh_ctlreq.o
                0x08009ec4                USBH_Get_CfgDesc
 .text.USBH_Get_StringDesc
                0x08009f18       0x68 ./Middlewares/ST/STM32_USB_Host_Library/Core/Src/usbh_ctlreq.o
                0x08009f18                USBH_Get_StringDesc
 .text.USBH_GetDescriptor
                0x08009f80       0x6a ./Middlewares/ST/STM32_USB_Host_Library/Core/Src/usbh_ctlreq.o
                0x08009f80                USBH_GetDescriptor
 .text.USBH_SetAddress
                0x08009fea       0x48 ./Middlewares/ST/STM32_USB_Host_Library/Core/Src/usbh_ctlreq.o
                0x08009fea                USBH_SetAddress
 .text.USBH_SetCfg
                0x0800a032       0x46 ./Middlewares/ST/STM32_USB_Host_Library/Core/Src/usbh_ctlreq.o
                0x0800a032                USBH_SetCfg
 .text.USBH_SetFeature
                0x0800a078       0x48 ./Middlewares/ST/STM32_USB_Host_Library/Core/Src/usbh_ctlreq.o
                0x0800a078                USBH_SetFeature
 .text.USBH_ClrFeature
                0x0800a0c0       0x48 ./Middlewares/ST/STM32_USB_Host_Library/Core/Src/usbh_ctlreq.o
                0x0800a0c0                USBH_ClrFeature
 .text.USBH_ParseDevDesc
                0x0800a108      0x160 ./Middlewares/ST/STM32_USB_Host_Library/Core/Src/usbh_ctlreq.o
 .text.USBH_ParseCfgDesc
                0x0800a268      0x1f0 ./Middlewares/ST/STM32_USB_Host_Library/Core/Src/usbh_ctlreq.o
 .text.USBH_ParseInterfaceDesc
                0x0800a458       0x68 ./Middlewares/ST/STM32_USB_Host_Library/Core/Src/usbh_ctlreq.o
 .text.USBH_ParseEPDesc
                0x0800a4c0      0x1d0 ./Middlewares/ST/STM32_USB_Host_Library/Core/Src/usbh_ctlreq.o
 .text.USBH_ParseStringDesc
                0x0800a690       0x66 ./Middlewares/ST/STM32_USB_Host_Library/Core/Src/usbh_ctlreq.o
 .text.USBH_GetNextDesc
                0x0800a6f6       0x34 ./Middlewares/ST/STM32_USB_Host_Library/Core/Src/usbh_ctlreq.o
                0x0800a6f6                USBH_GetNextDesc
 .text.USBH_CtlReq
                0x0800a72a       0xb2 ./Middlewares/ST/STM32_USB_Host_Library/Core/Src/usbh_ctlreq.o
                0x0800a72a                USBH_CtlReq
 .text.USBH_HandleControl
                0x0800a7dc      0x490 ./Middlewares/ST/STM32_USB_Host_Library/Core/Src/usbh_ctlreq.o
 .text.USBH_CtlSendSetup
                0x0800ac6c       0x34 ./Middlewares/ST/STM32_USB_Host_Library/Core/Src/usbh_ioreq.o
                0x0800ac6c                USBH_CtlSendSetup
 .text.USBH_CtlSendData
                0x0800aca0       0x4a ./Middlewares/ST/STM32_USB_Host_Library/Core/Src/usbh_ioreq.o
                0x0800aca0                USBH_CtlSendData
 .text.USBH_CtlReceiveData
                0x0800acea       0x3c ./Middlewares/ST/STM32_USB_Host_Library/Core/Src/usbh_ioreq.o
                0x0800acea                USBH_CtlReceiveData
 .text.USBH_InterruptReceiveData
                0x0800ad26       0x3e ./Middlewares/ST/STM32_USB_Host_Library/Core/Src/usbh_ioreq.o
                0x0800ad26                USBH_InterruptReceiveData
 .text.USBH_OpenPipe
                0x0800ad64       0x3e ./Middlewares/ST/STM32_USB_Host_Library/Core/Src/usbh_pipes.o
                0x0800ad64                USBH_OpenPipe
 .text.USBH_ClosePipe
                0x0800ada2       0x20 ./Middlewares/ST/STM32_USB_Host_Library/Core/Src/usbh_pipes.o
                0x0800ada2                USBH_ClosePipe
 .text.USBH_AllocPipe
                0x0800adc2       0x42 ./Middlewares/ST/STM32_USB_Host_Library/Core/Src/usbh_pipes.o
                0x0800adc2                USBH_AllocPipe
 .text.USBH_FreePipe
                0x0800ae04       0x3c ./Middlewares/ST/STM32_USB_Host_Library/Core/Src/usbh_pipes.o
                0x0800ae04                USBH_FreePipe
 .text.USBH_GetFreePipe
                0x0800ae40       0x48 ./Middlewares/ST/STM32_USB_Host_Library/Core/Src/usbh_pipes.o
 .text.__NVIC_SetPriority
                0x0800ae88       0x54 ./Middlewares/Third_Party/FreeRTOS/Source/CMSIS_RTOS_V2/cmsis_os2.o
 .text.SysTick_Handler
                0x0800aedc       0x20 ./Middlewares/Third_Party/FreeRTOS/Source/CMSIS_RTOS_V2/cmsis_os2.o
                0x0800aedc                SysTick_Handler
 .text.SVC_Setup
                0x0800aefc       0x12 ./Middlewares/Third_Party/FreeRTOS/Source/CMSIS_RTOS_V2/cmsis_os2.o
 *fill*         0x0800af0e        0x2 
 .text.osKernelInitialize
                0x0800af10       0x48 ./Middlewares/Third_Party/FreeRTOS/Source/CMSIS_RTOS_V2/cmsis_os2.o
                0x0800af10                osKernelInitialize
 .text.osKernelStart
                0x0800af58       0x4c ./Middlewares/Third_Party/FreeRTOS/Source/CMSIS_RTOS_V2/cmsis_os2.o
                0x0800af58                osKernelStart
 .text.osThreadNew
                0x0800afa4      0x124 ./Middlewares/Third_Party/FreeRTOS/Source/CMSIS_RTOS_V2/cmsis_os2.o
                0x0800afa4                osThreadNew
 .text.osDelay  0x0800b0c8       0x36 ./Middlewares/Third_Party/FreeRTOS/Source/CMSIS_RTOS_V2/cmsis_os2.o
                0x0800b0c8                osDelay
 .text.osEventFlagsNew
                0x0800b0fe       0x7e ./Middlewares/Third_Party/FreeRTOS/Source/CMSIS_RTOS_V2/cmsis_os2.o
                0x0800b0fe                osEventFlagsNew
 .text.osEventFlagsSet
                0x0800b17c       0x84 ./Middlewares/Third_Party/FreeRTOS/Source/CMSIS_RTOS_V2/cmsis_os2.o
                0x0800b17c                osEventFlagsSet
 .text.osEventFlagsClear
                0x0800b200       0x62 ./Middlewares/Third_Party/FreeRTOS/Source/CMSIS_RTOS_V2/cmsis_os2.o
                0x0800b200                osEventFlagsClear
 .text.osEventFlagsWait
                0x0800b262       0xca ./Middlewares/Third_Party/FreeRTOS/Source/CMSIS_RTOS_V2/cmsis_os2.o
                0x0800b262                osEventFlagsWait
 .text.osMessageQueueNew
                0x0800b32c       0xe6 ./Middlewares/Third_Party/FreeRTOS/Source/CMSIS_RTOS_V2/cmsis_os2.o
                0x0800b32c                osMessageQueueNew
 *fill*         0x0800b412        0x2 
 .text.osMessageQueuePut
                0x0800b414       0xc0 ./Middlewares/Third_Party/FreeRTOS/Source/CMSIS_RTOS_V2/cmsis_os2.o
                0x0800b414                osMessageQueuePut
 .text.osMessageQueueGet
                0x0800b4d4       0xbc ./Middlewares/Third_Party/FreeRTOS/Source/CMSIS_RTOS_V2/cmsis_os2.o
                0x0800b4d4                osMessageQueueGet
 .text.vApplicationGetIdleTaskMemory
                0x0800b590       0x34 ./Middlewares/Third_Party/FreeRTOS/Source/CMSIS_RTOS_V2/cmsis_os2.o
                0x0800b590                vApplicationGetIdleTaskMemory
 .text.vApplicationGetTimerTaskMemory
                0x0800b5c4       0x34 ./Middlewares/Third_Party/FreeRTOS/Source/CMSIS_RTOS_V2/cmsis_os2.o
                0x0800b5c4                vApplicationGetTimerTaskMemory
 .text.xEventGroupCreateStatic
                0x0800b5f8       0x72 ./Middlewares/Third_Party/FreeRTOS/Source/event_groups.o
                0x0800b5f8                xEventGroupCreateStatic
 .text.xEventGroupCreate
                0x0800b66a       0x34 ./Middlewares/Third_Party/FreeRTOS/Source/event_groups.o
                0x0800b66a                xEventGroupCreate
 *fill*         0x0800b69e        0x2 
 .text.xEventGroupWaitBits
                0x0800b6a0      0x1a4 ./Middlewares/Third_Party/FreeRTOS/Source/event_groups.o
                0x0800b6a0                xEventGroupWaitBits
 .text.xEventGroupClearBits
                0x0800b844       0x72 ./Middlewares/Third_Party/FreeRTOS/Source/event_groups.o
                0x0800b844                xEventGroupClearBits
 *fill*         0x0800b8b6        0x2 
 .text.xEventGroupClearBitsFromISR
                0x0800b8b8       0x28 ./Middlewares/Third_Party/FreeRTOS/Source/event_groups.o
                0x0800b8b8                xEventGroupClearBitsFromISR
 .text.xEventGroupGetBitsFromISR
                0x0800b8e0       0x48 ./Middlewares/Third_Party/FreeRTOS/Source/event_groups.o
                0x0800b8e0                xEventGroupGetBitsFromISR
 .text.xEventGroupSetBits
                0x0800b928      0x118 ./Middlewares/Third_Party/FreeRTOS/Source/event_groups.o
                0x0800b928                xEventGroupSetBits
 .text.vEventGroupSetBitsCallback
                0x0800ba40       0x1a ./Middlewares/Third_Party/FreeRTOS/Source/event_groups.o
                0x0800ba40                vEventGroupSetBitsCallback
 .text.vEventGroupClearBitsCallback
                0x0800ba5a       0x1a ./Middlewares/Third_Party/FreeRTOS/Source/event_groups.o
                0x0800ba5a                vEventGroupClearBitsCallback
 .text.prvTestWaitCondition
                0x0800ba74       0x44 ./Middlewares/Third_Party/FreeRTOS/Source/event_groups.o
 .text.xEventGroupSetBitsFromISR
                0x0800bab8       0x28 ./Middlewares/Third_Party/FreeRTOS/Source/event_groups.o
                0x0800bab8                xEventGroupSetBitsFromISR
 .text.vListInitialise
                0x0800bae0       0x40 ./Middlewares/Third_Party/FreeRTOS/Source/list.o
                0x0800bae0                vListInitialise
 .text.vListInitialiseItem
                0x0800bb20       0x1a ./Middlewares/Third_Party/FreeRTOS/Source/list.o
                0x0800bb20                vListInitialiseItem
 .text.vListInsertEnd
                0x0800bb3a       0x48 ./Middlewares/Third_Party/FreeRTOS/Source/list.o
                0x0800bb3a                vListInsertEnd
 .text.vListInsert
                0x0800bb82       0x72 ./Middlewares/Third_Party/FreeRTOS/Source/list.o
                0x0800bb82                vListInsert
 .text.uxListRemove
                0x0800bbf4       0x54 ./Middlewares/Third_Party/FreeRTOS/Source/list.o
                0x0800bbf4                uxListRemove
 .text.xQueueGenericReset
                0x0800bc48       0xd4 ./Middlewares/Third_Party/FreeRTOS/Source/queue.o
                0x0800bc48                xQueueGenericReset
 .text.xQueueGenericCreateStatic
                0x0800bd1c       0xfa ./Middlewares/Third_Party/FreeRTOS/Source/queue.o
                0x0800bd1c                xQueueGenericCreateStatic
 .text.xQueueGenericCreate
                0x0800be16       0x76 ./Middlewares/Third_Party/FreeRTOS/Source/queue.o
                0x0800be16                xQueueGenericCreate
 .text.prvInitialiseNewQueue
                0x0800be8c       0x46 ./Middlewares/Third_Party/FreeRTOS/Source/queue.o
 *fill*         0x0800bed2        0x2 
 .text.xQueueGenericSend
                0x0800bed4      0x204 ./Middlewares/Third_Party/FreeRTOS/Source/queue.o
                0x0800bed4                xQueueGenericSend
 .text.xQueueGenericSendFromISR
                0x0800c0d8      0x13c ./Middlewares/Third_Party/FreeRTOS/Source/queue.o
                0x0800c0d8                xQueueGenericSendFromISR
 .text.xQueueReceive
                0x0800c214      0x1c4 ./Middlewares/Third_Party/FreeRTOS/Source/queue.o
                0x0800c214                xQueueReceive
 .text.xQueueReceiveFromISR
                0x0800c3d8      0x104 ./Middlewares/Third_Party/FreeRTOS/Source/queue.o
                0x0800c3d8                xQueueReceiveFromISR
 .text.prvCopyDataToQueue
                0x0800c4dc       0xd4 ./Middlewares/Third_Party/FreeRTOS/Source/queue.o
 .text.prvCopyDataFromQueue
                0x0800c5b0       0x4c ./Middlewares/Third_Party/FreeRTOS/Source/queue.o
 .text.prvUnlockQueue
                0x0800c5fc       0xa4 ./Middlewares/Third_Party/FreeRTOS/Source/queue.o
 .text.prvIsQueueEmpty
                0x0800c6a0       0x2c ./Middlewares/Third_Party/FreeRTOS/Source/queue.o
 .text.prvIsQueueFull
                0x0800c6cc       0x30 ./Middlewares/Third_Party/FreeRTOS/Source/queue.o
 .text.vQueueAddToRegistry
                0x0800c6fc       0x54 ./Middlewares/Third_Party/FreeRTOS/Source/queue.o
                0x0800c6fc                vQueueAddToRegistry
 .text.vQueueWaitForMessageRestricted
                0x0800c750       0x68 ./Middlewares/Third_Party/FreeRTOS/Source/queue.o
                0x0800c750                vQueueWaitForMessageRestricted
 .text.xTaskCreateStatic
                0x0800c7b8       0xc0 ./Middlewares/Third_Party/FreeRTOS/Source/tasks.o
                0x0800c7b8                xTaskCreateStatic
 .text.xTaskCreate
                0x0800c878       0x8a ./Middlewares/Third_Party/FreeRTOS/Source/tasks.o
                0x0800c878                xTaskCreate
 *fill*         0x0800c902        0x2 
 .text.prvInitialiseNewTask
                0x0800c904      0x150 ./Middlewares/Third_Party/FreeRTOS/Source/tasks.o
 .text.prvAddNewTaskToReadyList
                0x0800ca54       0xe0 ./Middlewares/Third_Party/FreeRTOS/Source/tasks.o
 .text.vTaskDelay
                0x0800cb34       0x6c ./Middlewares/Third_Party/FreeRTOS/Source/tasks.o
                0x0800cb34                vTaskDelay
 .text.vTaskStartScheduler
                0x0800cba0       0xe0 ./Middlewares/Third_Party/FreeRTOS/Source/tasks.o
                0x0800cba0                vTaskStartScheduler
 .text.vTaskSuspendAll
                0x0800cc80       0x1c ./Middlewares/Third_Party/FreeRTOS/Source/tasks.o
                0x0800cc80                vTaskSuspendAll
 .text.xTaskResumeAll
                0x0800cc9c      0x13c ./Middlewares/Third_Party/FreeRTOS/Source/tasks.o
                0x0800cc9c                xTaskResumeAll
 .text.xTaskGetTickCount
                0x0800cdd8       0x20 ./Middlewares/Third_Party/FreeRTOS/Source/tasks.o
                0x0800cdd8                xTaskGetTickCount
 .text.xTaskIncrementTick
                0x0800cdf8      0x174 ./Middlewares/Third_Party/FreeRTOS/Source/tasks.o
                0x0800cdf8                xTaskIncrementTick
 .text.vTaskSwitchContext
                0x0800cf6c       0xcc ./Middlewares/Third_Party/FreeRTOS/Source/tasks.o
                0x0800cf6c                vTaskSwitchContext
 .text.vTaskPlaceOnEventList
                0x0800d038       0x4c ./Middlewares/Third_Party/FreeRTOS/Source/tasks.o
                0x0800d038                vTaskPlaceOnEventList
 .text.vTaskPlaceOnUnorderedEventList
                0x0800d084       0x7c ./Middlewares/Third_Party/FreeRTOS/Source/tasks.o
                0x0800d084                vTaskPlaceOnUnorderedEventList
 .text.vTaskPlaceOnEventListRestricted
                0x0800d100       0x58 ./Middlewares/Third_Party/FreeRTOS/Source/tasks.o
                0x0800d100                vTaskPlaceOnEventListRestricted
 .text.xTaskRemoveFromEventList
                0x0800d158       0xc8 ./Middlewares/Third_Party/FreeRTOS/Source/tasks.o
                0x0800d158                xTaskRemoveFromEventList
 .text.vTaskRemoveFromUnorderedEventList
                0x0800d220       0xc8 ./Middlewares/Third_Party/FreeRTOS/Source/tasks.o
                0x0800d220                vTaskRemoveFromUnorderedEventList
 .text.vTaskInternalSetTimeOutState
                0x0800d2e8       0x2c ./Middlewares/Third_Party/FreeRTOS/Source/tasks.o
                0x0800d2e8                vTaskInternalSetTimeOutState
 .text.xTaskCheckForTimeOut
                0x0800d314       0xc8 ./Middlewares/Third_Party/FreeRTOS/Source/tasks.o
                0x0800d314                xTaskCheckForTimeOut
 .text.vTaskMissedYield
                0x0800d3dc       0x18 ./Middlewares/Third_Party/FreeRTOS/Source/tasks.o
                0x0800d3dc                vTaskMissedYield
 .text.prvIdleTask
                0x0800d3f4       0x30 ./Middlewares/Third_Party/FreeRTOS/Source/tasks.o
 .text.prvInitialiseTaskLists
                0x0800d424       0x80 ./Middlewares/Third_Party/FreeRTOS/Source/tasks.o
 .text.prvCheckTasksWaitingTermination
                0x0800d4a4       0x5c ./Middlewares/Third_Party/FreeRTOS/Source/tasks.o
 .text.prvDeleteTCB
                0x0800d500       0x6a ./Middlewares/Third_Party/FreeRTOS/Source/tasks.o
 *fill*         0x0800d56a        0x2 
 .text.prvResetNextTaskUnblockTime
                0x0800d56c       0x40 ./Middlewares/Third_Party/FreeRTOS/Source/tasks.o
 .text.xTaskGetSchedulerState
                0x0800d5ac       0x3c ./Middlewares/Third_Party/FreeRTOS/Source/tasks.o
                0x0800d5ac                xTaskGetSchedulerState
 .text.xTaskPriorityDisinherit
                0x0800d5e8       0xe0 ./Middlewares/Third_Party/FreeRTOS/Source/tasks.o
                0x0800d5e8                xTaskPriorityDisinherit
 .text.uxTaskResetEventItemValue
                0x0800d6c8       0x30 ./Middlewares/Third_Party/FreeRTOS/Source/tasks.o
                0x0800d6c8                uxTaskResetEventItemValue
 .text.prvAddCurrentTaskToDelayedList
                0x0800d6f8       0xa8 ./Middlewares/Third_Party/FreeRTOS/Source/tasks.o
 .text.xTimerCreateTimerTask
                0x0800d7a0       0x94 ./Middlewares/Third_Party/FreeRTOS/Source/timers.o
                0x0800d7a0                xTimerCreateTimerTask
 .text.xTimerGenericCommand
                0x0800d834       0x9c ./Middlewares/Third_Party/FreeRTOS/Source/timers.o
                0x0800d834                xTimerGenericCommand
 .text.prvProcessExpiredTimer
                0x0800d8d0       0x9c ./Middlewares/Third_Party/FreeRTOS/Source/timers.o
 .text.prvTimerTask
                0x0800d96c       0x26 ./Middlewares/Third_Party/FreeRTOS/Source/timers.o
 *fill*         0x0800d992        0x2 
 .text.prvProcessTimerOrBlockTask
                0x0800d994       0x9c ./Middlewares/Third_Party/FreeRTOS/Source/timers.o
 .text.prvGetNextExpireTime
                0x0800da30       0x48 ./Middlewares/Third_Party/FreeRTOS/Source/timers.o
 .text.prvSampleTimeNow
                0x0800da78       0x40 ./Middlewares/Third_Party/FreeRTOS/Source/timers.o
 .text.prvInsertTimerInActiveList
                0x0800dab8       0x84 ./Middlewares/Third_Party/FreeRTOS/Source/timers.o
 .text.prvProcessReceivedCommands
                0x0800db3c      0x1cc ./Middlewares/Third_Party/FreeRTOS/Source/timers.o
 .text.prvSwitchTimerLists
                0x0800dd08       0xcc ./Middlewares/Third_Party/FreeRTOS/Source/timers.o
 .text.prvCheckForValidListAndQueue
                0x0800ddd4       0x80 ./Middlewares/Third_Party/FreeRTOS/Source/timers.o
 .text.xTimerPendFunctionCallFromISR
                0x0800de54       0x40 ./Middlewares/Third_Party/FreeRTOS/Source/timers.o
                0x0800de54                xTimerPendFunctionCallFromISR
 .text.pxPortInitialiseStack
                0x0800de94       0x68 ./Middlewares/Third_Party/FreeRTOS/Source/portable/GCC/ARM_CM4F/port.o
                0x0800de94                pxPortInitialiseStack
 .text.prvTaskExitError
                0x0800defc       0x5c ./Middlewares/Third_Party/FreeRTOS/Source/portable/GCC/ARM_CM4F/port.o
 *fill*         0x0800df58        0x8 
 .text.SVC_Handler
                0x0800df60       0x28 ./Middlewares/Third_Party/FreeRTOS/Source/portable/GCC/ARM_CM4F/port.o
                0x0800df60                SVC_Handler
 .text.prvPortStartFirstTask
                0x0800df88       0x28 ./Middlewares/Third_Party/FreeRTOS/Source/portable/GCC/ARM_CM4F/port.o
 .text.xPortStartScheduler
                0x0800dfb0      0x148 ./Middlewares/Third_Party/FreeRTOS/Source/portable/GCC/ARM_CM4F/port.o
                0x0800dfb0                xPortStartScheduler
 .text.vPortEnterCritical
                0x0800e0f8       0x64 ./Middlewares/Third_Party/FreeRTOS/Source/portable/GCC/ARM_CM4F/port.o
                0x0800e0f8                vPortEnterCritical
 .text.vPortExitCritical
                0x0800e15c       0x54 ./Middlewares/Third_Party/FreeRTOS/Source/portable/GCC/ARM_CM4F/port.o
                0x0800e15c                vPortExitCritical
 .text.PendSV_Handler
                0x0800e1b0       0x68 ./Middlewares/Third_Party/FreeRTOS/Source/portable/GCC/ARM_CM4F/port.o
                0x0800e1b0                PendSV_Handler
 .text.xPortSysTickHandler
                0x0800e218       0x44 ./Middlewares/Third_Party/FreeRTOS/Source/portable/GCC/ARM_CM4F/port.o
                0x0800e218                xPortSysTickHandler
 .text.vPortSetupTimerInterrupt
                0x0800e25c       0x48 ./Middlewares/Third_Party/FreeRTOS/Source/portable/GCC/ARM_CM4F/port.o
                0x0800e25c                vPortSetupTimerInterrupt
 .text.vPortEnableVFP
                0x0800e2a4       0x14 ./Middlewares/Third_Party/FreeRTOS/Source/portable/GCC/ARM_CM4F/port.o
 .text.vPortValidateInterruptPriority
                0x0800e2b8       0x84 ./Middlewares/Third_Party/FreeRTOS/Source/portable/GCC/ARM_CM4F/port.o
                0x0800e2b8                vPortValidateInterruptPriority
 .text.pvPortMalloc
                0x0800e33c      0x19c ./Middlewares/Third_Party/FreeRTOS/Source/portable/MemMang/heap_4.o
                0x0800e33c                pvPortMalloc
 .text.vPortFree
                0x0800e4d8       0xc8 ./Middlewares/Third_Party/FreeRTOS/Source/portable/MemMang/heap_4.o
                0x0800e4d8                vPortFree
 .text.prvHeapInit
                0x0800e5a0       0xc4 ./Middlewares/Third_Party/FreeRTOS/Source/portable/MemMang/heap_4.o
 .text.prvInsertBlockIntoFreeList
                0x0800e664       0xb4 ./Middlewares/Third_Party/FreeRTOS/Source/portable/MemMang/heap_4.o
 .text.MX_USB_HOST_Init
                0x0800e718       0x4c ./USB_HOST/App/usb_host.o
                0x0800e718                MX_USB_HOST_Init
 .text.USBH_UserProcess
                0x0800e764       0x5c ./USB_HOST/App/usb_host.o
 .text.HAL_HCD_MspInit
                0x0800e7c0       0xec ./USB_HOST/Target/usbh_conf.o
                0x0800e7c0                HAL_HCD_MspInit
 .text.HAL_HCD_SOF_Callback
                0x0800e8ac       0x1c ./USB_HOST/Target/usbh_conf.o
                0x0800e8ac                HAL_HCD_SOF_Callback
 .text.HAL_HCD_Connect_Callback
                0x0800e8c8       0x1c ./USB_HOST/Target/usbh_conf.o
                0x0800e8c8                HAL_HCD_Connect_Callback
 .text.HAL_HCD_Disconnect_Callback
                0x0800e8e4       0x1c ./USB_HOST/Target/usbh_conf.o
                0x0800e8e4                HAL_HCD_Disconnect_Callback
 .text.HAL_HCD_HC_NotifyURBChange_Callback
                0x0800e900       0x24 ./USB_HOST/Target/usbh_conf.o
                0x0800e900                HAL_HCD_HC_NotifyURBChange_Callback
 .text.HAL_HCD_PortEnabled_Callback
                0x0800e924       0x1c ./USB_HOST/Target/usbh_conf.o
                0x0800e924                HAL_HCD_PortEnabled_Callback
 .text.HAL_HCD_PortDisabled_Callback
                0x0800e940       0x1c ./USB_HOST/Target/usbh_conf.o
                0x0800e940                HAL_HCD_PortDisabled_Callback
 .text.USBH_LL_Init
                0x0800e95c       0x78 ./USB_HOST/Target/usbh_conf.o
                0x0800e95c                USBH_LL_Init
 .text.USBH_LL_Start
                0x0800e9d4       0x36 ./USB_HOST/Target/usbh_conf.o
                0x0800e9d4                USBH_LL_Start
 .text.USBH_LL_Stop
                0x0800ea0a       0x36 ./USB_HOST/Target/usbh_conf.o
                0x0800ea0a                USBH_LL_Stop
 .text.USBH_LL_GetSpeed
                0x0800ea40       0x4e ./USB_HOST/Target/usbh_conf.o
                0x0800ea40                USBH_LL_GetSpeed
 .text.USBH_LL_ResetPort
                0x0800ea8e       0x36 ./USB_HOST/Target/usbh_conf.o
                0x0800ea8e                USBH_LL_ResetPort
 .text.USBH_LL_GetLastXferSize
                0x0800eac4       0x26 ./USB_HOST/Target/usbh_conf.o
                0x0800eac4                USBH_LL_GetLastXferSize
 .text.USBH_LL_OpenPipe
                0x0800eaea       0x5e ./USB_HOST/Target/usbh_conf.o
                0x0800eaea                USBH_LL_OpenPipe
 .text.USBH_LL_ClosePipe
                0x0800eb48       0x3e ./USB_HOST/Target/usbh_conf.o
                0x0800eb48                USBH_LL_ClosePipe
 .text.USBH_LL_SubmitURB
                0x0800eb86       0x62 ./USB_HOST/Target/usbh_conf.o
                0x0800eb86                USBH_LL_SubmitURB
 .text.USBH_LL_GetURBState
                0x0800ebe8       0x26 ./USB_HOST/Target/usbh_conf.o
                0x0800ebe8                USBH_LL_GetURBState
 .text.USBH_LL_DriverVBUS
                0x0800ec0e       0x2e ./USB_HOST/Target/usbh_conf.o
                0x0800ec0e                USBH_LL_DriverVBUS
 .text.USBH_LL_SetToggle
                0x0800ec3c       0x66 ./USB_HOST/Target/usbh_conf.o
                0x0800ec3c                USBH_LL_SetToggle
 .text.USBH_Delay
                0x0800eca2       0x16 ./USB_HOST/Target/usbh_conf.o
                0x0800eca2                USBH_Delay
 .text.USBH_Get_USB_Status
                0x0800ecb8       0x58 ./USB_HOST/Target/usbh_conf.o
                0x0800ecb8                USBH_Get_USB_Status
 .text.MX_DriverVbusFS
                0x0800ed10       0x38 ./USB_HOST/Target/usbh_platform.o
                0x0800ed10                MX_DriverVbusFS
 .text.malloc   0x0800ed48       0x10 C:/ST/STM32CubeIDE_1.16.0/STM32CubeIDE/plugins/com.st.stm32cube.ide.mcu.externaltools.gnu-tools-for-stm32.12.3.rel1.win32_1.0.200.202406191623/tools/bin/../lib/gcc/arm-none-eabi/12.3.1/../../../../arm-none-eabi/lib/thumb/v7e-m+fp/hard\libc_nano.a(libc_a-malloc.o)
                0x0800ed48                malloc
 .text.free     0x0800ed58       0x10 C:/ST/STM32CubeIDE_1.16.0/STM32CubeIDE/plugins/com.st.stm32cube.ide.mcu.externaltools.gnu-tools-for-stm32.12.3.rel1.win32_1.0.200.202406191623/tools/bin/../lib/gcc/arm-none-eabi/12.3.1/../../../../arm-none-eabi/lib/thumb/v7e-m+fp/hard\libc_nano.a(libc_a-malloc.o)
                0x0800ed58                free
 .text.sbrk_aligned
                0x0800ed68       0x44 C:/ST/STM32CubeIDE_1.16.0/STM32CubeIDE/plugins/com.st.stm32cube.ide.mcu.externaltools.gnu-tools-for-stm32.12.3.rel1.win32_1.0.200.202406191623/tools/bin/../lib/gcc/arm-none-eabi/12.3.1/../../../../arm-none-eabi/lib/thumb/v7e-m+fp/hard\libc_nano.a(libc_a-mallocr.o)
 .text._malloc_r
                0x0800edac      0x100 C:/ST/STM32CubeIDE_1.16.0/STM32CubeIDE/plugins/com.st.stm32cube.ide.mcu.externaltools.gnu-tools-for-stm32.12.3.rel1.win32_1.0.200.202406191623/tools/bin/../lib/gcc/arm-none-eabi/12.3.1/../../../../arm-none-eabi/lib/thumb/v7e-m+fp/hard\libc_nano.a(libc_a-mallocr.o)
                0x0800edac                _malloc_r
 .text.__malloc_lock
                0x0800eeac        0xc C:/ST/STM32CubeIDE_1.16.0/STM32CubeIDE/plugins/com.st.stm32cube.ide.mcu.externaltools.gnu-tools-for-stm32.12.3.rel1.win32_1.0.200.202406191623/tools/bin/../lib/gcc/arm-none-eabi/12.3.1/../../../../arm-none-eabi/lib/thumb/v7e-m+fp/hard\libc_nano.a(libc_a-mlock.o)
                0x0800eeac                __malloc_lock
 .text.__malloc_unlock
                0x0800eeb8        0xc C:/ST/STM32CubeIDE_1.16.0/STM32CubeIDE/plugins/com.st.stm32cube.ide.mcu.externaltools.gnu-tools-for-stm32.12.3.rel1.win32_1.0.200.202406191623/tools/bin/../lib/gcc/arm-none-eabi/12.3.1/../../../../arm-none-eabi/lib/thumb/v7e-m+fp/hard\libc_nano.a(libc_a-mlock.o)
                0x0800eeb8                __malloc_unlock
 .text.std      0x0800eec4       0x6c C:/ST/STM32CubeIDE_1.16.0/STM32CubeIDE/plugins/com.st.stm32cube.ide.mcu.externaltools.gnu-tools-for-stm32.12.3.rel1.win32_1.0.200.202406191623/tools/bin/../lib/gcc/arm-none-eabi/12.3.1/../../../../arm-none-eabi/lib/thumb/v7e-m+fp/hard\libc_nano.a(libc_a-findfp.o)
 .text.stdio_exit_handler
                0x0800ef30       0x18 C:/ST/STM32CubeIDE_1.16.0/STM32CubeIDE/plugins/com.st.stm32cube.ide.mcu.externaltools.gnu-tools-for-stm32.12.3.rel1.win32_1.0.200.202406191623/tools/bin/../lib/gcc/arm-none-eabi/12.3.1/../../../../arm-none-eabi/lib/thumb/v7e-m+fp/hard\libc_nano.a(libc_a-findfp.o)
 .text.cleanup_stdio
                0x0800ef48       0x40 C:/ST/STM32CubeIDE_1.16.0/STM32CubeIDE/plugins/com.st.stm32cube.ide.mcu.externaltools.gnu-tools-for-stm32.12.3.rel1.win32_1.0.200.202406191623/tools/bin/../lib/gcc/arm-none-eabi/12.3.1/../../../../arm-none-eabi/lib/thumb/v7e-m+fp/hard\libc_nano.a(libc_a-findfp.o)
 .text.global_stdio_init.part.0
                0x0800ef88       0x3c C:/ST/STM32CubeIDE_1.16.0/STM32CubeIDE/plugins/com.st.stm32cube.ide.mcu.externaltools.gnu-tools-for-stm32.12.3.rel1.win32_1.0.200.202406191623/tools/bin/../lib/gcc/arm-none-eabi/12.3.1/../../../../arm-none-eabi/lib/thumb/v7e-m+fp/hard\libc_nano.a(libc_a-findfp.o)
 .text.__sfp_lock_acquire
                0x0800efc4        0xc C:/ST/STM32CubeIDE_1.16.0/STM32CubeIDE/plugins/com.st.stm32cube.ide.mcu.externaltools.gnu-tools-for-stm32.12.3.rel1.win32_1.0.200.202406191623/tools/bin/../lib/gcc/arm-none-eabi/12.3.1/../../../../arm-none-eabi/lib/thumb/v7e-m+fp/hard\libc_nano.a(libc_a-findfp.o)
                0x0800efc4                __sfp_lock_acquire
 .text.__sfp_lock_release
                0x0800efd0        0xc C:/ST/STM32CubeIDE_1.16.0/STM32CubeIDE/plugins/com.st.stm32cube.ide.mcu.externaltools.gnu-tools-for-stm32.12.3.rel1.win32_1.0.200.202406191623/tools/bin/../lib/gcc/arm-none-eabi/12.3.1/../../../../arm-none-eabi/lib/thumb/v7e-m+fp/hard\libc_nano.a(libc_a-findfp.o)
                0x0800efd0                __sfp_lock_release
 .text.__sinit  0x0800efdc       0x30 C:/ST/STM32CubeIDE_1.16.0/STM32CubeIDE/plugins/com.st.stm32cube.ide.mcu.externaltools.gnu-tools-for-stm32.12.3.rel1.win32_1.0.200.202406191623/tools/bin/../lib/gcc/arm-none-eabi/12.3.1/../../../../arm-none-eabi/lib/thumb/v7e-m+fp/hard\libc_nano.a(libc_a-findfp.o)
                0x0800efdc                __sinit
 .text._fwalk_sglue
                0x0800f00c       0x3c C:/ST/STM32CubeIDE_1.16.0/STM32CubeIDE/plugins/com.st.stm32cube.ide.mcu.externaltools.gnu-tools-for-stm32.12.3.rel1.win32_1.0.200.202406191623/tools/bin/../lib/gcc/arm-none-eabi/12.3.1/../../../../arm-none-eabi/lib/thumb/v7e-m+fp/hard\libc_nano.a(libc_a-fwalk.o)
                0x0800f00c                _fwalk_sglue
 .text.printf   0x0800f048       0x24 C:/ST/STM32CubeIDE_1.16.0/STM32CubeIDE/plugins/com.st.stm32cube.ide.mcu.externaltools.gnu-tools-for-stm32.12.3.rel1.win32_1.0.200.202406191623/tools/bin/../lib/gcc/arm-none-eabi/12.3.1/../../../../arm-none-eabi/lib/thumb/v7e-m+fp/hard\libc_nano.a(libc_a-printf.o)
                0x0800f048                iprintf
                0x0800f048                printf
 .text.putchar  0x0800f06c       0x10 C:/ST/STM32CubeIDE_1.16.0/STM32CubeIDE/plugins/com.st.stm32cube.ide.mcu.externaltools.gnu-tools-for-stm32.12.3.rel1.win32_1.0.200.202406191623/tools/bin/../lib/gcc/arm-none-eabi/12.3.1/../../../../arm-none-eabi/lib/thumb/v7e-m+fp/hard\libc_nano.a(libc_a-putchar.o)
                0x0800f06c                putchar
 .text.__sread  0x0800f07c       0x22 C:/ST/STM32CubeIDE_1.16.0/STM32CubeIDE/plugins/com.st.stm32cube.ide.mcu.externaltools.gnu-tools-for-stm32.12.3.rel1.win32_1.0.200.202406191623/tools/bin/../lib/gcc/arm-none-eabi/12.3.1/../../../../arm-none-eabi/lib/thumb/v7e-m+fp/hard\libc_nano.a(libc_a-stdio.o)
                0x0800f07c                __sread
 .text.__swrite
                0x0800f09e       0x38 C:/ST/STM32CubeIDE_1.16.0/STM32CubeIDE/plugins/com.st.stm32cube.ide.mcu.externaltools.gnu-tools-for-stm32.12.3.rel1.win32_1.0.200.202406191623/tools/bin/../lib/gcc/arm-none-eabi/12.3.1/../../../../arm-none-eabi/lib/thumb/v7e-m+fp/hard\libc_nano.a(libc_a-stdio.o)
                0x0800f09e                __swrite
 .text.__sseek  0x0800f0d6       0x24 C:/ST/STM32CubeIDE_1.16.0/STM32CubeIDE/plugins/com.st.stm32cube.ide.mcu.externaltools.gnu-tools-for-stm32.12.3.rel1.win32_1.0.200.202406191623/tools/bin/../lib/gcc/arm-none-eabi/12.3.1/../../../../arm-none-eabi/lib/thumb/v7e-m+fp/hard\libc_nano.a(libc_a-stdio.o)
                0x0800f0d6                __sseek
 .text.__sclose
                0x0800f0fa        0x8 C:/ST/STM32CubeIDE_1.16.0/STM32CubeIDE/plugins/com.st.stm32cube.ide.mcu.externaltools.gnu-tools-for-stm32.12.3.rel1.win32_1.0.200.202406191623/tools/bin/../lib/gcc/arm-none-eabi/12.3.1/../../../../arm-none-eabi/lib/thumb/v7e-m+fp/hard\libc_nano.a(libc_a-stdio.o)
                0x0800f0fa                __sclose
 .text.memcmp   0x0800f102       0x20 C:/ST/STM32CubeIDE_1.16.0/STM32CubeIDE/plugins/com.st.stm32cube.ide.mcu.externaltools.gnu-tools-for-stm32.12.3.rel1.win32_1.0.200.202406191623/tools/bin/../lib/gcc/arm-none-eabi/12.3.1/../../../../arm-none-eabi/lib/thumb/v7e-m+fp/hard\libc_nano.a(libc_a-memcmp.o)
                0x0800f102                memcmp
 .text.memset   0x0800f122       0x10 C:/ST/STM32CubeIDE_1.16.0/STM32CubeIDE/plugins/com.st.stm32cube.ide.mcu.externaltools.gnu-tools-for-stm32.12.3.rel1.win32_1.0.200.202406191623/tools/bin/../lib/gcc/arm-none-eabi/12.3.1/../../../../arm-none-eabi/lib/thumb/v7e-m+fp/hard\libc_nano.a(libc_a-memset.o)
                0x0800f122                memset
 *fill*         0x0800f132        0x2 
 .text._close_r
                0x0800f134       0x20 C:/ST/STM32CubeIDE_1.16.0/STM32CubeIDE/plugins/com.st.stm32cube.ide.mcu.externaltools.gnu-tools-for-stm32.12.3.rel1.win32_1.0.200.202406191623/tools/bin/../lib/gcc/arm-none-eabi/12.3.1/../../../../arm-none-eabi/lib/thumb/v7e-m+fp/hard\libc_nano.a(libc_a-closer.o)
                0x0800f134                _close_r
 .text._reclaim_reent
                0x0800f154       0xac C:/ST/STM32CubeIDE_1.16.0/STM32CubeIDE/plugins/com.st.stm32cube.ide.mcu.externaltools.gnu-tools-for-stm32.12.3.rel1.win32_1.0.200.202406191623/tools/bin/../lib/gcc/arm-none-eabi/12.3.1/../../../../arm-none-eabi/lib/thumb/v7e-m+fp/hard\libc_nano.a(libc_a-reent.o)
                0x0800f154                _reclaim_reent
 .text._lseek_r
                0x0800f200       0x24 C:/ST/STM32CubeIDE_1.16.0/STM32CubeIDE/plugins/com.st.stm32cube.ide.mcu.externaltools.gnu-tools-for-stm32.12.3.rel1.win32_1.0.200.202406191623/tools/bin/../lib/gcc/arm-none-eabi/12.3.1/../../../../arm-none-eabi/lib/thumb/v7e-m+fp/hard\libc_nano.a(libc_a-lseekr.o)
                0x0800f200                _lseek_r
 .text._read_r  0x0800f224       0x24 C:/ST/STM32CubeIDE_1.16.0/STM32CubeIDE/plugins/com.st.stm32cube.ide.mcu.externaltools.gnu-tools-for-stm32.12.3.rel1.win32_1.0.200.202406191623/tools/bin/../lib/gcc/arm-none-eabi/12.3.1/../../../../arm-none-eabi/lib/thumb/v7e-m+fp/hard\libc_nano.a(libc_a-readr.o)
                0x0800f224                _read_r
 .text._sbrk_r  0x0800f248       0x20 C:/ST/STM32CubeIDE_1.16.0/STM32CubeIDE/plugins/com.st.stm32cube.ide.mcu.externaltools.gnu-tools-for-stm32.12.3.rel1.win32_1.0.200.202406191623/tools/bin/../lib/gcc/arm-none-eabi/12.3.1/../../../../arm-none-eabi/lib/thumb/v7e-m+fp/hard\libc_nano.a(libc_a-sbrkr.o)
                0x0800f248                _sbrk_r
 .text._write_r
                0x0800f268       0x24 C:/ST/STM32CubeIDE_1.16.0/STM32CubeIDE/plugins/com.st.stm32cube.ide.mcu.externaltools.gnu-tools-for-stm32.12.3.rel1.win32_1.0.200.202406191623/tools/bin/../lib/gcc/arm-none-eabi/12.3.1/../../../../arm-none-eabi/lib/thumb/v7e-m+fp/hard\libc_nano.a(libc_a-writer.o)
                0x0800f268                _write_r
 .text.__errno  0x0800f28c        0xc C:/ST/STM32CubeIDE_1.16.0/STM32CubeIDE/plugins/com.st.stm32cube.ide.mcu.externaltools.gnu-tools-for-stm32.12.3.rel1.win32_1.0.200.202406191623/tools/bin/../lib/gcc/arm-none-eabi/12.3.1/../../../../arm-none-eabi/lib/thumb/v7e-m+fp/hard\libc_nano.a(libc_a-errno.o)
                0x0800f28c                __errno
 .text.__libc_init_array
                0x0800f298       0x48 C:/ST/STM32CubeIDE_1.16.0/STM32CubeIDE/plugins/com.st.stm32cube.ide.mcu.externaltools.gnu-tools-for-stm32.12.3.rel1.win32_1.0.200.202406191623/tools/bin/../lib/gcc/arm-none-eabi/12.3.1/../../../../arm-none-eabi/lib/thumb/v7e-m+fp/hard\libc_nano.a(libc_a-init.o)
                0x0800f298                __libc_init_array
 .text.__retarget_lock_init_recursive
                0x0800f2e0        0x2 C:/ST/STM32CubeIDE_1.16.0/STM32CubeIDE/plugins/com.st.stm32cube.ide.mcu.externaltools.gnu-tools-for-stm32.12.3.rel1.win32_1.0.200.202406191623/tools/bin/../lib/gcc/arm-none-eabi/12.3.1/../../../../arm-none-eabi/lib/thumb/v7e-m+fp/hard\libc_nano.a(libc_a-lock.o)
                0x0800f2e0                __retarget_lock_init_recursive
 .text.__retarget_lock_acquire_recursive
                0x0800f2e2        0x2 C:/ST/STM32CubeIDE_1.16.0/STM32CubeIDE/plugins/com.st.stm32cube.ide.mcu.externaltools.gnu-tools-for-stm32.12.3.rel1.win32_1.0.200.202406191623/tools/bin/../lib/gcc/arm-none-eabi/12.3.1/../../../../arm-none-eabi/lib/thumb/v7e-m+fp/hard\libc_nano.a(libc_a-lock.o)
                0x0800f2e2                __retarget_lock_acquire_recursive
 .text.__retarget_lock_release_recursive
                0x0800f2e4        0x2 C:/ST/STM32CubeIDE_1.16.0/STM32CubeIDE/plugins/com.st.stm32cube.ide.mcu.externaltools.gnu-tools-for-stm32.12.3.rel1.win32_1.0.200.202406191623/tools/bin/../lib/gcc/arm-none-eabi/12.3.1/../../../../arm-none-eabi/lib/thumb/v7e-m+fp/hard\libc_nano.a(libc_a-lock.o)
                0x0800f2e4                __retarget_lock_release_recursive
 .text.memcpy   0x0800f2e6       0x1c C:/ST/STM32CubeIDE_1.16.0/STM32CubeIDE/plugins/com.st.stm32cube.ide.mcu.externaltools.gnu-tools-for-stm32.12.3.rel1.win32_1.0.200.202406191623/tools/bin/../lib/gcc/arm-none-eabi/12.3.1/../../../../arm-none-eabi/lib/thumb/v7e-m+fp/hard\libc_nano.a(libc_a-memcpy-stub.o)
                0x0800f2e6                memcpy
 *fill*         0x0800f302        0x2 
 .text._free_r  0x0800f304       0x94 C:/ST/STM32CubeIDE_1.16.0/STM32CubeIDE/plugins/com.st.stm32cube.ide.mcu.externaltools.gnu-tools-for-stm32.12.3.rel1.win32_1.0.200.202406191623/tools/bin/../lib/gcc/arm-none-eabi/12.3.1/../../../../arm-none-eabi/lib/thumb/v7e-m+fp/hard\libc_nano.a(libc_a-freer.o)
                0x0800f304                _free_r
 .text.__sfputc_r
                0x0800f398       0x2e C:/ST/STM32CubeIDE_1.16.0/STM32CubeIDE/plugins/com.st.stm32cube.ide.mcu.externaltools.gnu-tools-for-stm32.12.3.rel1.win32_1.0.200.202406191623/tools/bin/../lib/gcc/arm-none-eabi/12.3.1/../../../../arm-none-eabi/lib/thumb/v7e-m+fp/hard\libc_nano.a(libc_a-nano-vfprintf.o)
 .text.__sfputs_r
                0x0800f3c6       0x24 C:/ST/STM32CubeIDE_1.16.0/STM32CubeIDE/plugins/com.st.stm32cube.ide.mcu.externaltools.gnu-tools-for-stm32.12.3.rel1.win32_1.0.200.202406191623/tools/bin/../lib/gcc/arm-none-eabi/12.3.1/../../../../arm-none-eabi/lib/thumb/v7e-m+fp/hard\libc_nano.a(libc_a-nano-vfprintf.o)
                0x0800f3c6                __sfputs_r
 *fill*         0x0800f3ea        0x2 
 .text._vfprintf_r
                0x0800f3ec      0x230 C:/ST/STM32CubeIDE_1.16.0/STM32CubeIDE/plugins/com.st.stm32cube.ide.mcu.externaltools.gnu-tools-for-stm32.12.3.rel1.win32_1.0.200.202406191623/tools/bin/../lib/gcc/arm-none-eabi/12.3.1/../../../../arm-none-eabi/lib/thumb/v7e-m+fp/hard\libc_nano.a(libc_a-nano-vfprintf.o)
                0x0800f3ec                _vfprintf_r
                0x0800f3ec                _vfiprintf_r
 .text._printf_common
                0x0800f61c       0xda C:/ST/STM32CubeIDE_1.16.0/STM32CubeIDE/plugins/com.st.stm32cube.ide.mcu.externaltools.gnu-tools-for-stm32.12.3.rel1.win32_1.0.200.202406191623/tools/bin/../lib/gcc/arm-none-eabi/12.3.1/../../../../arm-none-eabi/lib/thumb/v7e-m+fp/hard\libc_nano.a(libc_a-nano-vfprintf_i.o)
                0x0800f61c                _printf_common
 *fill*         0x0800f6f6        0x2 
 .text._printf_i
                0x0800f6f8      0x240 C:/ST/STM32CubeIDE_1.16.0/STM32CubeIDE/plugins/com.st.stm32cube.ide.mcu.externaltools.gnu-tools-for-stm32.12.3.rel1.win32_1.0.200.202406191623/tools/bin/../lib/gcc/arm-none-eabi/12.3.1/../../../../arm-none-eabi/lib/thumb/v7e-m+fp/hard\libc_nano.a(libc_a-nano-vfprintf_i.o)
                0x0800f6f8                _printf_i
 .text.__sflush_r
                0x0800f938      0x108 C:/ST/STM32CubeIDE_1.16.0/STM32CubeIDE/plugins/com.st.stm32cube.ide.mcu.externaltools.gnu-tools-for-stm32.12.3.rel1.win32_1.0.200.202406191623/tools/bin/../lib/gcc/arm-none-eabi/12.3.1/../../../../arm-none-eabi/lib/thumb/v7e-m+fp/hard\libc_nano.a(libc_a-fflush.o)
                0x0800f938                __sflush_r
 .text._fflush_r
                0x0800fa40       0x50 C:/ST/STM32CubeIDE_1.16.0/STM32CubeIDE/plugins/com.st.stm32cube.ide.mcu.externaltools.gnu-tools-for-stm32.12.3.rel1.win32_1.0.200.202406191623/tools/bin/../lib/gcc/arm-none-eabi/12.3.1/../../../../arm-none-eabi/lib/thumb/v7e-m+fp/hard\libc_nano.a(libc_a-fflush.o)
                0x0800fa40                _fflush_r
 .text._putc_r  0x0800fa90       0x68 C:/ST/STM32CubeIDE_1.16.0/STM32CubeIDE/plugins/com.st.stm32cube.ide.mcu.externaltools.gnu-tools-for-stm32.12.3.rel1.win32_1.0.200.202406191623/tools/bin/../lib/gcc/arm-none-eabi/12.3.1/../../../../arm-none-eabi/lib/thumb/v7e-m+fp/hard\libc_nano.a(libc_a-putc.o)
                0x0800fa90                _putc_r
 .text.__swbuf_r
                0x0800faf8       0x7c C:/ST/STM32CubeIDE_1.16.0/STM32CubeIDE/plugins/com.st.stm32cube.ide.mcu.externaltools.gnu-tools-for-stm32.12.3.rel1.win32_1.0.200.202406191623/tools/bin/../lib/gcc/arm-none-eabi/12.3.1/../../../../arm-none-eabi/lib/thumb/v7e-m+fp/hard\libc_nano.a(libc_a-wbuf.o)
                0x0800faf8                __swbuf_r
 .text.__swsetup_r
                0x0800fb74       0xac C:/ST/STM32CubeIDE_1.16.0/STM32CubeIDE/plugins/com.st.stm32cube.ide.mcu.externaltools.gnu-tools-for-stm32.12.3.rel1.win32_1.0.200.202406191623/tools/bin/../lib/gcc/arm-none-eabi/12.3.1/../../../../arm-none-eabi/lib/thumb/v7e-m+fp/hard\libc_nano.a(libc_a-wsetup.o)
                0x0800fb74                __swsetup_r
 .text.__swhatbuf_r
                0x0800fc20       0x4c C:/ST/STM32CubeIDE_1.16.0/STM32CubeIDE/plugins/com.st.stm32cube.ide.mcu.externaltools.gnu-tools-for-stm32.12.3.rel1.win32_1.0.200.202406191623/tools/bin/../lib/gcc/arm-none-eabi/12.3.1/../../../../arm-none-eabi/lib/thumb/v7e-m+fp/hard\libc_nano.a(libc_a-makebuf.o)
                0x0800fc20                __swhatbuf_r
 .text.__smakebuf_r
                0x0800fc6c       0x78 C:/ST/STM32CubeIDE_1.16.0/STM32CubeIDE/plugins/com.st.stm32cube.ide.mcu.externaltools.gnu-tools-for-stm32.12.3.rel1.win32_1.0.200.202406191623/tools/bin/../lib/gcc/arm-none-eabi/12.3.1/../../../../arm-none-eabi/lib/thumb/v7e-m+fp/hard\libc_nano.a(libc_a-makebuf.o)
                0x0800fc6c                __smakebuf_r
 .text._fstat_r
                0x0800fce4       0x24 C:/ST/STM32CubeIDE_1.16.0/STM32CubeIDE/plugins/com.st.stm32cube.ide.mcu.externaltools.gnu-tools-for-stm32.12.3.rel1.win32_1.0.200.202406191623/tools/bin/../lib/gcc/arm-none-eabi/12.3.1/../../../../arm-none-eabi/lib/thumb/v7e-m+fp/hard\libc_nano.a(libc_a-fstatr.o)
                0x0800fce4                _fstat_r
 .text._isatty_r
                0x0800fd08       0x20 C:/ST/STM32CubeIDE_1.16.0/STM32CubeIDE/plugins/com.st.stm32cube.ide.mcu.externaltools.gnu-tools-for-stm32.12.3.rel1.win32_1.0.200.202406191623/tools/bin/../lib/gcc/arm-none-eabi/12.3.1/../../../../arm-none-eabi/lib/thumb/v7e-m+fp/hard\libc_nano.a(libc_a-isattyr.o)
                0x0800fd08                _isatty_r
 *(.glue_7)
 .glue_7        0x0800fd28        0x0 linker stubs
 *(.glue_7t)
 .glue_7t       0x0800fd28        0x0 linker stubs
 *(.eh_frame)
 .eh_frame      0x0800fd28        0x0 C:/ST/STM32CubeIDE_1.16.0/STM32CubeIDE/plugins/com.st.stm32cube.ide.mcu.externaltools.gnu-tools-for-stm32.12.3.rel1.win32_1.0.200.202406191623/tools/bin/../lib/gcc/arm-none-eabi/12.3.1/thumb/v7e-m+fp/hard/crtbegin.o
 *(.init)
 .init          0x0800fd28        0x4 C:/ST/STM32CubeIDE_1.16.0/STM32CubeIDE/plugins/com.st.stm32cube.ide.mcu.externaltools.gnu-tools-for-stm32.12.3.rel1.win32_1.0.200.202406191623/tools/bin/../lib/gcc/arm-none-eabi/12.3.1/thumb/v7e-m+fp/hard/crti.o
                0x0800fd28                _init
 .init          0x0800fd2c        0x8 C:/ST/STM32CubeIDE_1.16.0/STM32CubeIDE/plugins/com.st.stm32cube.ide.mcu.externaltools.gnu-tools-for-stm32.12.3.rel1.win32_1.0.200.202406191623/tools/bin/../lib/gcc/arm-none-eabi/12.3.1/thumb/v7e-m+fp/hard/crtn.o
 *(.fini)
 .fini          0x0800fd34        0x4 C:/ST/STM32CubeIDE_1.16.0/STM32CubeIDE/plugins/com.st.stm32cube.ide.mcu.externaltools.gnu-tools-for-stm32.12.3.rel1.win32_1.0.200.202406191623/tools/bin/../lib/gcc/arm-none-eabi/12.3.1/thumb/v7e-m+fp/hard/crti.o
                0x0800fd34                _fini
 .fini          0x0800fd38        0x8 C:/ST/STM32CubeIDE_1.16.0/STM32CubeIDE/plugins/com.st.stm32cube.ide.mcu.externaltools.gnu-tools-for-stm32.12.3.rel1.win32_1.0.200.202406191623/tools/bin/../lib/gcc/arm-none-eabi/12.3.1/thumb/v7e-m+fp/hard/crtn.o
                0x0800fd40                        . = ALIGN (0x4)
                0x0800fd40                        _etext = .

.vfp11_veneer   0x0800fd40        0x0
 .vfp11_veneer  0x0800fd40        0x0 linker stubs

.v4_bx          0x0800fd40        0x0
 .v4_bx         0x0800fd40        0x0 linker stubs

.iplt           0x0800fd40        0x0
 .iplt          0x0800fd40        0x0 C:/ST/STM32CubeIDE_1.16.0/STM32CubeIDE/plugins/com.st.stm32cube.ide.mcu.externaltools.gnu-tools-for-stm32.12.3.rel1.win32_1.0.200.202406191623/tools/bin/../lib/gcc/arm-none-eabi/12.3.1/thumb/v7e-m+fp/hard/crtbegin.o

.rodata         0x0800fd40      0x548
                0x0800fd40                        . = ALIGN (0x4)
 *(.rodata)
 .rodata        0x0800fd40       0x71 ./Core/Src/main.o
 *fill*         0x0800fdb1        0x3 
 .rodata        0x0800fdb4       0x9c ./Middlewares/ST/STM32_USB_Host_Library/Class/HID/Src/usbh_hid.o
 .rodata        0x0800fe50      0x2d4 ./Middlewares/ST/STM32_USB_Host_Library/Core/Src/usbh_core.o
 .rodata        0x08010124        0x5 ./Middlewares/Third_Party/FreeRTOS/Source/tasks.o
 *fill*         0x08010129        0x3 
 .rodata        0x0801012c        0xd ./Middlewares/Third_Party/FreeRTOS/Source/timers.o
 *(.rodata*)
 *fill*         0x08010139        0x3 
 .rodata.defaultTask_attributes
                0x0801013c       0x24 ./Core/Src/main.o
                0x0801013c                defaultTask_attributes
 .rodata.UartRx_attributes
                0x08010160       0x24 ./Core/Src/main.o
                0x08010160                UartRx_attributes
 .rodata.controlMotor1_attributes
                0x08010184       0x24 ./Core/Src/main.o
                0x08010184                controlMotor1_attributes
 .rodata.controlMotor2_attributes
                0x080101a8       0x24 ./Core/Src/main.o
                0x080101a8                controlMotor2_attributes
 .rodata.controlMotor3_attributes
                0x080101cc       0x24 ./Core/Src/main.o
                0x080101cc                controlMotor3_attributes
 .rodata.controlMotor4_attributes
                0x080101f0       0x24 ./Core/Src/main.o
                0x080101f0                controlMotor4_attributes
 .rodata.rxQueue_attributes
                0x08010214       0x18 ./Core/Src/main.o
                0x08010214                rxQueue_attributes
 .rodata.triggerMotor1Control_attributes
                0x0801022c       0x10 ./Core/Src/main.o
                0x0801022c                triggerMotor1Control_attributes
 .rodata.AHBPrescTable
                0x0801023c       0x10 ./Core/Src/system_stm32f4xx.o
                0x0801023c                AHBPrescTable
 .rodata.APBPrescTable
                0x0801024c        0x8 ./Core/Src/system_stm32f4xx.o
                0x0801024c                APBPrescTable
 .rodata._vfprintf_r.str1.1
                0x08010254       0x11 C:/ST/STM32CubeIDE_1.16.0/STM32CubeIDE/plugins/com.st.stm32cube.ide.mcu.externaltools.gnu-tools-for-stm32.12.3.rel1.win32_1.0.200.202406191623/tools/bin/../lib/gcc/arm-none-eabi/12.3.1/../../../../arm-none-eabi/lib/thumb/v7e-m+fp/hard\libc_nano.a(libc_a-nano-vfprintf.o)
 .rodata._printf_i.str1.1
                0x08010265       0x22 C:/ST/STM32CubeIDE_1.16.0/STM32CubeIDE/plugins/com.st.stm32cube.ide.mcu.externaltools.gnu-tools-for-stm32.12.3.rel1.win32_1.0.200.202406191623/tools/bin/../lib/gcc/arm-none-eabi/12.3.1/../../../../arm-none-eabi/lib/thumb/v7e-m+fp/hard\libc_nano.a(libc_a-nano-vfprintf_i.o)
                0x08010288                        . = ALIGN (0x4)
 *fill*         0x08010287        0x1 

.ARM.extab      0x08010288        0x0
                0x08010288                        . = ALIGN (0x4)
 *(.ARM.extab* .gnu.linkonce.armextab.*)
                0x08010288                        . = ALIGN (0x4)

.ARM            0x08010288        0x8
                0x08010288                        . = ALIGN (0x4)
                0x08010288                        __exidx_start = .
 *(.ARM.exidx*)
 .ARM.exidx     0x08010288        0x8 C:/ST/STM32CubeIDE_1.16.0/STM32CubeIDE/plugins/com.st.stm32cube.ide.mcu.externaltools.gnu-tools-for-stm32.12.3.rel1.win32_1.0.200.202406191623/tools/bin/../lib/gcc/arm-none-eabi/12.3.1/../../../../arm-none-eabi/lib/thumb/v7e-m+fp/hard\libc_nano.a(libc_a-memchr.o)
 .ARM.exidx     0x08010290        0x0 C:/ST/STM32CubeIDE_1.16.0/STM32CubeIDE/plugins/com.st.stm32cube.ide.mcu.externaltools.gnu-tools-for-stm32.12.3.rel1.win32_1.0.200.202406191623/tools/bin/../lib/gcc/arm-none-eabi/12.3.1/thumb/v7e-m+fp/hard\libgcc.a(_udivmoddi4.o)
                                  0x8 (size before relaxing)
                0x08010290                        __exidx_end = .
                0x08010290                        . = ALIGN (0x4)

.preinit_array  0x08010290        0x0
                0x08010290                        . = ALIGN (0x4)
                0x08010290                        PROVIDE (__preinit_array_start = .)
 *(.preinit_array*)
                0x08010290                        PROVIDE (__preinit_array_end = .)
                0x08010290                        . = ALIGN (0x4)

.init_array     0x08010290        0x4
                0x08010290                        . = ALIGN (0x4)
                0x08010290                        PROVIDE (__init_array_start = .)
 *(SORT_BY_NAME(.init_array.*))
 *(.init_array*)
 .init_array    0x08010290        0x4 C:/ST/STM32CubeIDE_1.16.0/STM32CubeIDE/plugins/com.st.stm32cube.ide.mcu.externaltools.gnu-tools-for-stm32.12.3.rel1.win32_1.0.200.202406191623/tools/bin/../lib/gcc/arm-none-eabi/12.3.1/thumb/v7e-m+fp/hard/crtbegin.o
                0x08010294                        PROVIDE (__init_array_end = .)
                0x08010294                        . = ALIGN (0x4)

.fini_array     0x08010294        0x4
                0x08010294                        . = ALIGN (0x4)
                [!provide]                        PROVIDE (__fini_array_start = .)
 *(SORT_BY_NAME(.fini_array.*))
 *(.fini_array*)