../Middlewares/ST/STM32_USB_Host_Library/Class/HID/Src/usbh_hid.c:141:27:USBH_HID_InterfaceInit	56	static
../Middlewares/ST/STM32_USB_Host_Library/Class/HID/Src/usbh_hid.c:257:27:USBH_HID_GenericInit	32	static
../Middlewares/ST/STM32_USB_Host_Library/Class/HID/Src/usbh_hid.c:294:27:USBH_HID_InterfaceDeInit	24	static
../Middlewares/ST/STM32_USB_Host_Library/Class/HID/Src/usbh_hid.c:328:27:USBH_HID_ClassRequest	24	static
../Middlewares/ST/STM32_USB_Host_Library/Class/HID/Src/usbh_hid.c:421:27:USBH_HID_Process	40	static
../Middlewares/ST/STM32_USB_Host_Library/Class/HID/Src/usbh_hid.c:562:27:USBH_HID_SOFProcess	24	static
../Middlewares/ST/STM32_USB_Host_Library/Class/HID/Src/usbh_hid.c:593:20:USBH_HID_GetHIDReportDescriptor	32	static
../Middlewares/ST/STM32_USB_Host_Library/Class/HID/Src/usbh_hid.c:629:20:USBH_HID_GetHIDDescriptor	32	static
../Middlewares/ST/STM32_USB_Host_Library/Class/HID/Src/usbh_hid.c:657:20:USBH_HID_SetIdle	16	static
../Middlewares/ST/STM32_USB_Host_Library/Class/HID/Src/usbh_hid.c:686:20:USBH_HID_SetReport	24	static
../Middlewares/ST/STM32_USB_Host_Library/Class/HID/Src/usbh_hid.c:717:20:USBH_HID_GetReport	24	static
../Middlewares/ST/STM32_USB_Host_Library/Class/HID/Src/usbh_hid.c:744:20:USBH_HID_SetProtocol	16	static
../Middlewares/ST/STM32_USB_Host_Library/Class/HID/Src/usbh_hid.c:774:13:USBH_HID_ParseHIDDesc	24	static
../Middlewares/ST/STM32_USB_Host_Library/Class/HID/Src/usbh_hid.c:811:17:USBH_HID_GetDeviceType	24	static
../Middlewares/ST/STM32_USB_Host_Library/Class/HID/Src/usbh_hid.c:841:9:USBH_HID_GetPollInterval	24	static
../Middlewares/ST/STM32_USB_Host_Library/Class/HID/Src/usbh_hid.c:866:6:USBH_HID_FifoInit	24	static
../Middlewares/ST/STM32_USB_Host_Library/Class/HID/Src/usbh_hid.c:883:10:USBH_HID_FifoRead	32	static
../Middlewares/ST/STM32_USB_Host_Library/Class/HID/Src/usbh_hid.c:927:10:USBH_HID_FifoWrite	32	static
../Middlewares/ST/STM32_USB_Host_Library/Class/HID/Src/usbh_hid.c:964:10:USBH_HID_GetReportData	32	static
../Middlewares/ST/STM32_USB_Host_Library/Class/HID/Src/usbh_hid.c:1004:13:USBH_HID_EventCallback	16	static
