../Core/Src/main.c:157:6:USBH_HID_EventCallback	2
../Core/Src/main.c:178:5:main	1
../Core/Src/main.c:282:6:SystemClock_Config	3
../Core/Src/main.c:329:13:MX_TIM3_Init	6
../Core/Src/main.c:388:13:MX_USART3_UART_Init	2
../Core/Src/main.c:421:13:MX_GPIO_Init	1
../Core/Src/main.c:528:6:HAL_UART_RxCpltCallback	1
../Core/Src/main.c:536:6:StartDefaultTask	1
../Core/Src/main.c:565:6:uartRxDataManagement	14
../Core/Src/main.c:638:6:controlMotor1Task	3
../Core/Src/main.c:672:6:controlMotor2Task	3
../Core/Src/main.c:713:6:controlMotor3Task	3
../Core/Src/main.c:744:6:funcM4	3
../Core/Src/main.c:758:6:controlMotor4Task	1
../Core/Src/main.c:803:6:HAL_TIM_PeriodElapsedCallback	2
../Core/Src/main.c:820:6:Error_Handler	1
