../Core/Src/main.c:290:6:USBH_HID_EventCallback	88	static
../Core/Src/main.c:309:6:pushEventIntoQueue	16	static
../Core/Src/main.c:314:6:checkDifferencesInJoySticks	16	static
../Core/Src/main.c:352:5:main	8	static
../Core/Src/main.c:462:6:SystemClock_Config	88	static
../Core/Src/main.c:509:13:MX_TIM3_Init	64	static
../Core/Src/main.c:568:13:MX_USART3_UART_Init	8	static
../Core/Src/main.c:601:13:MX_GPIO_Init	56	static
../Core/Src/main.c:708:6:HAL_UART_RxCpltCallback	16	static
../Core/Src/main.c:716:6:StartDefaultTask	16	static
../Core/Src/main.c:745:6:uartRxDataManagement	16	static
../Core/Src/main.c:820:6:controlMotor1Task	16	static
../Core/Src/main.c:854:6:controlMotor2Task	16	static
../Core/Src/main.c:895:6:controlMotor3Task	16	static
../Core/Src/main.c:926:6:funcM4	8	static
../Core/Src/main.c:940:6:controlMotor4Task	16	static
../Core/Src/main.c:964:6:StartInputChangeTask	24	static
../Core/Src/main.c:1013:6:HAL_TIM_PeriodElapsedCallback	16	static
../Core/Src/main.c:1030:6:Error_Handler	4	static,ignoring_inline_asm
