../Core/Src/main.c:130:6:USBH_HID_EventCallback	2
../Core/Src/main.c:155:5:main	1
../Core/Src/main.c:259:6:SystemClock_Config	3
../Core/Src/main.c:306:13:MX_TIM3_Init	6
../Core/Src/main.c:365:13:MX_USART3_UART_Init	2
../Core/Src/main.c:398:13:MX_GPIO_Init	1
../Core/Src/main.c:505:6:HAL_UART_RxCpltCallback	1
../Core/Src/main.c:513:6:StartDefaultTask	1
../Core/Src/main.c:542:6:uartRxDataManagement	14
../Core/Src/main.c:615:6:controlMotor1Task	3
../Core/Src/main.c:649:6:controlMotor2Task	3
../Core/Src/main.c:690:6:controlMotor3Task	3
../Core/Src/main.c:721:6:funcM4	3
../Core/Src/main.c:735:6:controlMotor4Task	1
../Core/Src/main.c:780:6:HAL_TIM_PeriodElapsedCallback	2
../Core/Src/main.c:797:6:Error_Handler	1
